2026_08_04-13:54:39 [D] [<UNNAME>] start init ...
2026_08_04-13:54:39 [D] [<UNNAME>] gmrL3NIiUe7mk2Gv/LbZv6yPs4w+JnpQgKIKDn8/FR/nYMKfKnR93t2jd9VY4qaRhwq9bJUmJ9BN4RYuKnOxUfY=
2026_08_04-13:54:39 [I] [client] socket connect = 1 kConnecting = 0 kConnected = 1 kDisconnecting = 2 kDisconnected = 3
2026_08_04-13:54:39 [W] [manage-CreateClient] 需要创建client Index = 1
2026_08_04-13:54:39 [D] [<UNNAME>] Connection::kConnected
2026_08_04-13:54:39 [W] [analysis] RxFlg.store(1)---serial_number = 0 check_sn = 0
2026_08_04-13:54:39 [W] [analysis] cv通知下发---serial_number = 0 check_sn = 0
2026_08_04-13:54:39 [D] [manage-listenClient] 还未授权成功，请求中
2026_08_04-13:54:39 [D] [<UNNAME>] Connection::kConnected
2026_08_04-13:54:39 [W] [manage-CreateClient] 需要创建client Index = 2
2026_08_04-13:54:39 [W] [analysis] RxFlg.store(1)---serial_number = 1 check_sn = 1
2026_08_04-13:54:39 [W] [analysis] cv通知下发---serial_number = 1 check_sn = 1
2026_08_04-13:54:39 [E] [analysis] [auth=0]:未授权
2026_08_04-13:54:39 [E] [analysis] [auth=0]:未授权
2026_08_04-13:54:39 [D] [manage-listenClient] Random: bxMjTE..., VIN: HTWW312510A000123
2026_08_04-13:54:39 [I] [manage-listenClient] License verified successfully for VIN: HTWW312510A000123
2026_08_04-13:54:39 [D] [manage-listenClient] License valid until: 2026-10-15 10:12:20
2026_08_04-13:54:39 [I] [manage-listenClient] License verified successfully for expiry: 1A0A0F0A0C14
2026_08_04-13:54:40 [D] [<UNNAME>] Connection::kConnected
2026_08_04-13:54:40 [W] [analysis] RxFlg.store(1)---serial_number = 2 check_sn = 2
2026_08_04-13:54:40 [W] [analysis] cv通知下发---serial_number = 2 check_sn = 2
2026_08_04-13:54:40 [D] [<UNNAME>] brake_ctrl=1
2026_08_04-13:54:44 [W] [manage-listenClient] 发送心跳
2026_08_04-13:54:49 [W] [manage-listenClient] 发送心跳
2026_08_04-13:54:54 [W] [manage-listenClient] 发送心跳
2026_08_04-13:54:59 [W] [manage-listenClient] 发送心跳
2026_08_04-13:55:04 [W] [manage-listenClient] 发送心跳
2026_08_04-13:55:09 [W] [manage-listenClient] 发送心跳
2026_08_04-13:55:14 [W] [manage-listenClient] 发送心跳
2026_08_04-13:55:19 [W] [manage-listenClient] 发送心跳
2026_08_04-13:55:24 [W] [manage-listenClient] 发送心跳
2026_08_04-13:55:29 [W] [manage-listenClient] 发送心跳
2026_08_04-13:55:34 [W] [manage-listenClient] 发送心跳
2026_08_04-13:55:39 [W] [manage-listenClient] 发送心跳
2026_08_04-13:55:44 [W] [manage-listenClient] 发送心跳
2026_08_04-13:55:49 [W] [manage-listenClient] 发送心跳
2026_08_04-13:55:54 [W] [manage-listenClient] 发送心跳
2026_08_04-13:55:59 [W] [manage-listenClient] 发送心跳
2026_08_04-13:56:04 [W] [manage-listenClient] 发送心跳
2026_08_04-13:56:09 [W] [manage-listenClient] 发送心跳
2026_08_04-13:56:14 [W] [manage-listenClient] 发送心跳
2026_08_04-13:56:19 [W] [manage-listenClient] 发送心跳
2026_08_04-13:56:24 [W] [manage-listenClient] 发送心跳
2026_08_04-13:56:29 [W] [manage-listenClient] 发送心跳
2026_08_04-13:56:34 [W] [manage-listenClient] 发送心跳
2026_08_04-13:56:39 [W] [manage-listenClient] 发送心跳
2026_08_04-13:56:44 [W] [manage-listenClient] 发送心跳
2026_08_04-13:56:49 [W] [manage-listenClient] 发送心跳
2026_08_04-13:56:54 [W] [manage-listenClient] 发送心跳
2026_08_04-13:56:59 [W] [manage-listenClient] 发送心跳
2026_08_04-13:57:04 [W] [manage-listenClient] 发送心跳
2026_08_04-13:57:09 [W] [manage-listenClient] 发送心跳
2026_08_04-13:57:14 [W] [manage-listenClient] 发送心跳
2026_08_04-13:57:19 [W] [manage-listenClient] 发送心跳
2026_08_04-13:57:24 [W] [manage-listenClient] 发送心跳
2026_08_04-13:57:29 [W] [manage-listenClient] 发送心跳
2026_08_04-13:57:34 [W] [manage-listenClient] 发送心跳
2026_08_04-13:57:39 [W] [manage-listenClient] 发送心跳
2026_08_04-13:57:44 [W] [manage-listenClient] 发送心跳
2026_08_04-13:57:49 [W] [manage-listenClient] 发送心跳
2026_08_04-13:57:54 [W] [manage-listenClient] 发送心跳
2026_08_04-13:57:59 [W] [manage-listenClient] 发送心跳
2026_08_04-13:58:04 [W] [manage-listenClient] 发送心跳
2026_08_04-13:58:09 [W] [manage-listenClient] 发送心跳
2026_08_04-13:58:14 [W] [manage-listenClient] 发送心跳
2026_08_04-13:58:19 [W] [manage-listenClient] 发送心跳
2026_08_04-13:58:24 [W] [manage-listenClient] 发送心跳
2026_08_04-13:58:29 [W] [manage-listenClient] 发送心跳
2026_08_04-13:58:34 [W] [manage-listenClient] 发送心跳
2026_08_04-13:58:39 [W] [manage-listenClient] 发送心跳
2026_08_04-13:59:04 [W] [manage-listenClient] 发送心跳
2026_08_04-13:59:09 [W] [manage-listenClient] 发送心跳
2026_08_04-13:59:14 [W] [manage-listenClient] 发送心跳
2026_08_04-13:59:19 [W] [manage-listenClient] 发送心跳
2026_08_04-13:59:24 [W] [manage-listenClient] 发送心跳
2026_08_04-13:59:29 [W] [manage-listenClient] 发送心跳
2026_08_04-13:59:34 [W] [manage-listenClient] 发送心跳
2026_08_04-13:59:39 [W] [manage-listenClient] 发送心跳
2026_08_04-13:59:44 [W] [manage-listenClient] 发送心跳
2026_08_04-13:59:49 [W] [manage-listenClient] 发送心跳
2026_08_04-13:59:54 [W] [manage-listenClient] 发送心跳
2026_08_04-13:59:59 [W] [manage-listenClient] 发送心跳
2026_08_04-14:00:04 [W] [manage-listenClient] 发送心跳
2026_08_04-14:00:09 [W] [manage-listenClient] 发送心跳
2026_08_04-14:00:14 [W] [manage-listenClient] 发送心跳
2026_08_04-14:00:19 [W] [manage-listenClient] 发送心跳
2026_08_04-14:00:24 [W] [manage-listenClient] 发送心跳
2026_08_04-14:00:29 [W] [manage-listenClient] 发送心跳
2026_08_04-14:00:34 [W] [manage-listenClient] 发送心跳
2026_08_04-14:00:39 [W] [manage-listenClient] 发送心跳
2026_08_04-14:00:44 [W] [manage-listenClient] 发送心跳
2026_08_04-14:00:49 [W] [manage-listenClient] 发送心跳
2026_08_04-14:00:54 [W] [manage-listenClient] 发送心跳
2026_08_04-14:00:59 [W] [manage-listenClient] 发送心跳
2026_08_04-14:01:04 [W] [manage-listenClient] 发送心跳
2026_08_04-14:01:09 [W] [manage-listenClient] 发送心跳
2026_08_04-14:01:15 [W] [manage-listenClient] 发送心跳
2026_08_04-14:01:20 [W] [manage-listenClient] 发送心跳
2026_08_04-14:01:25 [W] [manage-listenClient] 发送心跳
2026_08_04-14:01:30 [W] [manage-listenClient] 发送心跳
2026_08_04-14:01:35 [W] [manage-listenClient] 发送心跳
2026_08_04-14:01:40 [W] [manage-listenClient] 发送心跳
2026_08_04-14:01:45 [W] [manage-listenClient] 发送心跳
2026_08_04-14:01:50 [W] [manage-listenClient] 发送心跳
2026_08_04-14:01:55 [W] [manage-listenClient] 发送心跳
2026_08_04-14:02:00 [W] [manage-listenClient] 发送心跳
2026_08_04-14:02:05 [W] [manage-listenClient] 发送心跳
2026_08_04-14:02:10 [W] [manage-listenClient] 发送心跳
2026_08_04-14:02:15 [W] [manage-listenClient] 发送心跳
2026_08_04-14:02:20 [W] [manage-listenClient] 发送心跳
2026_08_04-14:02:25 [W] [manage-listenClient] 发送心跳
2026_08_04-14:02:30 [W] [manage-listenClient] 发送心跳
2026_08_04-14:02:35 [W] [manage-listenClient] 发送心跳
2026_08_04-14:02:40 [W] [manage-listenClient] 发送心跳
2026_08_04-14:02:45 [W] [manage-listenClient] 发送心跳
2026_08_04-14:02:50 [W] [manage-listenClient] 发送心跳
2026_08_04-14:02:55 [W] [manage-listenClient] 发送心跳
2026_08_04-14:03:00 [W] [manage-listenClient] 发送心跳
2026_08_04-14:03:05 [W] [manage-listenClient] 发送心跳
2026_08_04-14:03:10 [W] [manage-listenClient] 发送心跳
2026_08_04-14:03:15 [W] [manage-listenClient] 发送心跳
2026_08_04-14:03:20 [W] [manage-listenClient] 发送心跳
2026_08_04-14:03:25 [W] [manage-listenClient] 发送心跳
2026_08_04-14:03:30 [W] [manage-listenClient] 发送心跳
2026_08_04-14:03:34 [W] [manage-listenClient] 发送心跳
2026_08_04-14:03:39 [W] [manage-listenClient] 发送心跳
2026_08_04-14:03:44 [W] [manage-listenClient] 发送心跳
2026_08_04-14:03:49 [W] [manage-listenClient] 发送心跳
2026_08_04-14:03:54 [W] [manage-listenClient] 发送心跳
2026_08_04-14:03:59 [W] [manage-listenClient] 发送心跳
2026_08_04-14:04:04 [W] [manage-listenClient] 发送心跳
2026_08_04-14:04:09 [W] [manage-listenClient] 发送心跳
2026_08_04-14:04:14 [W] [manage-listenClient] 发送心跳
2026_08_04-14:04:19 [W] [manage-listenClient] 发送心跳
2026_08_04-14:04:24 [W] [manage-listenClient] 发送心跳
2026_08_04-14:04:29 [W] [manage-listenClient] 发送心跳
2026_08_04-14:04:34 [W] [manage-listenClient] 发送心跳
2026_08_04-14:04:39 [W] [manage-listenClient] 发送心跳
2026_08_04-14:04:40 [D] [client] disconnect from 192.168.10.1:8090
2026_08_04-14:04:40 [I] [client] socket close = 3
2026_08_04-14:04:40 [W] [manage-listenClient] 断联：开始释放资源
2026_08_04-14:04:40 [W] [manage-listenClient] ClientQue.front()->getClientID() = 1,CurClientID.load() = 0
2026_08_04-14:04:40 [I] [client] socket connect = 1 kConnecting = 0 kConnected = 1 kDisconnecting = 2 kDisconnected = 3
2026_08_04-14:04:40 [W] [manage-CreateClient] 需要创建client Index = 3
2026_08_04-14:04:40 [D] [<UNNAME>] Connection::kConnected
2026_08_04-14:04:40 [W] [analysis] RxFlg.store(1)---serial_number = 119 check_sn = 119
2026_08_04-14:04:40 [W] [analysis] cv通知下发---serial_number = 119 check_sn = 119
2026_08_04-14:04:40 [D] [manage-listenClient] 已经授权成功，重复验证授权码
2026_08_04-14:04:40 [D] [manage-listenClient] Random: bxMjTE..., VIN: HTWW312510A000123
2026_08_04-14:04:40 [I] [manage-listenClient] License verified successfully for VIN: HTWW312510A000123
2026_08_04-14:04:40 [D] [manage-listenClient] License valid until: 2026-10-15 10:12:20
2026_08_04-14:04:40 [I] [manage-listenClient] License verified successfully for expiry: 1A0A0F0A0C14
2026_08_04-14:04:44 [W] [manage-listenClient] 发送心跳
2026_08_04-14:04:49 [W] [manage-listenClient] 发送心跳
2026_08_04-14:04:54 [W] [manage-listenClient] 发送心跳
2026_08_04-14:04:59 [W] [manage-listenClient] 发送心跳
2026_08_04-14:05:04 [W] [manage-listenClient] 发送心跳
2026_08_04-14:05:09 [W] [manage-listenClient] 发送心跳
2026_08_04-14:05:14 [W] [manage-listenClient] 发送心跳
2026_08_04-14:05:19 [W] [manage-listenClient] 发送心跳
2026_08_04-14:05:24 [W] [manage-listenClient] 发送心跳
2026_08_04-14:05:29 [W] [manage-listenClient] 发送心跳
2026_08_04-14:05:34 [W] [manage-listenClient] 发送心跳
2026_08_04-14:05:39 [W] [manage-listenClient] 发送心跳
2026_08_04-14:05:44 [W] [manage-listenClient] 发送心跳
2026_08_04-14:05:49 [W] [manage-listenClient] 发送心跳
2026_08_04-14:05:54 [W] [manage-listenClient] 发送心跳
2026_08_04-14:05:59 [W] [manage-listenClient] 发送心跳
2026_08_04-14:06:04 [W] [manage-listenClient] 发送心跳
2026_08_04-14:06:09 [W] [manage-listenClient] 发送心跳
2026_08_04-14:06:14 [W] [manage-listenClient] 发送心跳
2026_08_04-14:06:19 [W] [manage-listenClient] 发送心跳
2026_08_04-14:06:24 [W] [manage-listenClient] 发送心跳
2026_08_04-14:06:29 [W] [manage-listenClient] 发送心跳
2026_08_04-14:06:34 [W] [manage-listenClient] 发送心跳
2026_08_04-14:06:39 [W] [manage-listenClient] 发送心跳
2026_08_04-14:06:44 [W] [manage-listenClient] 发送心跳
2026_08_04-14:06:49 [W] [manage-listenClient] 发送心跳
2026_08_04-14:06:54 [W] [manage-listenClient] 发送心跳
2026_08_04-14:06:59 [W] [manage-listenClient] 发送心跳
2026_08_04-14:07:04 [W] [manage-listenClient] 发送心跳
2026_08_04-14:07:10 [W] [manage-listenClient] 发送心跳
2026_08_04-14:07:15 [W] [manage-listenClient] 发送心跳
2026_08_04-14:07:20 [W] [manage-listenClient] 发送心跳
2026_08_04-14:07:25 [W] [manage-listenClient] 发送心跳
2026_08_04-14:07:30 [W] [manage-listenClient] 发送心跳
2026_08_04-14:07:35 [W] [manage-listenClient] 发送心跳
2026_08_04-14:07:40 [W] [manage-listenClient] 发送心跳
2026_08_04-14:07:45 [W] [manage-listenClient] 发送心跳
2026_08_04-14:07:50 [W] [manage-listenClient] 发送心跳
2026_08_04-14:07:55 [W] [manage-listenClient] 发送心跳
2026_08_04-14:08:00 [W] [manage-listenClient] 发送心跳
2026_08_04-14:08:05 [W] [manage-listenClient] 发送心跳
2026_08_04-14:08:10 [W] [manage-listenClient] 发送心跳
2026_08_04-14:08:15 [W] [manage-listenClient] 发送心跳
2026_08_04-14:08:20 [W] [manage-listenClient] 发送心跳
2026_08_04-14:08:25 [W] [manage-listenClient] 发送心跳
2026_08_04-14:08:30 [W] [manage-listenClient] 发送心跳
2026_08_04-14:08:35 [W] [manage-listenClient] 发送心跳
2026_08_04-14:08:40 [W] [manage-listenClient] 发送心跳
2026_08_04-14:08:45 [W] [manage-listenClient] 发送心跳
2026_08_04-14:08:50 [W] [manage-listenClient] 发送心跳
2026_08_04-14:08:55 [W] [manage-listenClient] 发送心跳
2026_08_04-14:09:00 [W] [manage-listenClient] 发送心跳
2026_08_04-14:09:05 [W] [manage-listenClient] 发送心跳
2026_08_04-14:09:10 [W] [manage-listenClient] 发送心跳
2026_08_04-14:09:15 [W] [manage-listenClient] 发送心跳
2026_08_04-14:09:20 [W] [manage-listenClient] 发送心跳
2026_08_04-14:09:25 [W] [manage-listenClient] 发送心跳
2026_08_04-14:09:30 [W] [manage-listenClient] 发送心跳
2026_08_04-14:09:35 [W] [manage-listenClient] 发送心跳
2026_08_04-14:09:40 [W] [manage-listenClient] 发送心跳
2026_08_04-14:09:45 [W] [manage-listenClient] 发送心跳
2026_08_04-14:09:50 [W] [manage-listenClient] 发送心跳
2026_08_04-14:09:55 [W] [manage-listenClient] 发送心跳
2026_08_04-14:10:00 [W] [manage-listenClient] 发送心跳
2026_08_04-14:10:05 [W] [manage-listenClient] 发送心跳
2026_08_04-14:10:10 [W] [manage-listenClient] 发送心跳
2026_08_04-14:10:15 [W] [manage-listenClient] 发送心跳
2026_08_04-14:10:20 [W] [manage-listenClient] 发送心跳
2026_08_04-14:10:25 [W] [manage-listenClient] 发送心跳
2026_08_04-14:10:30 [W] [manage-listenClient] 发送心跳
2026_08_04-14:10:35 [W] [manage-listenClient] 发送心跳
2026_08_04-14:10:40 [W] [manage-listenClient] 发送心跳
2026_08_04-14:10:45 [W] [manage-listenClient] 发送心跳
2026_08_04-14:10:50 [W] [manage-listenClient] 发送心跳
2026_08_04-14:10:55 [W] [manage-listenClient] 发送心跳
2026_08_04-14:11:00 [W] [manage-listenClient] 发送心跳
2026_08_04-14:11:05 [W] [manage-listenClient] 发送心跳
2026_08_04-14:11:10 [W] [manage-listenClient] 发送心跳
2026_08_04-14:11:15 [W] [manage-listenClient] 发送心跳
2026_08_04-14:11:20 [W] [manage-listenClient] 发送心跳
2026_08_04-14:11:25 [W] [manage-listenClient] 发送心跳
2026_08_04-14:11:30 [W] [manage-listenClient] 发送心跳
2026_08_04-14:11:35 [W] [manage-listenClient] 发送心跳
2026_08_04-14:11:40 [W] [manage-listenClient] 发送心跳
2026_08_04-14:11:45 [W] [manage-listenClient] 发送心跳
2026_08_04-14:11:50 [W] [manage-listenClient] 发送心跳
2026_08_04-14:11:55 [W] [manage-listenClient] 发送心跳
2026_08_04-14:12:00 [W] [manage-listenClient] 发送心跳
2026_08_04-14:12:05 [W] [manage-listenClient] 发送心跳
2026_08_04-14:12:10 [W] [manage-listenClient] 发送心跳
2026_08_04-14:12:15 [W] [manage-listenClient] 发送心跳
2026_08_04-14:12:20 [W] [manage-listenClient] 发送心跳
2026_08_04-14:12:25 [W] [manage-listenClient] 发送心跳
2026_08_04-14:12:30 [W] [manage-listenClient] 发送心跳
2026_08_04-14:12:35 [W] [manage-listenClient] 发送心跳
2026_08_04-14:12:40 [W] [manage-listenClient] 发送心跳
2026_08_04-14:12:45 [W] [manage-listenClient] 发送心跳
2026_08_04-14:12:50 [W] [manage-listenClient] 发送心跳
2026_08_04-14:12:55 [W] [manage-listenClient] 发送心跳
2026_08_04-14:13:00 [W] [manage-listenClient] 发送心跳
2026_08_04-14:13:05 [W] [manage-listenClient] 发送心跳
2026_08_04-14:13:10 [W] [manage-listenClient] 发送心跳
2026_08_04-14:13:15 [W] [manage-listenClient] 发送心跳
2026_08_04-14:13:20 [W] [manage-listenClient] 发送心跳
2026_08_04-14:13:25 [W] [manage-listenClient] 发送心跳
2026_08_04-14:13:29 [W] [manage-listenClient] 发送心跳
2026_08_04-14:13:34 [W] [manage-listenClient] 发送心跳
2026_08_04-14:13:39 [W] [manage-listenClient] 发送心跳
2026_08_04-14:13:44 [W] [manage-listenClient] 发送心跳
2026_08_04-14:13:49 [W] [manage-listenClient] 发送心跳
2026_08_04-14:13:54 [W] [manage-listenClient] 发送心跳
2026_08_04-14:13:59 [W] [manage-listenClient] 发送心跳
2026_08_04-14:14:04 [W] [manage-listenClient] 发送心跳
2026_08_04-14:14:09 [W] [manage-listenClient] 发送心跳
2026_08_04-14:14:14 [W] [manage-listenClient] 发送心跳
2026_08_04-14:14:19 [W] [manage-listenClient] 发送心跳
2026_08_04-14:14:24 [W] [manage-listenClient] 发送心跳
2026_08_04-14:14:29 [W] [manage-listenClient] 发送心跳
2026_08_04-14:14:34 [W] [manage-listenClient] 发送心跳
2026_08_04-14:14:40 [W] [manage-listenClient] 发送心跳
2026_08_04-14:14:41 [D] [client] disconnect from 192.168.10.1:8090
2026_08_04-14:14:41 [I] [client] socket close = 3
2026_08_04-14:14:41 [W] [manage-listenClient] 断联：开始释放资源
2026_08_04-14:14:41 [W] [manage-listenClient] ClientQue.front()->getClientID() = 2,CurClientID.load() = 1
2026_08_04-14:14:41 [I] [client] socket connect = 1 kConnecting = 0 kConnected = 1 kDisconnecting = 2 kDisconnected = 3
2026_08_04-14:14:41 [W] [manage-CreateClient] 需要创建client Index = 4
2026_08_04-14:14:41 [D] [<UNNAME>] Connection::kConnected
2026_08_04-14:14:41 [W] [analysis] RxFlg.store(1)---serial_number = 240 check_sn = 240
2026_08_04-14:14:41 [W] [analysis] cv通知下发---serial_number = 240 check_sn = 240
2026_08_04-14:14:41 [D] [manage-listenClient] 已经授权成功，重复验证授权码
2026_08_04-14:14:41 [D] [manage-listenClient] Random: bxMjTE..., VIN: HTWW312510A000123
2026_08_04-14:14:41 [I] [manage-listenClient] License verified successfully for VIN: HTWW312510A000123
2026_08_04-14:14:41 [D] [manage-listenClient] License valid until: 2026-10-15 10:12:20
2026_08_04-14:14:41 [I] [manage-listenClient] License verified successfully for expiry: 1A0A0F0A0C14
2026_08_04-14:14:45 [W] [manage-listenClient] 发送心跳
2026_08_04-14:14:50 [W] [manage-listenClient] 发送心跳
2026_08_04-14:14:55 [W] [manage-listenClient] 发送心跳
2026_08_04-14:15:00 [W] [manage-listenClient] 发送心跳
2026_08_04-14:15:05 [W] [manage-listenClient] 发送心跳
2026_08_04-14:15:10 [W] [manage-listenClient] 发送心跳
2026_08_04-14:15:15 [W] [manage-listenClient] 发送心跳
2026_08_04-14:15:20 [W] [manage-listenClient] 发送心跳
2026_08_04-14:15:25 [W] [manage-listenClient] 发送心跳
2026_08_04-14:15:30 [W] [manage-listenClient] 发送心跳
2026_08_04-14:15:35 [W] [manage-listenClient] 发送心跳
2026_08_04-14:15:40 [W] [manage-listenClient] 发送心跳
2026_08_04-14:15:45 [W] [manage-listenClient] 发送心跳
2026_08_04-14:15:50 [W] [manage-listenClient] 发送心跳
2026_08_04-14:15:55 [W] [manage-listenClient] 发送心跳
2026_08_04-14:16:00 [W] [manage-listenClient] 发送心跳
2026_08_04-14:16:05 [W] [manage-listenClient] 发送心跳
2026_08_04-14:16:10 [W] [manage-listenClient] 发送心跳
2026_08_04-14:16:15 [W] [manage-listenClient] 发送心跳
2026_08_04-14:16:20 [W] [manage-listenClient] 发送心跳
2026_08_04-14:16:25 [W] [manage-listenClient] 发送心跳
2026_08_04-14:16:30 [W] [manage-listenClient] 发送心跳
2026_08_04-14:16:35 [W] [manage-listenClient] 发送心跳
2026_08_04-14:16:40 [W] [manage-listenClient] 发送心跳
2026_08_04-14:16:45 [W] [manage-listenClient] 发送心跳
2026_08_04-14:16:50 [W] [manage-listenClient] 发送心跳
2026_08_04-14:16:55 [W] [manage-listenClient] 发送心跳
2026_08_04-14:17:00 [W] [manage-listenClient] 发送心跳
2026_08_04-14:17:05 [W] [manage-listenClient] 发送心跳
2026_08_04-14:17:10 [W] [manage-listenClient] 发送心跳
2026_08_04-14:17:15 [W] [manage-listenClient] 发送心跳
2026_08_04-14:17:20 [W] [manage-listenClient] 发送心跳
2026_08_04-14:17:25 [W] [manage-listenClient] 发送心跳
2026_08_04-14:17:30 [W] [manage-listenClient] 发送心跳
2026_08_04-14:17:35 [W] [manage-listenClient] 发送心跳
2026_08_04-14:17:40 [W] [manage-listenClient] 发送心跳
2026_08_04-14:17:45 [W] [manage-listenClient] 发送心跳
2026_08_04-14:17:50 [W] [manage-listenClient] 发送心跳
2026_08_04-14:17:55 [W] [manage-listenClient] 发送心跳
2026_08_04-14:18:00 [W] [manage-listenClient] 发送心跳
2026_08_04-14:18:05 [W] [manage-listenClient] 发送心跳
2026_08_04-14:18:10 [W] [manage-listenClient] 发送心跳
2026_08_04-14:18:15 [W] [manage-listenClient] 发送心跳
2026_08_04-14:18:20 [W] [manage-listenClient] 发送心跳
2026_08_04-14:18:25 [W] [manage-listenClient] 发送心跳
2026_08_04-14:18:30 [W] [manage-listenClient] 发送心跳
2026_08_04-14:18:35 [W] [manage-listenClient] 发送心跳
2026_08_04-14:18:40 [W] [manage-listenClient] 发送心跳
2026_08_04-14:18:45 [W] [manage-listenClient] 发送心跳
2026_08_04-14:18:50 [W] [manage-listenClient] 发送心跳
2026_08_04-14:18:55 [W] [manage-listenClient] 发送心跳
2026_08_04-14:19:00 [W] [manage-listenClient] 发送心跳
2026_08_04-14:19:06 [W] [manage-listenClient] 发送心跳
2026_08_04-14:19:11 [W] [manage-listenClient] 发送心跳
2026_08_04-14:19:16 [W] [manage-listenClient] 发送心跳
2026_08_04-14:19:21 [W] [manage-listenClient] 发送心跳
2026_08_04-14:19:26 [W] [manage-listenClient] 发送心跳
2026_08_04-14:19:31 [W] [manage-listenClient] 发送心跳
2026_08_04-14:19:36 [W] [manage-listenClient] 发送心跳
2026_08_04-14:19:41 [W] [manage-listenClient] 发送心跳
2026_08_04-14:19:46 [W] [manage-listenClient] 发送心跳
2026_08_04-14:19:51 [W] [manage-listenClient] 发送心跳
2026_08_04-14:19:56 [W] [manage-listenClient] 发送心跳
2026_08_04-14:20:01 [W] [manage-listenClient] 发送心跳
2026_08_04-14:20:06 [W] [manage-listenClient] 发送心跳
2026_08_04-14:20:11 [W] [manage-listenClient] 发送心跳
2026_08_04-14:20:16 [W] [manage-listenClient] 发送心跳
2026_08_04-14:20:21 [W] [manage-listenClient] 发送心跳
2026_08_04-14:20:26 [W] [manage-listenClient] 发送心跳
2026_08_04-14:20:31 [W] [manage-listenClient] 发送心跳
2026_08_04-14:20:36 [W] [manage-listenClient] 发送心跳
2026_08_04-14:20:41 [W] [manage-listenClient] 发送心跳
2026_08_04-14:20:45 [W] [manage-listenClient] 发送心跳
2026_08_04-14:20:50 [W] [manage-listenClient] 发送心跳
2026_08_04-14:20:55 [W] [manage-listenClient] 发送心跳
2026_08_04-14:21:00 [W] [manage-listenClient] 发送心跳
2026_08_04-14:21:05 [W] [manage-listenClient] 发送心跳
2026_08_04-14:21:10 [W] [manage-listenClient] 发送心跳
2026_08_04-14:21:15 [W] [manage-listenClient] 发送心跳
2026_08_04-14:21:20 [W] [manage-listenClient] 发送心跳
2026_08_04-14:21:25 [W] [manage-listenClient] 发送心跳
2026_08_04-14:21:30 [W] [manage-listenClient] 发送心跳
2026_08_04-14:21:35 [W] [manage-listenClient] 发送心跳
2026_08_04-14:21:40 [W] [manage-listenClient] 发送心跳
2026_08_04-14:21:45 [W] [manage-listenClient] 发送心跳
2026_08_04-14:21:50 [W] [manage-listenClient] 发送心跳
2026_08_04-14:21:55 [W] [manage-listenClient] 发送心跳
2026_08_04-14:22:00 [W] [manage-listenClient] 发送心跳
2026_08_04-14:22:05 [W] [manage-listenClient] 发送心跳
2026_08_04-14:22:10 [W] [manage-listenClient] 发送心跳
2026_08_04-14:22:15 [W] [manage-listenClient] 发送心跳
2026_08_04-14:22:20 [W] [manage-listenClient] 发送心跳
2026_08_04-14:22:25 [W] [manage-listenClient] 发送心跳
2026_08_04-14:22:30 [W] [manage-listenClient] 发送心跳
2026_08_04-14:22:35 [W] [manage-listenClient] 发送心跳
2026_08_04-14:22:40 [W] [manage-listenClient] 发送心跳
2026_08_04-14:22:45 [W] [manage-listenClient] 发送心跳
2026_08_04-14:22:50 [W] [manage-listenClient] 发送心跳
2026_08_04-14:22:55 [W] [manage-listenClient] 发送心跳
2026_08_04-14:23:00 [W] [manage-listenClient] 发送心跳
2026_08_04-14:23:05 [W] [manage-listenClient] 发送心跳
2026_08_04-14:23:10 [W] [manage-listenClient] 发送心跳
2026_08_04-14:23:15 [W] [manage-listenClient] 发送心跳
2026_08_04-14:23:20 [W] [manage-listenClient] 发送心跳
2026_08_04-14:23:26 [W] [manage-listenClient] 发送心跳
2026_08_04-14:23:31 [W] [manage-listenClient] 发送心跳
2026_08_04-14:23:36 [W] [manage-listenClient] 发送心跳
2026_08_04-14:23:41 [W] [manage-listenClient] 发送心跳
2026_08_04-14:23:46 [W] [manage-listenClient] 发送心跳
2026_08_04-14:23:51 [W] [manage-listenClient] 发送心跳
2026_08_04-14:23:56 [W] [manage-listenClient] 发送心跳
2026_08_04-14:24:01 [W] [manage-listenClient] 发送心跳
2026_08_04-14:24:06 [W] [manage-listenClient] 发送心跳
2026_08_04-14:24:11 [W] [manage-listenClient] 发送心跳
2026_08_04-14:24:16 [W] [manage-listenClient] 发送心跳
2026_08_04-14:24:21 [W] [manage-listenClient] 发送心跳
2026_08_04-14:24:26 [W] [manage-listenClient] 发送心跳
2026_08_04-14:24:31 [W] [manage-listenClient] 发送心跳
2026_08_04-14:24:36 [W] [manage-listenClient] 发送心跳
2026_08_04-14:24:40 [D] [client] disconnect from 192.168.10.1:8090
2026_08_04-14:24:40 [I] [client] socket close = 3
2026_08_04-14:24:40 [W] [manage-listenClient] 断联：开始释放资源
2026_08_04-14:24:40 [W] [manage-listenClient] ClientQue.front()->getClientID() = 3,CurClientID.load() = 2
2026_08_04-14:24:40 [I] [client] socket connect = 1 kConnecting = 0 kConnected = 1 kDisconnecting = 2 kDisconnected = 3
2026_08_04-14:24:40 [W] [manage-CreateClient] 需要创建client Index = 5
2026_08_04-14:24:40 [D] [<UNNAME>] Connection::kConnected
2026_08_04-14:24:41 [W] [analysis] RxFlg.store(1)---serial_number = 360 check_sn = 360
2026_08_04-14:24:41 [W] [analysis] cv通知下发---serial_number = 360 check_sn = 360
2026_08_04-14:24:41 [W] [manage-listenClient] 发送心跳
2026_08_04-14:24:41 [D] [manage-listenClient] 已经授权成功，重复验证授权码
2026_08_04-14:24:41 [D] [manage-listenClient] Random: bxMjTE..., VIN: HTWW312510A000123
2026_08_04-14:24:41 [I] [manage-listenClient] License verified successfully for VIN: HTWW312510A000123
2026_08_04-14:24:41 [D] [manage-listenClient] License valid until: 2026-10-15 10:12:20
2026_08_04-14:24:41 [I] [manage-listenClient] License verified successfully for expiry: 1A0A0F0A0C14
2026_08_04-14:24:46 [W] [manage-listenClient] 发送心跳
2026_08_04-14:24:51 [W] [manage-listenClient] 发送心跳
2026_08_04-14:24:56 [W] [manage-listenClient] 发送心跳
2026_08_04-14:25:01 [W] [manage-listenClient] 发送心跳
2026_08_04-14:25:06 [W] [manage-listenClient] 发送心跳
2026_08_04-14:25:11 [W] [manage-listenClient] 发送心跳
2026_08_04-14:25:16 [W] [manage-listenClient] 发送心跳
2026_08_04-14:25:21 [W] [manage-listenClient] 发送心跳
2026_08_04-14:25:26 [W] [manage-listenClient] 发送心跳
2026_08_04-14:25:31 [W] [manage-listenClient] 发送心跳
2026_08_04-14:25:36 [W] [manage-listenClient] 发送心跳
2026_08_04-14:25:41 [W] [manage-listenClient] 发送心跳
2026_08_04-14:25:46 [W] [manage-listenClient] 发送心跳
2026_08_04-14:25:51 [W] [manage-listenClient] 发送心跳
2026_08_04-14:25:56 [W] [manage-listenClient] 发送心跳
2026_08_04-14:26:01 [W] [manage-listenClient] 发送心跳
2026_08_04-14:26:06 [W] [manage-listenClient] 发送心跳
2026_08_04-14:26:11 [W] [manage-listenClient] 发送心跳
2026_08_04-14:26:17 [W] [manage-listenClient] 发送心跳
2026_08_04-14:26:22 [W] [manage-listenClient] 发送心跳
2026_08_04-14:26:27 [W] [manage-listenClient] 发送心跳
2026_08_04-14:26:32 [W] [manage-listenClient] 发送心跳
2026_08_04-14:26:37 [W] [manage-listenClient] 发送心跳
2026_08_04-14:26:42 [W] [manage-listenClient] 发送心跳
2026_08_04-14:26:46 [W] [manage-listenClient] 发送心跳
2026_08_04-14:26:51 [W] [manage-listenClient] 发送心跳
2026_08_04-14:26:56 [W] [manage-listenClient] 发送心跳
2026_08_04-14:27:01 [W] [manage-listenClient] 发送心跳
2026_08_04-14:27:06 [W] [manage-listenClient] 发送心跳
2026_08_04-14:27:11 [W] [manage-listenClient] 发送心跳
2026_08_04-14:27:16 [W] [manage-listenClient] 发送心跳
2026_08_04-14:27:21 [W] [manage-listenClient] 发送心跳
2026_08_04-14:27:26 [W] [manage-listenClient] 发送心跳
2026_08_04-14:27:31 [W] [manage-listenClient] 发送心跳
2026_08_04-14:27:36 [W] [manage-listenClient] 发送心跳
2026_08_04-14:27:41 [W] [manage-listenClient] 发送心跳
2026_08_04-14:27:46 [W] [manage-listenClient] 发送心跳
2026_08_04-14:27:51 [W] [manage-listenClient] 发送心跳
2026_08_04-14:27:56 [W] [manage-listenClient] 发送心跳
2026_08_04-14:28:01 [W] [manage-listenClient] 发送心跳
2026_08_04-14:28:06 [W] [manage-listenClient] 发送心跳
2026_08_04-14:28:11 [W] [manage-listenClient] 发送心跳
2026_08_04-14:28:16 [W] [manage-listenClient] 发送心跳
2026_08_04-14:28:21 [W] [manage-listenClient] 发送心跳
2026_08_04-14:28:26 [W] [manage-listenClient] 发送心跳
2026_08_04-14:28:31 [W] [manage-listenClient] 发送心跳
2026_08_04-14:28:36 [W] [manage-listenClient] 发送心跳
2026_08_04-14:28:41 [W] [manage-listenClient] 发送心跳
2026_08_04-14:28:46 [W] [manage-listenClient] 发送心跳
2026_08_04-14:28:51 [W] [manage-listenClient] 发送心跳
2026_08_04-14:28:56 [W] [manage-listenClient] 发送心跳
2026_08_04-14:29:01 [W] [manage-listenClient] 发送心跳
2026_08_04-14:29:06 [W] [manage-listenClient] 发送心跳
2026_08_04-14:29:11 [W] [manage-listenClient] 发送心跳
2026_08_04-14:29:16 [W] [manage-listenClient] 发送心跳
2026_08_04-14:29:21 [W] [manage-listenClient] 发送心跳
2026_08_04-14:29:26 [W] [manage-listenClient] 发送心跳
2026_08_04-14:29:31 [W] [manage-listenClient] 发送心跳
2026_08_04-14:29:36 [W] [manage-listenClient] 发送心跳
2026_08_04-14:29:41 [W] [manage-listenClient] 发送心跳
2026_08_04-14:29:46 [W] [manage-listenClient] 发送心跳
2026_08_04-14:29:51 [W] [manage-listenClient] 发送心跳
2026_08_04-14:29:56 [W] [manage-listenClient] 发送心跳
2026_08_04-14:30:01 [W] [manage-listenClient] 发送心跳
2026_08_04-14:30:06 [W] [manage-listenClient] 发送心跳
2026_08_04-14:30:11 [W] [manage-listenClient] 发送心跳
2026_08_04-14:30:16 [W] [manage-listenClient] 发送心跳
2026_08_04-14:30:21 [W] [manage-listenClient] 发送心跳
2026_08_04-14:30:26 [W] [manage-listenClient] 发送心跳
2026_08_04-14:30:31 [W] [manage-listenClient] 发送心跳
2026_08_04-14:30:36 [W] [manage-listenClient] 发送心跳
2026_08_04-14:30:41 [W] [manage-listenClient] 发送心跳
2026_08_04-14:30:46 [W] [manage-listenClient] 发送心跳
2026_08_04-14:30:51 [W] [manage-listenClient] 发送心跳
2026_08_04-14:30:56 [W] [manage-listenClient] 发送心跳
2026_08_04-14:31:01 [W] [manage-listenClient] 发送心跳
2026_08_04-14:31:06 [W] [manage-listenClient] 发送心跳
2026_08_04-14:31:11 [W] [manage-listenClient] 发送心跳
2026_08_04-14:31:16 [W] [manage-listenClient] 发送心跳
2026_08_04-14:31:21 [W] [manage-listenClient] 发送心跳
2026_08_04-14:31:26 [W] [manage-listenClient] 发送心跳
2026_08_04-14:31:31 [W] [manage-listenClient] 发送心跳
2026_08_04-14:31:36 [W] [manage-listenClient] 发送心跳
2026_08_04-14:31:41 [W] [manage-listenClient] 发送心跳
2026_08_04-14:31:46 [W] [manage-listenClient] 发送心跳
2026_08_04-14:31:51 [W] [manage-listenClient] 发送心跳
2026_08_04-14:31:56 [W] [manage-listenClient] 发送心跳
2026_08_04-14:32:01 [W] [manage-listenClient] 发送心跳
2026_08_04-14:32:06 [W] [manage-listenClient] 发送心跳
2026_08_04-14:32:11 [W] [manage-listenClient] 发送心跳
2026_08_04-14:32:16 [W] [manage-listenClient] 发送心跳
2026_08_04-14:32:21 [W] [manage-listenClient] 发送心跳
2026_08_04-14:32:26 [W] [manage-listenClient] 发送心跳
2026_08_04-14:32:31 [W] [manage-listenClient] 发送心跳
2026_08_04-14:32:36 [W] [manage-listenClient] 发送心跳
2026_08_04-14:32:41 [W] [manage-listenClient] 发送心跳
2026_08_04-14:32:46 [W] [manage-listenClient] 发送心跳
2026_08_04-14:32:51 [W] [manage-listenClient] 发送心跳
2026_08_04-14:32:56 [W] [manage-listenClient] 发送心跳
2026_08_04-14:33:01 [W] [manage-listenClient] 发送心跳
2026_08_04-14:33:06 [W] [manage-listenClient] 发送心跳
2026_08_04-14:33:11 [W] [manage-listenClient] 发送心跳
2026_08_04-14:33:16 [W] [manage-listenClient] 发送心跳
2026_08_04-14:33:21 [W] [manage-listenClient] 发送心跳
2026_08_04-14:33:26 [W] [manage-listenClient] 发送心跳
2026_08_04-14:33:31 [W] [manage-listenClient] 发送心跳
2026_08_04-14:33:36 [W] [manage-listenClient] 发送心跳
2026_08_04-14:33:41 [W] [manage-listenClient] 发送心跳
2026_08_04-14:33:46 [W] [manage-listenClient] 发送心跳
2026_08_04-14:33:51 [W] [manage-listenClient] 发送心跳
2026_08_04-14:33:56 [W] [manage-listenClient] 发送心跳
2026_08_04-14:34:01 [W] [manage-listenClient] 发送心跳
2026_08_04-14:34:06 [W] [manage-listenClient] 发送心跳
2026_08_04-14:34:11 [W] [manage-listenClient] 发送心跳
2026_08_04-14:34:16 [W] [manage-listenClient] 发送心跳
2026_08_04-14:34:21 [W] [manage-listenClient] 发送心跳
2026_08_04-14:34:26 [W] [manage-listenClient] 发送心跳
2026_08_04-14:34:31 [W] [manage-listenClient] 发送心跳
2026_08_04-14:34:37 [W] [manage-listenClient] 发送心跳
2026_08_04-14:34:41 [D] [client] disconnect from 192.168.10.1:8090
2026_08_04-14:34:41 [I] [client] socket close = 3
2026_08_04-14:34:41 [W] [manage-listenClient] 断联：开始释放资源
2026_08_04-14:34:41 [W] [manage-listenClient] ClientQue.front()->getClientID() = 4,CurClientID.load() = 3
2026_08_04-14:34:41 [I] [client] socket connect = 1 kConnecting = 0 kConnected = 1 kDisconnecting = 2 kDisconnected = 3
2026_08_04-14:34:41 [W] [manage-CreateClient] 需要创建client Index = 6
2026_08_04-14:34:41 [D] [<UNNAME>] Connection::kConnected
2026_08_04-14:34:41 [W] [analysis] RxFlg.store(1)---serial_number = 481 check_sn = 481
2026_08_04-14:34:41 [W] [analysis] cv通知下发---serial_number = 481 check_sn = 481
2026_08_04-14:34:41 [D] [manage-listenClient] 已经授权成功，重复验证授权码
2026_08_04-14:34:41 [D] [manage-listenClient] Random: bxMjTE..., VIN: HTWW312510A000123
2026_08_04-14:34:41 [I] [manage-listenClient] License verified successfully for VIN: HTWW312510A000123
2026_08_04-14:34:41 [D] [manage-listenClient] License valid until: 2026-10-15 10:12:20
2026_08_04-14:34:41 [I] [manage-listenClient] License verified successfully for expiry: 1A0A0F0A0C14
2026_08_04-14:34:42 [W] [manage-listenClient] 发送心跳
2026_08_04-14:34:47 [W] [manage-listenClient] 发送心跳
2026_08_04-14:34:52 [W] [manage-listenClient] 发送心跳
2026_08_04-14:34:57 [W] [manage-listenClient] 发送心跳
2026_08_04-14:35:02 [W] [manage-listenClient] 发送心跳
2026_08_04-14:35:07 [W] [manage-listenClient] 发送心跳
2026_08_04-14:35:12 [W] [manage-listenClient] 发送心跳
2026_08_04-14:35:17 [W] [manage-listenClient] 发送心跳
2026_08_04-14:35:22 [W] [manage-listenClient] 发送心跳
2026_08_04-14:35:27 [W] [manage-listenClient] 发送心跳
2026_08_04-14:35:32 [W] [manage-listenClient] 发送心跳
2026_08_04-14:35:37 [W] [manage-listenClient] 发送心跳
2026_08_04-14:35:42 [W] [manage-listenClient] 发送心跳
2026_08_04-14:35:47 [W] [manage-listenClient] 发送心跳
2026_08_04-14:35:52 [W] [manage-listenClient] 发送心跳
2026_08_04-14:35:57 [W] [manage-listenClient] 发送心跳
2026_08_04-14:36:02 [W] [manage-listenClient] 发送心跳
2026_08_04-14:36:07 [W] [manage-listenClient] 发送心跳
2026_08_04-14:36:12 [W] [manage-listenClient] 发送心跳
2026_08_04-14:36:17 [W] [manage-listenClient] 发送心跳
2026_08_04-14:36:22 [W] [manage-listenClient] 发送心跳
2026_08_04-14:36:27 [W] [manage-listenClient] 发送心跳
2026_08_04-14:36:32 [W] [manage-listenClient] 发送心跳
2026_08_04-14:36:37 [W] [manage-listenClient] 发送心跳
2026_08_04-14:36:42 [W] [manage-listenClient] 发送心跳
2026_08_04-14:36:47 [W] [manage-listenClient] 发送心跳
2026_08_04-14:36:52 [W] [manage-listenClient] 发送心跳
2026_08_04-14:36:57 [W] [manage-listenClient] 发送心跳
2026_08_04-14:37:02 [W] [manage-listenClient] 发送心跳
2026_08_04-14:37:07 [W] [manage-listenClient] 发送心跳
2026_08_04-14:37:12 [W] [manage-listenClient] 发送心跳
2026_08_04-14:37:17 [W] [manage-listenClient] 发送心跳
2026_08_04-14:37:22 [W] [manage-listenClient] 发送心跳
2026_08_04-14:37:27 [W] [manage-listenClient] 发送心跳
2026_08_04-14:37:32 [W] [manage-listenClient] 发送心跳
2026_08_04-14:37:37 [W] [manage-listenClient] 发送心跳
2026_08_04-14:37:42 [W] [manage-listenClient] 发送心跳
2026_08_04-14:37:47 [W] [manage-listenClient] 发送心跳
2026_08_04-14:37:52 [W] [manage-listenClient] 发送心跳
2026_08_04-14:37:57 [W] [manage-listenClient] 发送心跳
2026_08_04-14:38:02 [W] [manage-listenClient] 发送心跳
2026_08_04-14:38:07 [W] [manage-listenClient] 发送心跳
2026_08_04-14:38:12 [W] [manage-listenClient] 发送心跳
2026_08_04-14:38:17 [W] [manage-listenClient] 发送心跳
2026_08_04-14:38:22 [W] [manage-listenClient] 发送心跳
2026_08_04-14:38:27 [W] [manage-listenClient] 发送心跳
2026_08_04-14:38:32 [W] [manage-listenClient] 发送心跳
2026_08_04-14:38:37 [W] [manage-listenClient] 发送心跳
2026_08_04-14:38:42 [W] [manage-listenClient] 发送心跳
2026_08_04-14:38:47 [W] [manage-listenClient] 发送心跳
2026_08_04-14:38:52 [W] [manage-listenClient] 发送心跳
2026_08_04-14:38:57 [W] [manage-listenClient] 发送心跳
2026_08_04-14:39:02 [W] [manage-listenClient] 发送心跳
2026_08_04-14:39:07 [W] [manage-listenClient] 发送心跳
2026_08_04-14:39:12 [W] [manage-listenClient] 发送心跳
2026_08_04-14:39:17 [W] [manage-listenClient] 发送心跳
2026_08_04-14:39:22 [W] [manage-listenClient] 发送心跳
2026_08_04-14:39:27 [W] [manage-listenClient] 发送心跳
2026_08_04-14:39:32 [W] [manage-listenClient] 发送心跳
2026_08_04-14:39:37 [W] [manage-listenClient] 发送心跳
2026_08_04-14:39:42 [W] [manage-listenClient] 发送心跳
2026_08_04-14:39:47 [W] [manage-listenClient] 发送心跳
2026_08_04-14:39:52 [W] [manage-listenClient] 发送心跳
2026_08_04-14:39:57 [W] [manage-listenClient] 发送心跳
2026_08_04-14:40:02 [W] [manage-listenClient] 发送心跳
2026_08_04-14:40:07 [W] [manage-listenClient] 发送心跳
2026_08_04-14:40:12 [W] [manage-listenClient] 发送心跳
2026_08_04-14:40:17 [W] [manage-listenClient] 发送心跳
2026_08_04-14:40:22 [W] [manage-listenClient] 发送心跳
2026_08_04-14:40:27 [W] [manage-listenClient] 发送心跳
2026_08_04-14:40:32 [W] [manage-listenClient] 发送心跳
2026_08_04-14:40:37 [W] [manage-listenClient] 发送心跳
2026_08_04-14:40:42 [W] [manage-listenClient] 发送心跳
2026_08_04-14:40:47 [W] [manage-listenClient] 发送心跳
2026_08_04-14:40:52 [W] [manage-listenClient] 发送心跳
2026_08_04-14:40:57 [W] [manage-listenClient] 发送心跳
2026_08_04-14:41:02 [W] [manage-listenClient] 发送心跳
2026_08_04-14:41:07 [W] [manage-listenClient] 发送心跳
2026_08_04-14:41:12 [W] [manage-listenClient] 发送心跳
2026_08_04-14:41:17 [W] [manage-listenClient] 发送心跳
2026_08_04-14:41:22 [W] [manage-listenClient] 发送心跳
2026_08_04-14:41:27 [W] [manage-listenClient] 发送心跳
2026_08_04-14:41:32 [W] [manage-listenClient] 发送心跳
2026_08_04-14:41:37 [W] [manage-listenClient] 发送心跳
2026_08_04-14:41:42 [W] [manage-listenClient] 发送心跳
2026_08_04-14:41:47 [W] [manage-listenClient] 发送心跳
2026_08_04-14:41:52 [W] [manage-listenClient] 发送心跳
2026_08_04-14:41:57 [W] [manage-listenClient] 发送心跳
2026_08_04-14:42:02 [W] [manage-listenClient] 发送心跳
2026_08_04-14:42:07 [W] [manage-listenClient] 发送心跳
2026_08_04-14:42:12 [W] [manage-listenClient] 发送心跳
2026_08_04-14:42:17 [W] [manage-listenClient] 发送心跳
2026_08_04-14:42:22 [W] [manage-listenClient] 发送心跳
2026_08_04-14:42:27 [W] [manage-listenClient] 发送心跳
2026_08_04-14:42:32 [W] [manage-listenClient] 发送心跳
2026_08_04-14:42:37 [W] [manage-listenClient] 发送心跳
2026_08_04-14:42:42 [W] [manage-listenClient] 发送心跳
2026_08_04-14:42:47 [W] [manage-listenClient] 发送心跳
2026_08_04-14:42:52 [W] [manage-listenClient] 发送心跳
2026_08_04-14:42:57 [W] [manage-listenClient] 发送心跳
2026_08_04-14:43:02 [W] [manage-listenClient] 发送心跳
2026_08_04-14:43:07 [W] [manage-listenClient] 发送心跳
2026_08_04-14:43:12 [W] [manage-listenClient] 发送心跳
2026_08_04-14:43:17 [W] [manage-listenClient] 发送心跳
2026_08_04-14:43:22 [W] [manage-listenClient] 发送心跳
2026_08_04-14:43:27 [W] [manage-listenClient] 发送心跳
2026_08_04-14:43:32 [W] [manage-listenClient] 发送心跳
2026_08_04-14:43:37 [W] [manage-listenClient] 发送心跳
2026_08_04-14:43:42 [W] [manage-listenClient] 发送心跳
2026_08_04-14:43:47 [W] [manage-listenClient] 发送心跳
2026_08_04-14:43:52 [W] [manage-listenClient] 发送心跳
2026_08_04-14:43:57 [W] [manage-listenClient] 发送心跳
2026_08_04-14:44:02 [W] [manage-listenClient] 发送心跳
2026_08_04-14:44:07 [W] [manage-listenClient] 发送心跳
2026_08_04-14:44:12 [W] [manage-listenClient] 发送心跳
2026_08_04-14:44:17 [W] [manage-listenClient] 发送心跳
2026_08_04-14:44:22 [W] [manage-listenClient] 发送心跳
2026_08_04-14:44:27 [W] [manage-listenClient] 发送心跳
2026_08_04-14:44:32 [W] [manage-listenClient] 发送心跳
2026_08_04-14:44:37 [W] [manage-listenClient] 发送心跳
2026_08_04-14:44:41 [D] [client] disconnect from 192.168.10.1:8090
2026_08_04-14:44:41 [I] [client] socket close = 3
2026_08_04-14:44:41 [W] [manage-listenClient] 断联：开始释放资源
2026_08_04-14:44:41 [W] [manage-listenClient] ClientQue.front()->getClientID() = 5,CurClientID.load() = 4
2026_08_04-14:44:41 [I] [client] socket connect = 1 kConnecting = 0 kConnected = 1 kDisconnecting = 2 kDisconnected = 3
2026_08_04-14:44:41 [W] [manage-CreateClient] 需要创建client Index = 7
2026_08_04-14:44:41 [D] [<UNNAME>] Connection::kConnected
2026_08_04-14:44:41 [W] [analysis] RxFlg.store(1)---serial_number = 602 check_sn = 602
2026_08_04-14:44:41 [W] [analysis] cv通知下发---serial_number = 602 check_sn = 602
2026_08_04-14:44:41 [D] [manage-listenClient] 已经授权成功，重复验证授权码
2026_08_04-14:44:41 [D] [manage-listenClient] Random: bxMjTE..., VIN: HTWW312510A000123
2026_08_04-14:44:41 [I] [manage-listenClient] License verified successfully for VIN: HTWW312510A000123
2026_08_04-14:44:41 [D] [manage-listenClient] License valid until: 2026-10-15 10:12:20
2026_08_04-14:44:41 [I] [manage-listenClient] License verified successfully for expiry: 1A0A0F0A0C14
2026_08_04-14:44:42 [W] [manage-listenClient] 发送心跳
2026_08_04-14:44:47 [W] [manage-listenClient] 发送心跳
2026_08_04-14:44:52 [W] [manage-listenClient] 发送心跳
2026_08_04-14:44:57 [W] [manage-listenClient] 发送心跳
2026_08_04-14:45:02 [W] [manage-listenClient] 发送心跳
2026_08_04-14:45:07 [W] [manage-listenClient] 发送心跳
2026_08_04-14:45:12 [W] [manage-listenClient] 发送心跳
2026_08_04-14:45:17 [W] [manage-listenClient] 发送心跳
2026_08_04-14:45:22 [W] [manage-listenClient] 发送心跳
2026_08_04-14:45:27 [W] [manage-listenClient] 发送心跳
2026_08_04-14:45:32 [W] [manage-listenClient] 发送心跳
2026_08_04-14:45:37 [W] [manage-listenClient] 发送心跳
2026_08_04-14:45:42 [W] [manage-listenClient] 发送心跳
2026_08_04-14:45:47 [W] [manage-listenClient] 发送心跳
2026_08_04-14:45:52 [W] [manage-listenClient] 发送心跳
2026_08_04-14:45:57 [W] [manage-listenClient] 发送心跳
2026_08_04-14:46:02 [W] [manage-listenClient] 发送心跳
2026_08_04-14:46:07 [W] [manage-listenClient] 发送心跳
2026_08_04-14:46:12 [W] [manage-listenClient] 发送心跳
2026_08_04-14:46:17 [W] [manage-listenClient] 发送心跳
2026_08_04-14:46:22 [W] [manage-listenClient] 发送心跳
2026_08_04-14:46:27 [W] [manage-listenClient] 发送心跳
2026_08_04-14:46:32 [W] [manage-listenClient] 发送心跳
2026_08_04-14:46:37 [W] [manage-listenClient] 发送心跳
2026_08_04-14:46:42 [W] [manage-listenClient] 发送心跳
2026_08_04-14:46:47 [W] [manage-listenClient] 发送心跳
2026_08_04-14:46:52 [W] [manage-listenClient] 发送心跳
2026_08_04-14:46:57 [W] [manage-listenClient] 发送心跳
2026_08_04-14:47:02 [W] [manage-listenClient] 发送心跳
2026_08_04-14:47:07 [W] [manage-listenClient] 发送心跳
2026_08_04-14:47:12 [W] [manage-listenClient] 发送心跳
2026_08_04-14:47:17 [W] [manage-listenClient] 发送心跳
2026_08_04-14:47:22 [W] [manage-listenClient] 发送心跳
2026_08_04-14:47:27 [W] [manage-listenClient] 发送心跳
2026_08_04-14:47:32 [W] [manage-listenClient] 发送心跳
2026_08_04-14:47:37 [W] [manage-listenClient] 发送心跳
2026_08_04-14:47:42 [W] [manage-listenClient] 发送心跳
2026_08_04-14:47:47 [W] [manage-listenClient] 发送心跳
2026_08_04-14:47:52 [W] [manage-listenClient] 发送心跳
2026_08_04-14:47:57 [W] [manage-listenClient] 发送心跳
2026_08_04-14:48:02 [W] [manage-listenClient] 发送心跳
2026_08_04-14:48:07 [W] [manage-listenClient] 发送心跳
2026_08_04-14:48:12 [W] [manage-listenClient] 发送心跳
2026_08_04-14:48:17 [W] [manage-listenClient] 发送心跳
2026_08_04-14:48:22 [W] [manage-listenClient] 发送心跳
2026_08_04-14:48:27 [W] [manage-listenClient] 发送心跳
2026_08_04-14:48:32 [W] [manage-listenClient] 发送心跳
2026_08_04-14:48:37 [W] [manage-listenClient] 发送心跳
2026_08_04-14:48:42 [W] [manage-listenClient] 发送心跳
2026_08_04-14:48:47 [W] [manage-listenClient] 发送心跳
2026_08_04-14:48:52 [W] [manage-listenClient] 发送心跳
2026_08_04-14:48:57 [W] [manage-listenClient] 发送心跳
2026_08_04-14:49:02 [W] [manage-listenClient] 发送心跳
2026_08_04-14:49:07 [W] [manage-listenClient] 发送心跳
2026_08_04-14:49:12 [W] [manage-listenClient] 发送心跳
2026_08_04-14:49:17 [W] [manage-listenClient] 发送心跳
2026_08_04-14:49:22 [W] [manage-listenClient] 发送心跳
2026_08_04-14:49:27 [W] [manage-listenClient] 发送心跳
2026_08_04-14:49:32 [W] [manage-listenClient] 发送心跳
2026_08_04-14:49:37 [W] [manage-listenClient] 发送心跳
2026_08_04-14:49:42 [W] [manage-listenClient] 发送心跳
2026_08_04-14:49:47 [W] [manage-listenClient] 发送心跳
2026_08_04-14:49:52 [W] [manage-listenClient] 发送心跳
2026_08_04-14:49:57 [W] [manage-listenClient] 发送心跳
2026_08_04-14:50:02 [W] [manage-listenClient] 发送心跳
2026_08_04-14:50:07 [W] [manage-listenClient] 发送心跳
2026_08_04-14:50:12 [W] [manage-listenClient] 发送心跳
2026_08_04-14:50:17 [W] [manage-listenClient] 发送心跳
2026_08_04-14:50:22 [W] [manage-listenClient] 发送心跳
2026_08_04-14:50:27 [W] [manage-listenClient] 发送心跳
2026_08_04-14:50:32 [W] [manage-listenClient] 发送心跳
2026_08_04-14:50:37 [W] [manage-listenClient] 发送心跳
2026_08_04-14:50:42 [W] [manage-listenClient] 发送心跳
2026_08_04-14:50:47 [W] [manage-listenClient] 发送心跳
2026_08_04-14:50:52 [W] [manage-listenClient] 发送心跳
2026_08_04-14:50:57 [W] [manage-listenClient] 发送心跳
2026_08_04-14:51:02 [W] [manage-listenClient] 发送心跳
2026_08_04-14:51:07 [W] [manage-listenClient] 发送心跳
2026_08_04-14:51:12 [W] [manage-listenClient] 发送心跳
2026_08_04-14:51:17 [W] [manage-listenClient] 发送心跳
2026_08_04-14:51:22 [W] [manage-listenClient] 发送心跳
2026_08_04-14:51:27 [W] [manage-listenClient] 发送心跳
2026_08_04-14:51:32 [W] [manage-listenClient] 发送心跳
2026_08_04-14:51:37 [W] [manage-listenClient] 发送心跳
2026_08_04-14:51:42 [W] [manage-listenClient] 发送心跳
2026_08_04-14:51:47 [W] [manage-listenClient] 发送心跳
2026_08_04-14:51:52 [W] [manage-listenClient] 发送心跳
2026_08_04-14:51:57 [W] [manage-listenClient] 发送心跳
2026_08_04-14:52:02 [W] [manage-listenClient] 发送心跳
2026_08_04-14:52:07 [W] [manage-listenClient] 发送心跳
2026_08_04-14:52:12 [W] [manage-listenClient] 发送心跳
2026_08_04-14:52:17 [W] [manage-listenClient] 发送心跳
2026_08_04-14:52:22 [W] [manage-listenClient] 发送心跳
2026_08_04-14:52:27 [W] [manage-listenClient] 发送心跳
2026_08_04-14:52:32 [W] [manage-listenClient] 发送心跳
2026_08_04-14:52:37 [W] [manage-listenClient] 发送心跳
2026_08_04-14:52:42 [W] [manage-listenClient] 发送心跳
2026_08_04-14:52:47 [W] [manage-listenClient] 发送心跳
2026_08_04-14:52:52 [W] [manage-listenClient] 发送心跳
2026_08_04-14:52:57 [W] [manage-listenClient] 发送心跳
2026_08_04-14:53:02 [W] [manage-listenClient] 发送心跳
2026_08_04-14:53:07 [W] [manage-listenClient] 发送心跳
2026_08_04-14:53:12 [W] [manage-listenClient] 发送心跳
2026_08_04-14:53:17 [W] [manage-listenClient] 发送心跳
2026_08_04-14:53:22 [W] [manage-listenClient] 发送心跳
2026_08_04-14:53:27 [W] [manage-listenClient] 发送心跳
2026_08_04-14:53:32 [W] [manage-listenClient] 发送心跳
2026_08_04-14:53:37 [W] [manage-listenClient] 发送心跳
2026_08_04-14:53:42 [W] [manage-listenClient] 发送心跳
2026_08_04-14:53:47 [W] [manage-listenClient] 发送心跳
2026_08_04-14:53:52 [W] [manage-listenClient] 发送心跳
2026_08_04-14:53:57 [W] [manage-listenClient] 发送心跳
2026_08_04-14:54:02 [W] [manage-listenClient] 发送心跳
2026_08_04-14:54:07 [W] [manage-listenClient] 发送心跳
2026_08_04-14:54:12 [W] [manage-listenClient] 发送心跳
2026_08_04-14:54:17 [W] [manage-listenClient] 发送心跳
2026_08_04-14:54:22 [W] [manage-listenClient] 发送心跳
2026_08_04-14:54:27 [W] [manage-listenClient] 发送心跳
2026_08_04-14:54:32 [W] [manage-listenClient] 发送心跳
2026_08_04-14:54:37 [W] [manage-listenClient] 发送心跳
2026_08_04-14:54:41 [D] [client] disconnect from 192.168.10.1:8090
2026_08_04-14:54:41 [I] [client] socket close = 3
2026_08_04-14:54:41 [W] [manage-listenClient] 断联：开始释放资源
2026_08_04-14:54:41 [W] [manage-listenClient] ClientQue.front()->getClientID() = 6,CurClientID.load() = 5
2026_08_04-14:54:41 [I] [client] socket connect = 1 kConnecting = 0 kConnected = 1 kDisconnecting = 2 kDisconnected = 3
2026_08_04-14:54:41 [W] [manage-CreateClient] 需要创建client Index = 8
2026_08_04-14:54:41 [D] [<UNNAME>] Connection::kConnected
2026_08_04-14:54:42 [W] [analysis] RxFlg.store(1)---serial_number = 723 check_sn = 723
2026_08_04-14:54:42 [W] [analysis] cv通知下发---serial_number = 723 check_sn = 723
2026_08_04-14:54:42 [D] [manage-listenClient] 已经授权成功，重复验证授权码
2026_08_04-14:54:42 [D] [manage-listenClient] Random: bxMjTE..., VIN: HTWW312510A000123
2026_08_04-14:54:42 [I] [manage-listenClient] License verified successfully for VIN: HTWW312510A000123
2026_08_04-14:54:42 [D] [manage-listenClient] License valid until: 2026-10-15 10:12:20
2026_08_04-14:54:42 [I] [manage-listenClient] License verified successfully for expiry: 1A0A0F0A0C14
2026_08_04-14:54:43 [W] [manage-listenClient] 发送心跳
2026_08_04-14:54:48 [W] [manage-listenClient] 发送心跳
2026_08_04-14:54:53 [W] [manage-listenClient] 发送心跳
2026_08_04-14:54:58 [W] [manage-listenClient] 发送心跳
2026_08_04-14:55:03 [W] [manage-listenClient] 发送心跳
2026_08_04-14:55:08 [W] [manage-listenClient] 发送心跳
2026_08_04-14:55:13 [W] [manage-listenClient] 发送心跳
2026_08_04-14:55:18 [W] [manage-listenClient] 发送心跳
2026_08_04-14:55:23 [W] [manage-listenClient] 发送心跳
2026_08_04-14:55:28 [W] [manage-listenClient] 发送心跳
2026_08_04-14:55:33 [W] [manage-listenClient] 发送心跳
2026_08_04-14:55:38 [W] [manage-listenClient] 发送心跳
2026_08_04-14:55:43 [W] [manage-listenClient] 发送心跳
2026_08_04-14:55:48 [W] [manage-listenClient] 发送心跳
2026_08_04-14:55:53 [W] [manage-listenClient] 发送心跳
2026_08_04-14:55:58 [W] [manage-listenClient] 发送心跳
2026_08_04-14:56:03 [W] [manage-listenClient] 发送心跳
2026_08_04-14:56:08 [W] [manage-listenClient] 发送心跳
2026_08_04-14:56:13 [W] [manage-listenClient] 发送心跳
2026_08_04-14:56:18 [W] [manage-listenClient] 发送心跳
2026_08_04-14:56:23 [W] [manage-listenClient] 发送心跳
2026_08_04-14:56:28 [W] [manage-listenClient] 发送心跳
2026_08_04-14:56:33 [W] [manage-listenClient] 发送心跳
2026_08_04-14:56:38 [W] [manage-listenClient] 发送心跳
2026_08_04-14:56:43 [W] [manage-listenClient] 发送心跳
2026_08_04-14:56:48 [W] [manage-listenClient] 发送心跳
2026_08_04-14:56:53 [W] [manage-listenClient] 发送心跳
2026_08_04-14:56:58 [W] [manage-listenClient] 发送心跳
2026_08_04-14:57:03 [W] [manage-listenClient] 发送心跳
2026_08_04-14:57:08 [W] [manage-listenClient] 发送心跳
2026_08_04-14:57:13 [W] [manage-listenClient] 发送心跳
2026_08_04-14:57:18 [W] [manage-listenClient] 发送心跳
2026_08_04-14:57:23 [W] [manage-listenClient] 发送心跳
2026_08_04-14:57:28 [W] [manage-listenClient] 发送心跳
2026_08_04-14:57:33 [W] [manage-listenClient] 发送心跳
2026_08_04-14:57:38 [W] [manage-listenClient] 发送心跳
2026_08_04-14:57:43 [W] [manage-listenClient] 发送心跳
2026_08_04-14:57:48 [W] [manage-listenClient] 发送心跳
2026_08_04-14:57:53 [W] [manage-listenClient] 发送心跳
2026_08_04-14:57:58 [W] [manage-listenClient] 发送心跳
2026_08_04-14:58:03 [W] [manage-listenClient] 发送心跳
2026_08_04-14:58:08 [W] [manage-listenClient] 发送心跳
2026_08_04-14:58:13 [W] [manage-listenClient] 发送心跳
2026_08_04-14:58:18 [W] [manage-listenClient] 发送心跳
2026_08_04-14:58:23 [W] [manage-listenClient] 发送心跳
2026_08_04-14:58:28 [W] [manage-listenClient] 发送心跳
2026_08_04-14:58:33 [W] [manage-listenClient] 发送心跳
2026_08_04-14:58:38 [W] [manage-listenClient] 发送心跳
2026_08_04-14:58:43 [W] [manage-listenClient] 发送心跳
2026_08_04-14:58:48 [W] [manage-listenClient] 发送心跳
2026_08_04-14:58:53 [W] [manage-listenClient] 发送心跳
2026_08_04-14:58:58 [W] [manage-listenClient] 发送心跳
2026_08_04-14:59:03 [W] [manage-listenClient] 发送心跳
2026_08_04-14:59:08 [W] [manage-listenClient] 发送心跳
2026_08_04-14:59:13 [W] [manage-listenClient] 发送心跳
2026_08_04-14:59:18 [W] [manage-listenClient] 发送心跳
2026_08_04-14:59:23 [W] [manage-listenClient] 发送心跳
2026_08_04-14:59:28 [W] [manage-listenClient] 发送心跳
2026_08_04-14:59:33 [W] [manage-listenClient] 发送心跳
2026_08_04-14:59:38 [W] [manage-listenClient] 发送心跳
2026_08_04-14:59:43 [W] [manage-listenClient] 发送心跳
2026_08_04-14:59:48 [W] [manage-listenClient] 发送心跳
2026_08_04-14:59:53 [W] [manage-listenClient] 发送心跳
2026_08_04-14:59:58 [W] [manage-listenClient] 发送心跳
2026_08_04-15:00:03 [W] [manage-listenClient] 发送心跳
2026_08_04-15:00:08 [W] [manage-listenClient] 发送心跳
2026_08_04-15:00:13 [W] [manage-listenClient] 发送心跳
2026_08_04-15:00:18 [W] [manage-listenClient] 发送心跳
2026_08_04-15:00:23 [W] [manage-listenClient] 发送心跳
2026_08_04-15:00:28 [W] [manage-listenClient] 发送心跳
2026_08_04-15:00:33 [W] [manage-listenClient] 发送心跳
2026_08_04-15:00:38 [W] [manage-listenClient] 发送心跳
2026_08_04-15:00:43 [W] [manage-listenClient] 发送心跳
2026_08_04-15:00:48 [W] [manage-listenClient] 发送心跳
2026_08_04-15:00:53 [W] [manage-listenClient] 发送心跳
2026_08_04-15:00:58 [W] [manage-listenClient] 发送心跳
2026_08_04-15:01:03 [W] [manage-listenClient] 发送心跳
2026_08_04-15:01:08 [W] [manage-listenClient] 发送心跳
2026_08_04-15:01:13 [W] [manage-listenClient] 发送心跳
2026_08_04-15:01:18 [W] [manage-listenClient] 发送心跳
2026_08_04-15:01:23 [W] [manage-listenClient] 发送心跳
2026_08_04-15:01:28 [W] [manage-listenClient] 发送心跳
2026_08_04-15:01:34 [W] [manage-listenClient] 发送心跳
2026_08_04-15:01:38 [W] [manage-listenClient] 发送心跳
2026_08_04-15:01:43 [W] [manage-listenClient] 发送心跳
2026_08_04-15:01:48 [W] [manage-listenClient] 发送心跳
2026_08_04-15:01:53 [W] [manage-listenClient] 发送心跳
2026_08_04-15:01:58 [W] [manage-listenClient] 发送心跳
2026_08_04-15:02:03 [W] [manage-listenClient] 发送心跳
2026_08_04-15:02:08 [W] [manage-listenClient] 发送心跳
2026_08_04-15:02:13 [W] [manage-listenClient] 发送心跳
2026_08_04-15:02:18 [W] [manage-listenClient] 发送心跳
2026_08_04-15:02:23 [W] [manage-listenClient] 发送心跳
2026_08_04-15:02:28 [W] [manage-listenClient] 发送心跳
2026_08_04-15:02:33 [W] [manage-listenClient] 发送心跳
2026_08_04-15:02:38 [W] [manage-listenClient] 发送心跳
2026_08_04-15:02:43 [W] [manage-listenClient] 发送心跳
2026_08_04-15:02:48 [W] [manage-listenClient] 发送心跳
2026_08_04-15:02:53 [W] [manage-listenClient] 发送心跳
2026_08_04-15:02:58 [W] [manage-listenClient] 发送心跳
2026_08_04-15:03:03 [W] [manage-listenClient] 发送心跳
2026_08_04-15:03:08 [W] [manage-listenClient] 发送心跳
2026_08_04-15:03:13 [W] [manage-listenClient] 发送心跳
2026_08_04-15:03:18 [W] [manage-listenClient] 发送心跳
2026_08_04-15:03:23 [W] [manage-listenClient] 发送心跳
2026_08_04-15:03:28 [W] [manage-listenClient] 发送心跳
2026_08_04-15:03:33 [W] [manage-listenClient] 发送心跳
2026_08_04-15:03:38 [W] [manage-listenClient] 发送心跳
2026_08_04-15:03:43 [W] [manage-listenClient] 发送心跳
2026_08_04-15:03:48 [W] [manage-listenClient] 发送心跳
2026_08_04-15:03:53 [W] [manage-listenClient] 发送心跳
2026_08_04-15:03:58 [W] [manage-listenClient] 发送心跳
2026_08_04-15:04:03 [W] [manage-listenClient] 发送心跳
2026_08_04-15:04:08 [W] [manage-listenClient] 发送心跳
2026_08_04-15:04:13 [W] [manage-listenClient] 发送心跳
2026_08_04-15:04:18 [W] [manage-listenClient] 发送心跳
2026_08_04-15:04:23 [W] [manage-listenClient] 发送心跳
2026_08_04-15:04:28 [W] [manage-listenClient] 发送心跳
2026_08_04-15:04:33 [W] [manage-listenClient] 发送心跳
2026_08_04-15:04:38 [W] [manage-listenClient] 发送心跳
2026_08_04-15:04:41 [D] [client] disconnect from 192.168.10.1:8090
2026_08_04-15:04:41 [I] [client] socket close = 3
2026_08_04-15:04:41 [W] [manage-listenClient] 断联：开始释放资源
2026_08_04-15:04:41 [W] [manage-listenClient] ClientQue.front()->getClientID() = 7,CurClientID.load() = 6
2026_08_04-15:04:41 [I] [client] socket connect = 1 kConnecting = 0 kConnected = 1 kDisconnecting = 2 kDisconnected = 3
2026_08_04-15:04:41 [W] [manage-CreateClient] 需要创建client Index = 9
2026_08_04-15:04:42 [D] [<UNNAME>] Connection::kConnected
2026_08_04-15:04:42 [W] [analysis] RxFlg.store(1)---serial_number = 844 check_sn = 844
2026_08_04-15:04:42 [W] [analysis] cv通知下发---serial_number = 844 check_sn = 844
2026_08_04-15:04:42 [D] [manage-listenClient] 已经授权成功，重复验证授权码
2026_08_04-15:04:42 [D] [manage-listenClient] Random: bxMjTE..., VIN: HTWW312510A000123
2026_08_04-15:04:42 [I] [manage-listenClient] License verified successfully for VIN: HTWW312510A000123
2026_08_04-15:04:42 [D] [manage-listenClient] License valid until: 2026-10-15 10:12:20
2026_08_04-15:04:42 [I] [manage-listenClient] License verified successfully for expiry: 1A0A0F0A0C14
2026_08_04-15:04:43 [W] [manage-listenClient] 发送心跳
2026_08_04-15:04:48 [W] [manage-listenClient] 发送心跳
2026_08_04-15:04:53 [W] [manage-listenClient] 发送心跳
2026_08_04-15:04:58 [W] [manage-listenClient] 发送心跳
2026_08_04-15:05:03 [W] [manage-listenClient] 发送心跳
2026_08_04-15:05:08 [W] [manage-listenClient] 发送心跳
2026_08_04-15:05:13 [W] [manage-listenClient] 发送心跳
2026_08_04-15:05:18 [W] [manage-listenClient] 发送心跳
2026_08_04-15:05:23 [W] [manage-listenClient] 发送心跳
2026_08_04-15:05:28 [W] [manage-listenClient] 发送心跳
2026_08_04-15:05:34 [W] [manage-listenClient] 发送心跳
2026_08_04-15:05:39 [W] [manage-listenClient] 发送心跳
2026_08_04-15:05:44 [W] [manage-listenClient] 发送心跳
2026_08_04-15:05:49 [W] [manage-listenClient] 发送心跳
2026_08_04-15:05:54 [W] [manage-listenClient] 发送心跳
2026_08_04-15:05:59 [W] [manage-listenClient] 发送心跳
2026_08_04-15:06:04 [W] [manage-listenClient] 发送心跳
2026_08_04-15:06:09 [W] [manage-listenClient] 发送心跳
2026_08_04-15:06:14 [W] [manage-listenClient] 发送心跳
2026_08_04-15:06:19 [W] [manage-listenClient] 发送心跳
2026_08_04-15:06:24 [W] [manage-listenClient] 发送心跳
2026_08_04-15:06:29 [W] [manage-listenClient] 发送心跳
2026_08_04-15:06:34 [W] [manage-listenClient] 发送心跳
2026_08_04-15:06:39 [W] [manage-listenClient] 发送心跳
2026_08_04-15:06:44 [W] [manage-listenClient] 发送心跳
2026_08_04-15:06:49 [W] [manage-listenClient] 发送心跳
2026_08_04-15:06:54 [W] [manage-listenClient] 发送心跳
2026_08_04-15:06:59 [W] [manage-listenClient] 发送心跳
2026_08_04-15:07:04 [W] [manage-listenClient] 发送心跳
2026_08_04-15:07:09 [W] [manage-listenClient] 发送心跳
2026_08_04-15:07:14 [W] [manage-listenClient] 发送心跳
2026_08_04-15:07:19 [W] [manage-listenClient] 发送心跳
2026_08_04-15:07:24 [W] [manage-listenClient] 发送心跳
2026_08_04-15:07:29 [W] [manage-listenClient] 发送心跳
2026_08_04-15:07:34 [W] [manage-listenClient] 发送心跳
2026_08_04-15:07:39 [W] [manage-listenClient] 发送心跳
2026_08_04-15:07:44 [W] [manage-listenClient] 发送心跳
2026_08_04-15:07:49 [W] [manage-listenClient] 发送心跳
2026_08_04-15:07:54 [W] [manage-listenClient] 发送心跳
2026_08_04-15:07:59 [W] [manage-listenClient] 发送心跳
2026_08_04-15:08:04 [W] [manage-listenClient] 发送心跳
2026_08_04-15:08:09 [W] [manage-listenClient] 发送心跳
2026_08_04-15:08:14 [W] [manage-listenClient] 发送心跳
2026_08_04-15:08:19 [W] [manage-listenClient] 发送心跳
2026_08_04-15:08:24 [W] [manage-listenClient] 发送心跳
2026_08_04-15:08:29 [W] [manage-listenClient] 发送心跳
2026_08_04-15:08:34 [W] [manage-listenClient] 发送心跳
2026_08_04-15:08:39 [W] [manage-listenClient] 发送心跳
2026_08_04-15:08:44 [W] [manage-listenClient] 发送心跳
2026_08_04-15:08:49 [W] [manage-listenClient] 发送心跳
2026_08_04-15:08:54 [W] [manage-listenClient] 发送心跳
2026_08_04-15:08:59 [W] [manage-listenClient] 发送心跳
2026_08_04-15:09:04 [W] [manage-listenClient] 发送心跳
2026_08_04-15:09:09 [W] [manage-listenClient] 发送心跳
2026_08_04-15:09:14 [W] [manage-listenClient] 发送心跳
2026_08_04-15:09:19 [W] [manage-listenClient] 发送心跳
2026_08_04-15:09:24 [W] [manage-listenClient] 发送心跳
2026_08_04-15:09:29 [W] [manage-listenClient] 发送心跳
2026_08_04-15:09:34 [W] [manage-listenClient] 发送心跳
2026_08_04-15:09:39 [W] [manage-listenClient] 发送心跳
2026_08_04-15:09:44 [W] [manage-listenClient] 发送心跳
2026_08_04-15:09:49 [W] [manage-listenClient] 发送心跳
2026_08_04-15:09:54 [W] [manage-listenClient] 发送心跳
2026_08_04-15:09:59 [W] [manage-listenClient] 发送心跳
2026_08_04-15:10:04 [W] [manage-listenClient] 发送心跳
2026_08_04-15:10:09 [W] [manage-listenClient] 发送心跳
2026_08_04-15:10:14 [W] [manage-listenClient] 发送心跳
2026_08_04-15:10:19 [W] [manage-listenClient] 发送心跳
2026_08_04-15:10:24 [W] [manage-listenClient] 发送心跳
2026_08_04-15:10:29 [W] [manage-listenClient] 发送心跳
2026_08_04-15:10:34 [W] [manage-listenClient] 发送心跳
2026_08_04-15:10:40 [W] [manage-listenClient] 发送心跳
2026_08_04-15:10:45 [W] [manage-listenClient] 发送心跳
2026_08_04-15:10:50 [W] [manage-listenClient] 发送心跳
2026_08_04-15:10:55 [W] [manage-listenClient] 发送心跳
2026_08_04-15:11:00 [W] [manage-listenClient] 发送心跳
2026_08_04-15:11:05 [W] [manage-listenClient] 发送心跳
2026_08_04-15:11:10 [W] [manage-listenClient] 发送心跳
2026_08_04-15:11:15 [W] [manage-listenClient] 发送心跳
2026_08_04-15:11:20 [W] [manage-listenClient] 发送心跳
2026_08_04-15:11:25 [W] [manage-listenClient] 发送心跳
2026_08_04-15:11:30 [W] [manage-listenClient] 发送心跳
2026_08_04-15:11:35 [W] [manage-listenClient] 发送心跳
2026_08_04-15:11:40 [W] [manage-listenClient] 发送心跳
2026_08_04-15:11:45 [W] [manage-listenClient] 发送心跳
2026_08_04-15:11:50 [W] [manage-listenClient] 发送心跳
2026_08_04-15:11:55 [W] [manage-listenClient] 发送心跳
2026_08_04-15:12:00 [W] [manage-listenClient] 发送心跳
2026_08_04-15:12:05 [W] [manage-listenClient] 发送心跳
2026_08_04-15:12:10 [W] [manage-listenClient] 发送心跳
2026_08_04-15:12:15 [W] [manage-listenClient] 发送心跳
2026_08_04-15:12:20 [W] [manage-listenClient] 发送心跳
2026_08_04-15:12:25 [W] [manage-listenClient] 发送心跳
2026_08_04-15:12:30 [W] [manage-listenClient] 发送心跳
2026_08_04-15:12:35 [W] [manage-listenClient] 发送心跳
2026_08_04-15:12:40 [W] [manage-listenClient] 发送心跳
2026_08_04-15:12:45 [W] [manage-listenClient] 发送心跳
2026_08_04-15:12:50 [W] [manage-listenClient] 发送心跳
2026_08_04-15:12:55 [W] [manage-listenClient] 发送心跳
2026_08_04-15:13:00 [W] [manage-listenClient] 发送心跳
2026_08_04-15:13:05 [W] [manage-listenClient] 发送心跳
2026_08_04-15:13:10 [W] [manage-listenClient] 发送心跳
2026_08_04-15:13:15 [W] [manage-listenClient] 发送心跳
2026_08_04-15:13:20 [W] [manage-listenClient] 发送心跳
2026_08_04-15:13:25 [W] [manage-listenClient] 发送心跳
2026_08_04-15:13:30 [W] [manage-listenClient] 发送心跳
2026_08_04-15:13:35 [W] [manage-listenClient] 发送心跳
2026_08_04-15:13:40 [W] [manage-listenClient] 发送心跳
2026_08_04-15:13:45 [W] [manage-listenClient] 发送心跳
2026_08_04-15:13:50 [W] [manage-listenClient] 发送心跳
2026_08_04-15:13:55 [W] [manage-listenClient] 发送心跳
2026_08_04-15:14:00 [W] [manage-listenClient] 发送心跳
2026_08_04-15:14:05 [W] [manage-listenClient] 发送心跳
2026_08_04-15:14:10 [W] [manage-listenClient] 发送心跳
2026_08_04-15:14:15 [W] [manage-listenClient] 发送心跳
2026_08_04-15:14:20 [W] [manage-listenClient] 发送心跳
2026_08_04-15:14:25 [W] [manage-listenClient] 发送心跳
2026_08_04-15:14:30 [W] [manage-listenClient] 发送心跳
2026_08_04-15:14:35 [W] [manage-listenClient] 发送心跳
2026_08_04-15:14:40 [W] [manage-listenClient] 发送心跳
2026_08_04-15:14:42 [D] [client] disconnect from 192.168.10.1:8090
2026_08_04-15:14:42 [I] [client] socket close = 3
2026_08_04-15:14:42 [W] [manage-listenClient] 断联：开始释放资源
2026_08_04-15:14:42 [W] [manage-listenClient] ClientQue.front()->getClientID() = 8,CurClientID.load() = 7
2026_08_04-15:14:42 [I] [client] socket connect = 1 kConnecting = 0 kConnected = 1 kDisconnecting = 2 kDisconnected = 3
2026_08_04-15:14:42 [W] [manage-CreateClient] 需要创建client Index = 10
2026_08_04-15:14:42 [D] [<UNNAME>] Connection::kConnected
2026_08_04-15:14:42 [W] [analysis] RxFlg.store(1)---serial_number = 965 check_sn = 965
2026_08_04-15:14:42 [W] [analysis] cv通知下发---serial_number = 965 check_sn = 965
2026_08_04-15:14:42 [D] [manage-listenClient] 已经授权成功，重复验证授权码
2026_08_04-15:14:42 [D] [manage-listenClient] Random: bxMjTE..., VIN: HTWW312510A000123
2026_08_04-15:14:42 [I] [manage-listenClient] License verified successfully for VIN: HTWW312510A000123
2026_08_04-15:14:42 [D] [manage-listenClient] License valid until: 2026-10-15 10:12:20
2026_08_04-15:14:42 [I] [manage-listenClient] License verified successfully for expiry: 1A0A0F0A0C14
2026_08_04-15:14:45 [W] [manage-listenClient] 发送心跳
2026_08_04-15:14:50 [W] [manage-listenClient] 发送心跳
2026_08_04-15:14:55 [W] [manage-listenClient] 发送心跳
2026_08_04-15:15:00 [W] [manage-listenClient] 发送心跳
2026_08_04-15:15:05 [W] [manage-listenClient] 发送心跳
2026_08_04-15:15:10 [W] [manage-listenClient] 发送心跳
2026_08_04-15:15:15 [W] [manage-listenClient] 发送心跳
2026_08_04-15:15:20 [W] [manage-listenClient] 发送心跳
2026_08_04-15:15:25 [W] [manage-listenClient] 发送心跳
2026_08_04-15:15:30 [W] [manage-listenClient] 发送心跳
2026_08_04-15:15:35 [W] [manage-listenClient] 发送心跳
2026_08_04-15:15:40 [W] [manage-listenClient] 发送心跳
2026_08_04-15:15:45 [W] [manage-listenClient] 发送心跳
2026_08_04-15:15:50 [W] [manage-listenClient] 发送心跳
2026_08_04-15:15:55 [W] [manage-listenClient] 发送心跳
2026_08_04-15:16:00 [W] [manage-listenClient] 发送心跳
2026_08_04-15:16:05 [W] [manage-listenClient] 发送心跳
2026_08_04-15:16:10 [W] [manage-listenClient] 发送心跳
2026_08_04-15:16:15 [W] [manage-listenClient] 发送心跳
2026_08_04-15:16:20 [W] [manage-listenClient] 发送心跳
2026_08_04-15:16:25 [W] [manage-listenClient] 发送心跳
2026_08_04-15:16:30 [W] [manage-listenClient] 发送心跳
2026_08_04-15:16:35 [W] [manage-listenClient] 发送心跳
2026_08_04-15:16:40 [W] [manage-listenClient] 发送心跳
2026_08_04-15:16:46 [W] [manage-listenClient] 发送心跳
2026_08_04-15:16:51 [W] [manage-listenClient] 发送心跳
2026_08_04-15:16:56 [W] [manage-listenClient] 发送心跳
2026_08_04-15:17:01 [W] [manage-listenClient] 发送心跳
2026_08_04-15:17:06 [W] [manage-listenClient] 发送心跳
2026_08_04-15:17:11 [W] [manage-listenClient] 发送心跳
2026_08_04-15:17:16 [W] [manage-listenClient] 发送心跳
2026_08_04-15:17:20 [W] [manage-listenClient] 发送心跳
2026_08_04-15:17:25 [W] [manage-listenClient] 发送心跳
2026_08_04-15:17:30 [W] [manage-listenClient] 发送心跳
2026_08_04-15:17:35 [W] [manage-listenClient] 发送心跳
2026_08_04-15:17:40 [W] [manage-listenClient] 发送心跳
2026_08_04-15:17:45 [W] [manage-listenClient] 发送心跳
2026_08_04-15:17:50 [W] [manage-listenClient] 发送心跳
2026_08_04-15:17:55 [W] [manage-listenClient] 发送心跳
2026_08_04-15:18:00 [W] [manage-listenClient] 发送心跳
2026_08_04-15:18:05 [W] [manage-listenClient] 发送心跳
2026_08_04-15:18:10 [W] [manage-listenClient] 发送心跳
2026_08_04-15:18:15 [W] [manage-listenClient] 发送心跳
2026_08_04-15:18:20 [W] [manage-listenClient] 发送心跳
2026_08_04-15:18:25 [W] [manage-listenClient] 发送心跳
2026_08_04-15:18:30 [W] [manage-listenClient] 发送心跳
2026_08_04-15:18:35 [W] [manage-listenClient] 发送心跳
2026_08_04-15:18:40 [W] [manage-listenClient] 发送心跳
2026_08_04-15:18:45 [W] [manage-listenClient] 发送心跳
2026_08_04-15:18:50 [W] [manage-listenClient] 发送心跳
2026_08_04-15:18:55 [W] [manage-listenClient] 发送心跳
2026_08_04-15:19:00 [W] [manage-listenClient] 发送心跳
2026_08_04-15:19:05 [W] [manage-listenClient] 发送心跳
2026_08_04-15:19:10 [W] [manage-listenClient] 发送心跳
2026_08_04-15:19:15 [W] [manage-listenClient] 发送心跳
2026_08_04-15:19:20 [W] [manage-listenClient] 发送心跳
2026_08_04-15:19:25 [W] [manage-listenClient] 发送心跳
2026_08_04-15:19:30 [W] [manage-listenClient] 发送心跳
2026_08_04-15:19:35 [W] [manage-listenClient] 发送心跳
2026_08_04-15:19:40 [W] [manage-listenClient] 发送心跳
2026_08_04-15:19:45 [W] [manage-listenClient] 发送心跳
2026_08_04-15:19:50 [W] [manage-listenClient] 发送心跳
2026_08_04-15:19:55 [W] [manage-listenClient] 发送心跳
2026_08_04-15:20:00 [W] [manage-listenClient] 发送心跳
2026_08_04-15:20:05 [W] [manage-listenClient] 发送心跳
2026_08_04-15:20:10 [W] [manage-listenClient] 发送心跳
2026_08_04-15:20:15 [W] [manage-listenClient] 发送心跳
2026_08_04-15:20:20 [W] [manage-listenClient] 发送心跳
2026_08_04-15:20:25 [W] [manage-listenClient] 发送心跳
2026_08_04-15:20:30 [W] [manage-listenClient] 发送心跳
2026_08_04-15:20:35 [W] [manage-listenClient] 发送心跳
2026_08_04-15:20:40 [W] [manage-listenClient] 发送心跳
2026_08_04-15:20:45 [W] [manage-listenClient] 发送心跳
2026_08_04-15:20:50 [W] [manage-listenClient] 发送心跳
2026_08_04-15:20:55 [W] [manage-listenClient] 发送心跳
2026_08_04-15:21:00 [W] [manage-listenClient] 发送心跳
2026_08_04-15:21:05 [W] [manage-listenClient] 发送心跳
2026_08_04-15:21:10 [W] [manage-listenClient] 发送心跳
2026_08_04-15:21:15 [W] [manage-listenClient] 发送心跳
2026_08_04-15:21:20 [W] [manage-listenClient] 发送心跳
2026_08_04-15:21:25 [W] [manage-listenClient] 发送心跳
2026_08_04-15:21:30 [W] [manage-listenClient] 发送心跳
2026_08_04-15:21:35 [W] [manage-listenClient] 发送心跳
2026_08_04-15:21:41 [W] [manage-listenClient] 发送心跳
2026_08_04-15:21:46 [W] [manage-listenClient] 发送心跳
2026_08_04-15:21:51 [W] [manage-listenClient] 发送心跳
2026_08_04-15:21:56 [W] [manage-listenClient] 发送心跳
2026_08_04-15:22:01 [W] [manage-listenClient] 发送心跳
2026_08_04-15:22:06 [W] [manage-listenClient] 发送心跳
2026_08_04-15:22:11 [W] [manage-listenClient] 发送心跳
2026_08_04-15:22:16 [W] [manage-listenClient] 发送心跳
2026_08_04-15:22:21 [W] [manage-listenClient] 发送心跳
2026_08_04-15:22:26 [W] [manage-listenClient] 发送心跳
2026_08_04-15:22:31 [W] [manage-listenClient] 发送心跳
2026_08_04-15:22:36 [W] [manage-listenClient] 发送心跳
2026_08_04-15:22:41 [W] [manage-listenClient] 发送心跳
2026_08_04-15:22:46 [W] [manage-listenClient] 发送心跳
2026_08_04-15:22:51 [W] [manage-listenClient] 发送心跳
2026_08_04-15:22:56 [W] [manage-listenClient] 发送心跳
2026_08_04-15:23:01 [W] [manage-listenClient] 发送心跳
2026_08_04-15:23:06 [W] [manage-listenClient] 发送心跳
2026_08_04-15:23:11 [W] [manage-listenClient] 发送心跳
2026_08_04-15:23:16 [W] [manage-listenClient] 发送心跳
2026_08_04-15:23:21 [W] [manage-listenClient] 发送心跳
2026_08_04-15:23:26 [W] [manage-listenClient] 发送心跳
2026_08_04-15:23:31 [W] [manage-listenClient] 发送心跳
2026_08_04-15:23:36 [W] [manage-listenClient] 发送心跳
2026_08_04-15:23:41 [W] [manage-listenClient] 发送心跳
2026_08_04-15:23:46 [W] [manage-listenClient] 发送心跳
2026_08_04-15:23:51 [W] [manage-listenClient] 发送心跳
2026_08_04-15:23:56 [W] [manage-listenClient] 发送心跳
2026_08_04-15:24:01 [W] [manage-listenClient] 发送心跳
2026_08_04-15:24:06 [W] [manage-listenClient] 发送心跳
2026_08_04-15:24:11 [W] [manage-listenClient] 发送心跳
2026_08_04-15:24:16 [W] [manage-listenClient] 发送心跳
2026_08_04-15:24:21 [W] [manage-listenClient] 发送心跳
2026_08_04-15:24:26 [W] [manage-listenClient] 发送心跳
2026_08_04-15:24:31 [W] [manage-listenClient] 发送心跳
2026_08_04-15:24:36 [W] [manage-listenClient] 发送心跳
2026_08_04-15:24:41 [W] [manage-listenClient] 发送心跳
2026_08_04-15:24:42 [D] [client] disconnect from 192.168.10.1:8090
2026_08_04-15:24:42 [I] [client] socket close = 3
2026_08_04-15:24:42 [W] [manage-listenClient] 断联：开始释放资源
2026_08_04-15:24:42 [W] [manage-listenClient] ClientQue.front()->getClientID() = 9,CurClientID.load() = 8
2026_08_04-15:24:42 [I] [client] socket connect = 1 kConnecting = 0 kConnected = 1 kDisconnecting = 2 kDisconnected = 3
2026_08_04-15:24:42 [W] [manage-CreateClient] 需要创建client Index = 11
2026_08_04-15:24:42 [D] [<UNNAME>] Connection::kConnected
2026_08_04-15:24:43 [W] [analysis] RxFlg.store(1)---serial_number = 1086 check_sn = 1086
2026_08_04-15:24:43 [W] [analysis] cv通知下发---serial_number = 1086 check_sn = 1086
2026_08_04-15:24:43 [D] [manage-listenClient] 已经授权成功，重复验证授权码
2026_08_04-15:24:43 [D] [manage-listenClient] Random: bxMjTE..., VIN: HTWW312510A000123
2026_08_04-15:24:43 [I] [manage-listenClient] License verified successfully for VIN: HTWW312510A000123
2026_08_04-15:24:43 [D] [manage-listenClient] License valid until: 2026-10-15 10:12:20
2026_08_04-15:24:43 [I] [manage-listenClient] License verified successfully for expiry: 1A0A0F0A0C14
2026_08_04-15:24:46 [W] [manage-listenClient] 发送心跳
2026_08_04-15:24:47 [D] [<UNNAME>] Connection::kConnected
2026_08_04-15:24:48 [W] [analysis] RxFlg.store(1)---serial_number = 1088 check_sn = 1088
2026_08_04-15:24:48 [W] [analysis] cv通知下发---serial_number = 1088 check_sn = 1088
2026_08_04-15:24:48 [D] [<UNNAME>] linear_speed=0.000000, angular_speed=0.000000, iscanmove=0
2026_08_04-15:24:48 [D] [<UNNAME>] Connection::kConnected
2026_08_04-15:24:48 [W] [analysis] RxFlg.store(1)---serial_number = 1089 check_sn = 1089
2026_08_04-15:24:48 [W] [analysis] cv通知下发---serial_number = 1089 check_sn = 1089
2026_08_04-15:24:48 [D] [<UNNAME>] brake_ctrl=0
