2026_07_28-17:34:35 [D] [<UNNAME>] start init ...
2026_07_28-17:34:35 [D] [<UNNAME>] gmrL3NIiUe7mk2Gv/LbZv6yPs4w+JnpQgKIKDn8/FR/nYMKfKnR93t2jd9VY4qaRhwq9bJUmJ9BN4RYuKnOxUfY=
2026_07_28-17:34:35 [I] [client] socket connect = 1 kConnecting = 0 kConnected = 1 kDisconnecting = 2 kDisconnected = 3
2026_07_28-17:34:35 [W] [manage-CreateClient] 需要创建client Index = 1
2026_07_28-17:34:35 [W] [manage-CreateClient] 需要创建client Index = 2
2026_07_28-17:34:38 [D] [<UNNAME>] Connection::kConnected
2026_07_28-17:34:38 [W] [analysis] RxFlg.store(1)---serial_number = 0 check_sn = 0
2026_07_28-17:34:38 [W] [analysis] cv通知下发---serial_number = 0 check_sn = 0
2026_07_28-17:34:38 [E] [analysis] [auth=0]:未授权
2026_07_28-17:34:38 [E] [analysis] [auth=0]:未授权
2026_07_28-17:34:39 [E] [analysis] [auth=0]:未授权
2026_07_28-17:34:39 [E] [analysis] [auth=0]:未授权
2026_07_28-17:34:39 [E] [analysis] [auth=0]:未授权
2026_07_28-17:34:40 [W] [manage-listenClient] 发送心跳
2026_07_28-17:34:40 [D] [manage-listenClient] 还未授权成功，请求中
2026_07_28-17:34:40 [D] [<UNNAME>] Connection::kConnected
2026_07_28-17:34:40 [W] [analysis] RxFlg.store(1)---serial_number = 2 check_sn = 2
2026_07_28-17:34:40 [W] [analysis] cv通知下发---serial_number = 2 check_sn = 2
2026_07_28-17:34:40 [D] [manage-listenClient] Random: bxMjTE..., VIN: HTWW312510A000123
2026_07_28-17:34:40 [I] [manage-listenClient] License verified successfully for VIN: HTWW312510A000123
2026_07_28-17:34:40 [D] [manage-listenClient] License valid until: 2026-10-15 10:12:20
2026_07_28-17:34:40 [I] [manage-listenClient] License verified successfully for expiry: 1A0A0F0A0C14
2026_07_28-17:34:41 [D] [<UNNAME>] Connection::kConnected
2026_07_28-17:34:41 [W] [analysis] RxFlg.store(1)---serial_number = 3 check_sn = 3
2026_07_28-17:34:41 [D] [<UNNAME>] brake_ctrl=1
2026_07_28-17:34:41 [W] [analysis] cv通知下发---serial_number = 0 check_sn = 3
2026_07_28-17:34:45 [W] [manage-listenClient] 发送心跳
2026_07_28-17:34:50 [W] [manage-listenClient] 发送心跳
2026_07_28-17:34:55 [W] [manage-listenClient] 发送心跳
2026_07_28-17:35:00 [W] [manage-listenClient] 发送心跳
2026_07_28-17:35:05 [W] [manage-listenClient] 发送心跳
2026_07_28-17:35:10 [W] [manage-listenClient] 发送心跳
2026_07_28-17:35:15 [W] [manage-listenClient] 发送心跳
2026_07_28-17:35:20 [W] [manage-listenClient] 发送心跳
2026_07_28-17:35:25 [W] [manage-listenClient] 发送心跳
2026_07_28-17:35:30 [W] [manage-listenClient] 发送心跳
2026_07_28-17:35:35 [W] [manage-listenClient] 发送心跳
2026_07_28-17:35:40 [W] [manage-listenClient] 发送心跳
2026_07_28-17:35:45 [W] [manage-listenClient] 发送心跳
2026_07_28-17:35:50 [W] [manage-listenClient] 发送心跳
2026_07_28-17:35:55 [W] [manage-listenClient] 发送心跳
2026_07_28-17:36:00 [W] [manage-listenClient] 发送心跳
2026_07_28-17:36:05 [W] [manage-listenClient] 发送心跳
2026_07_28-17:36:10 [W] [manage-listenClient] 发送心跳
2026_07_28-17:36:15 [W] [manage-listenClient] 发送心跳
2026_07_28-17:36:20 [W] [manage-listenClient] 发送心跳
2026_07_28-17:36:25 [W] [manage-listenClient] 发送心跳
2026_07_28-17:36:30 [W] [manage-listenClient] 发送心跳
2026_07_28-17:36:35 [W] [manage-listenClient] 发送心跳
2026_07_28-17:36:36 [D] [<UNNAME>] Connection::kConnected
