2026_07_31-10:11:52 [D] [<UNNAME>] start init ...
2026_07_31-10:11:52 [D] [<UNNAME>] gmrL3NIiUe7mk2Gv/LbZv6yPs4w+JnpQgKIKDn8/FR/nYMKfKnR93t2jd9VY4qaRhwq9bJUmJ9BN4RYuKnOxUfY=
2026_07_31-10:11:52 [I] [client] socket connect = 1 kConnecting = 0 kConnected = 1 kDisconnecting = 2 kDisconnected = 3
2026_07_31-10:11:52 [W] [manage-CreateClient] 需要创建client Index = 1
2026_07_31-10:11:52 [D] [<UNNAME>] Connection::kConnected
2026_07_31-10:11:53 [W] [analysis] RxFlg.store(1)---serial_number = 0 check_sn = 0
2026_07_31-10:11:53 [W] [analysis] cv通知下发---serial_number = 0 check_sn = 0
2026_07_31-10:11:53 [E] [analysis] [auth=0]:未授权
2026_07_31-10:11:53 [D] [manage-listenClient] 还未授权成功，请求中
2026_07_31-10:11:53 [D] [<UNNAME>] Connection::kConnected
2026_07_31-10:11:53 [W] [manage-CreateClient] 需要创建client Index = 2
2026_07_31-10:11:53 [W] [analysis] RxFlg.store(1)---serial_number = 1 check_sn = 1
2026_07_31-10:11:53 [W] [analysis] cv通知下发---serial_number = 1 check_sn = 1
2026_07_31-10:11:53 [D] [manage-listenClient] Random: bxMjTE..., VIN: HTWW312510A000123
2026_07_31-10:11:53 [I] [manage-listenClient] License verified successfully for VIN: HTWW312510A000123
2026_07_31-10:11:53 [D] [manage-listenClient] License valid until: 2026-10-15 10:12:20
2026_07_31-10:11:53 [I] [manage-listenClient] License verified successfully for expiry: 1A0A0F0A0C14
2026_07_31-10:11:54 [D] [<UNNAME>] Connection::kConnected
2026_07_31-10:11:54 [W] [analysis] RxFlg.store(1)---serial_number = 2 check_sn = 2
2026_07_31-10:11:54 [W] [analysis] cv通知下发---serial_number = 2 check_sn = 2
2026_07_31-10:11:54 [D] [<UNNAME>] brake_ctrl=1
2026_07_31-10:11:57 [W] [manage-listenClient] 发送心跳
2026_07_31-10:12:02 [W] [manage-listenClient] 发送心跳
2026_07_31-10:12:07 [W] [manage-listenClient] 发送心跳
2026_07_31-10:12:12 [W] [manage-listenClient] 发送心跳
2026_07_31-10:12:17 [W] [manage-listenClient] 发送心跳
2026_07_31-10:12:23 [W] [manage-listenClient] 发送心跳
2026_07_31-10:12:28 [W] [manage-listenClient] 发送心跳
2026_07_31-10:12:33 [W] [manage-listenClient] 发送心跳
2026_07_31-10:12:38 [W] [manage-listenClient] 发送心跳
2026_07_31-10:12:43 [W] [manage-listenClient] 发送心跳
2026_07_31-10:12:48 [W] [manage-listenClient] 发送心跳
2026_07_31-10:12:53 [W] [manage-listenClient] 发送心跳
2026_07_31-10:12:58 [W] [manage-listenClient] 发送心跳
2026_07_31-10:13:03 [W] [manage-listenClient] 发送心跳
2026_07_31-10:13:08 [W] [manage-listenClient] 发送心跳
2026_07_31-10:13:13 [W] [manage-listenClient] 发送心跳
2026_07_31-10:13:18 [W] [manage-listenClient] 发送心跳
2026_07_31-10:13:23 [W] [manage-listenClient] 发送心跳
2026_07_31-10:13:28 [W] [manage-listenClient] 发送心跳
2026_07_31-10:13:33 [W] [manage-listenClient] 发送心跳
2026_07_31-10:13:38 [W] [manage-listenClient] 发送心跳
2026_07_31-10:13:43 [W] [manage-listenClient] 发送心跳
2026_07_31-10:13:48 [W] [manage-listenClient] 发送心跳
2026_07_31-10:13:53 [W] [manage-listenClient] 发送心跳
2026_07_31-10:13:58 [W] [manage-listenClient] 发送心跳
2026_07_31-10:14:03 [W] [manage-listenClient] 发送心跳
2026_07_31-10:14:08 [W] [manage-listenClient] 发送心跳
2026_07_31-10:14:13 [W] [manage-listenClient] 发送心跳
2026_07_31-10:14:18 [W] [manage-listenClient] 发送心跳
2026_07_31-10:14:23 [W] [manage-listenClient] 发送心跳
2026_07_31-10:14:28 [W] [manage-listenClient] 发送心跳
2026_07_31-10:14:33 [W] [manage-listenClient] 发送心跳
2026_07_31-10:14:38 [W] [manage-listenClient] 发送心跳
2026_07_31-10:14:43 [W] [manage-listenClient] 发送心跳
2026_07_31-10:14:47 [D] [<UNNAME>] Connection::kConnected
2026_07_31-10:14:47 [W] [analysis] RxFlg.store(1)---serial_number = 37 check_sn = 37
2026_07_31-10:14:47 [W] [analysis] cv通知下发---serial_number = 37 check_sn = 37
2026_07_31-10:14:47 [D] [<UNNAME>] linear_speed=0.000000, angular_speed=0.000000, iscanmove=0
2026_07_31-10:14:47 [D] [<UNNAME>] Connection::kConnected
2026_07_31-10:14:47 [W] [analysis] RxFlg.store(1)---serial_number = 38 check_sn = 38
2026_07_31-10:14:47 [W] [analysis] cv通知下发---serial_number = 38 check_sn = 38
2026_07_31-10:14:47 [D] [<UNNAME>] brake_ctrl=0
2026_07_31-10:14:48 [W] [manage-listenClient] 发送心跳
