2026_08_03-17:43:16 [D] [<UNNAME>] start init ...
2026_08_03-17:43:16 [D] [<UNNAME>] gmrL3NIiUe7mk2Gv/LbZv6yPs4w+JnpQgKIKDn8/FR/nYMKfKnR93t2jd9VY4qaRhwq9bJUmJ9BN4RYuKnOxUfY=
2026_08_03-17:43:16 [I] [client] socket connect = 1 kConnecting = 0 kConnected = 1 kDisconnecting = 2 kDisconnected = 3
2026_08_03-17:43:16 [W] [manage-CreateClient] 需要创建client Index = 1
2026_08_03-17:43:16 [D] [<UNNAME>] Connection::kConnected
2026_08_03-17:43:16 [W] [analysis] RxFlg.store(1)---serial_number = 0 check_sn = 0
2026_08_03-17:43:16 [W] [analysis] cv通知下发---serial_number = 0 check_sn = 0
2026_08_03-17:43:16 [E] [analysis] [auth=0]:未授权
2026_08_03-17:43:16 [E] [analysis] [auth=0]:未授权
2026_08_03-17:43:16 [D] [manage-listenClient] 还未授权成功，请求中
2026_08_03-17:43:16 [D] [<UNNAME>] Connection::kConnected
2026_08_03-17:43:16 [W] [manage-CreateClient] 需要创建client Index = 2
2026_08_03-17:43:17 [W] [analysis] RxFlg.store(1)---serial_number = 1 check_sn = 1
2026_08_03-17:43:17 [W] [analysis] cv通知下发---serial_number = 1 check_sn = 1
2026_08_03-17:43:17 [D] [manage-listenClient] Random: bxMjTE..., VIN: HTWW312510A000123
2026_08_03-17:43:17 [I] [manage-listenClient] License verified successfully for VIN: HTWW312510A000123
2026_08_03-17:43:17 [D] [manage-listenClient] License valid until: 2026-10-15 10:12:20
2026_08_03-17:43:17 [I] [manage-listenClient] License verified successfully for expiry: 1A0A0F0A0C14
2026_08_03-17:43:17 [D] [<UNNAME>] Connection::kConnected
2026_08_03-17:43:17 [W] [analysis] RxFlg.store(1)---serial_number = 2 check_sn = 2
2026_08_03-17:43:17 [W] [analysis] cv通知下发---serial_number = 2 check_sn = 2
2026_08_03-17:43:17 [D] [<UNNAME>] brake_ctrl=1
2026_08_03-17:43:21 [W] [manage-listenClient] 发送心跳
2026_08_03-17:43:26 [W] [manage-listenClient] 发送心跳
2026_08_03-17:43:31 [W] [manage-listenClient] 发送心跳
2026_08_03-17:43:36 [W] [manage-listenClient] 发送心跳
2026_08_03-17:43:41 [W] [manage-listenClient] 发送心跳
2026_08_03-17:43:46 [W] [manage-listenClient] 发送心跳
2026_08_03-17:43:51 [W] [manage-listenClient] 发送心跳
2026_08_03-17:43:56 [W] [manage-listenClient] 发送心跳
2026_08_03-17:44:01 [W] [manage-listenClient] 发送心跳
2026_08_03-17:44:06 [W] [manage-listenClient] 发送心跳
2026_08_03-17:44:11 [W] [manage-listenClient] 发送心跳
2026_08_03-17:44:16 [W] [manage-listenClient] 发送心跳
2026_08_03-17:44:21 [W] [manage-listenClient] 发送心跳
2026_08_03-17:44:26 [W] [manage-listenClient] 发送心跳
2026_08_03-17:44:31 [W] [manage-listenClient] 发送心跳
2026_08_03-17:44:36 [W] [manage-listenClient] 发送心跳
2026_08_03-17:44:41 [W] [manage-listenClient] 发送心跳
2026_08_03-17:44:46 [W] [manage-listenClient] 发送心跳
2026_08_03-17:44:52 [W] [manage-listenClient] 发送心跳
2026_08_03-17:44:57 [W] [manage-listenClient] 发送心跳
2026_08_03-17:45:02 [W] [manage-listenClient] 发送心跳
2026_08_03-17:45:07 [W] [manage-listenClient] 发送心跳
2026_08_03-17:45:12 [W] [manage-listenClient] 发送心跳
2026_08_03-17:45:17 [W] [manage-listenClient] 发送心跳
2026_08_03-17:45:22 [W] [manage-listenClient] 发送心跳
2026_08_03-17:45:27 [W] [manage-listenClient] 发送心跳
2026_08_03-17:45:32 [W] [manage-listenClient] 发送心跳
2026_08_03-17:45:37 [W] [manage-listenClient] 发送心跳
2026_08_03-17:45:42 [W] [manage-listenClient] 发送心跳
2026_08_03-17:45:47 [W] [manage-listenClient] 发送心跳
2026_08_03-17:45:52 [W] [manage-listenClient] 发送心跳
2026_08_03-17:45:57 [W] [manage-listenClient] 发送心跳
2026_08_03-17:46:02 [W] [manage-listenClient] 发送心跳
2026_08_03-17:46:07 [W] [manage-listenClient] 发送心跳
2026_08_03-17:46:12 [W] [manage-listenClient] 发送心跳
2026_08_03-17:46:17 [W] [manage-listenClient] 发送心跳
2026_08_03-17:46:22 [W] [manage-listenClient] 发送心跳
2026_08_03-17:46:27 [W] [manage-listenClient] 发送心跳
2026_08_03-17:46:32 [W] [manage-listenClient] 发送心跳
2026_08_03-17:46:37 [W] [manage-listenClient] 发送心跳
2026_08_03-17:46:42 [W] [manage-listenClient] 发送心跳
2026_08_03-17:46:47 [W] [manage-listenClient] 发送心跳
2026_08_03-17:46:52 [W] [manage-listenClient] 发送心跳
2026_08_03-17:46:57 [W] [manage-listenClient] 发送心跳
2026_08_03-17:47:02 [W] [manage-listenClient] 发送心跳
2026_08_03-17:47:07 [W] [manage-listenClient] 发送心跳
2026_08_03-17:47:12 [W] [manage-listenClient] 发送心跳
2026_08_03-17:47:17 [W] [manage-listenClient] 发送心跳
2026_08_03-17:47:22 [W] [manage-listenClient] 发送心跳
2026_08_03-17:47:27 [W] [manage-listenClient] 发送心跳
2026_08_03-17:47:32 [W] [manage-listenClient] 发送心跳
2026_08_03-17:47:37 [W] [manage-listenClient] 发送心跳
2026_08_03-17:47:42 [W] [manage-listenClient] 发送心跳
2026_08_03-17:47:47 [W] [manage-listenClient] 发送心跳
2026_08_03-17:47:52 [W] [manage-listenClient] 发送心跳
2026_08_03-17:47:57 [W] [manage-listenClient] 发送心跳
2026_08_03-17:48:02 [W] [manage-listenClient] 发送心跳
2026_08_03-17:48:07 [W] [manage-listenClient] 发送心跳
2026_08_03-17:48:12 [W] [manage-listenClient] 发送心跳
2026_08_03-17:48:17 [W] [manage-listenClient] 发送心跳
2026_08_03-17:48:22 [W] [manage-listenClient] 发送心跳
2026_08_03-17:48:27 [W] [manage-listenClient] 发送心跳
2026_08_03-17:48:32 [W] [manage-listenClient] 发送心跳
2026_08_03-17:48:37 [W] [manage-listenClient] 发送心跳
2026_08_03-17:48:42 [W] [manage-listenClient] 发送心跳
2026_08_03-17:48:47 [W] [manage-listenClient] 发送心跳
2026_08_03-17:48:52 [W] [manage-listenClient] 发送心跳
2026_08_03-17:48:57 [W] [manage-listenClient] 发送心跳
2026_08_03-17:49:02 [W] [manage-listenClient] 发送心跳
2026_08_03-17:49:07 [W] [manage-listenClient] 发送心跳
2026_08_03-17:49:12 [W] [manage-listenClient] 发送心跳
2026_08_03-17:49:17 [W] [manage-listenClient] 发送心跳
2026_08_03-17:49:22 [W] [manage-listenClient] 发送心跳
2026_08_03-17:49:27 [W] [manage-listenClient] 发送心跳
2026_08_03-17:49:32 [W] [manage-listenClient] 发送心跳
2026_08_03-17:49:37 [W] [manage-listenClient] 发送心跳
2026_08_03-17:49:42 [W] [manage-listenClient] 发送心跳
2026_08_03-17:49:47 [W] [manage-listenClient] 发送心跳
2026_08_03-17:49:52 [W] [manage-listenClient] 发送心跳
2026_08_03-17:49:57 [W] [manage-listenClient] 发送心跳
2026_08_03-17:50:02 [W] [manage-listenClient] 发送心跳
2026_08_03-17:50:07 [W] [manage-listenClient] 发送心跳
2026_08_03-17:50:12 [W] [manage-listenClient] 发送心跳
2026_08_03-17:50:17 [W] [manage-listenClient] 发送心跳
2026_08_03-17:50:22 [W] [manage-listenClient] 发送心跳
2026_08_03-17:50:27 [W] [manage-listenClient] 发送心跳
2026_08_03-17:50:32 [W] [manage-listenClient] 发送心跳
2026_08_03-17:50:37 [W] [manage-listenClient] 发送心跳
2026_08_03-17:50:42 [W] [manage-listenClient] 发送心跳
2026_08_03-17:50:47 [W] [manage-listenClient] 发送心跳
2026_08_03-17:50:52 [W] [manage-listenClient] 发送心跳
2026_08_03-17:50:57 [W] [manage-listenClient] 发送心跳
2026_08_03-17:51:02 [W] [manage-listenClient] 发送心跳
2026_08_03-17:51:07 [W] [manage-listenClient] 发送心跳
2026_08_03-17:51:12 [W] [manage-listenClient] 发送心跳
2026_08_03-17:51:17 [W] [manage-listenClient] 发送心跳
2026_08_03-17:51:22 [W] [manage-listenClient] 发送心跳
2026_08_03-17:51:27 [W] [manage-listenClient] 发送心跳
2026_08_03-17:51:32 [W] [manage-listenClient] 发送心跳
2026_08_03-17:51:37 [W] [manage-listenClient] 发送心跳
2026_08_03-17:51:42 [W] [manage-listenClient] 发送心跳
2026_08_03-17:51:47 [W] [manage-listenClient] 发送心跳
2026_08_03-17:51:52 [W] [manage-listenClient] 发送心跳
2026_08_03-17:51:57 [W] [manage-listenClient] 发送心跳
2026_08_03-17:52:02 [W] [manage-listenClient] 发送心跳
2026_08_03-17:52:07 [W] [manage-listenClient] 发送心跳
2026_08_03-17:52:12 [W] [manage-listenClient] 发送心跳
2026_08_03-17:52:17 [W] [manage-listenClient] 发送心跳
2026_08_03-17:52:22 [W] [manage-listenClient] 发送心跳
2026_08_03-17:52:27 [W] [manage-listenClient] 发送心跳
2026_08_03-17:52:32 [W] [manage-listenClient] 发送心跳
2026_08_03-17:52:37 [W] [manage-listenClient] 发送心跳
2026_08_03-17:52:42 [W] [manage-listenClient] 发送心跳
2026_08_03-17:52:47 [W] [manage-listenClient] 发送心跳
2026_08_03-17:52:52 [W] [manage-listenClient] 发送心跳
2026_08_03-17:52:57 [W] [manage-listenClient] 发送心跳
2026_08_03-17:53:02 [W] [manage-listenClient] 发送心跳
2026_08_03-17:53:07 [W] [manage-listenClient] 发送心跳
2026_08_03-17:53:12 [W] [manage-listenClient] 发送心跳
2026_08_03-17:53:17 [D] [client] disconnect from 192.168.10.1:8090
2026_08_03-17:53:17 [I] [client] socket close = 3
2026_08_03-17:53:17 [W] [manage-listenClient] 发送心跳
2026_08_03-17:53:17 [W] [manage-listenClient] 断联：开始释放资源
2026_08_03-17:53:17 [W] [manage-listenClient] ClientQue.front()->getClientID() = 1,CurClientID.load() = 0
2026_08_03-17:53:17 [I] [client] socket connect = 1 kConnecting = 0 kConnected = 1 kDisconnecting = 2 kDisconnected = 3
2026_08_03-17:53:17 [W] [manage-CreateClient] 需要创建client Index = 3
2026_08_03-17:53:17 [D] [<UNNAME>] Connection::kConnected
2026_08_03-17:53:18 [W] [analysis] RxFlg.store(1)---serial_number = 123 check_sn = 123
2026_08_03-17:53:18 [W] [analysis] cv通知下发---serial_number = 123 check_sn = 123
2026_08_03-17:53:18 [D] [manage-listenClient] 已经授权成功，重复验证授权码
2026_08_03-17:53:18 [D] [manage-listenClient] Random: bxMjTE..., VIN: HTWW312510A000123
2026_08_03-17:53:18 [I] [manage-listenClient] License verified successfully for VIN: HTWW312510A000123
2026_08_03-17:53:18 [D] [manage-listenClient] License valid until: 2026-10-15 10:12:20
2026_08_03-17:53:18 [I] [manage-listenClient] License verified successfully for expiry: 1A0A0F0A0C14
2026_08_03-17:53:22 [W] [manage-listenClient] 发送心跳
2026_08_03-17:53:26 [D] [<UNNAME>] Connection::kConnected
2026_08_03-17:53:26 [W] [analysis] RxFlg.store(1)---serial_number = 125 check_sn = 125
2026_08_03-17:53:26 [W] [analysis] cv通知下发---serial_number = 125 check_sn = 125
2026_08_03-17:53:26 [D] [<UNNAME>] linear_speed=0.000000, angular_speed=0.000000, iscanmove=0
2026_08_03-17:53:26 [D] [<UNNAME>] Connection::kConnected
2026_08_03-17:53:27 [W] [analysis] RxFlg.store(1)---serial_number = 126 check_sn = 126
2026_08_03-17:53:27 [W] [analysis] cv通知下发---serial_number = 126 check_sn = 126
2026_08_03-17:53:27 [D] [<UNNAME>] brake_ctrl=0
