2026_07_29-14:19:36 [D] [<UNNAME>] start init ...
2026_07_29-14:19:36 [D] [<UNNAME>] gmrL3NIiUe7mk2Gv/LbZv6yPs4w+JnpQgKIKDn8/FR/nYMKfKnR93t2jd9VY4qaRhwq9bJUmJ9BN4RYuKnOxUfY=
2026_07_29-14:19:36 [I] [client] socket connect = 1 kConnecting = 0 kConnected = 1 kDisconnecting = 2 kDisconnected = 3
2026_07_29-14:19:36 [W] [manage-CreateClient] 需要创建client Index = 1
2026_07_29-14:19:36 [D] [<UNNAME>] Connection::kConnected
2026_07_29-14:19:36 [W] [analysis] RxFlg.store(1)---serial_number = 0 check_sn = 0
2026_07_29-14:19:36 [W] [analysis] cv通知下发---serial_number = 0 check_sn = 0
2026_07_29-14:19:36 [E] [analysis] [auth=0]:未授权
2026_07_29-14:19:36 [E] [analysis] [auth=0]:未授权
2026_07_29-14:19:36 [D] [manage-listenClient] 还未授权成功，请求中
2026_07_29-14:19:36 [D] [<UNNAME>] Connection::kConnected
2026_07_29-14:19:36 [W] [manage-CreateClient] 需要创建client Index = 2
2026_07_29-14:19:37 [W] [analysis] RxFlg.store(1)---serial_number = 1 check_sn = 1
2026_07_29-14:19:37 [W] [analysis] cv通知下发---serial_number = 1 check_sn = 1
2026_07_29-14:19:37 [E] [analysis] [auth=0]:未授权
2026_07_29-14:19:37 [D] [manage-listenClient] Random: bxMjTE..., VIN: HTWW312510A000123
2026_07_29-14:19:37 [I] [manage-listenClient] License verified successfully for VIN: HTWW312510A000123
2026_07_29-14:19:37 [D] [manage-listenClient] License valid until: 2026-10-15 10:12:20
2026_07_29-14:19:37 [I] [manage-listenClient] License verified successfully for expiry: 1A0A0F0A0C14
2026_07_29-14:19:37 [D] [<UNNAME>] Connection::kConnected
2026_07_29-14:19:37 [W] [analysis] RxFlg.store(1)---serial_number = 2 check_sn = 2
2026_07_29-14:19:37 [W] [analysis] cv通知下发---serial_number = 2 check_sn = 2
2026_07_29-14:19:37 [D] [<UNNAME>] brake_ctrl=1
2026_07_29-14:19:41 [W] [manage-listenClient] 发送心跳
2026_07_29-14:19:46 [W] [manage-listenClient] 发送心跳
2026_07_29-14:19:51 [W] [manage-listenClient] 发送心跳
2026_07_29-14:19:56 [W] [manage-listenClient] 发送心跳
2026_07_29-14:20:01 [W] [manage-listenClient] 发送心跳
2026_07_29-14:20:06 [W] [manage-listenClient] 发送心跳
2026_07_29-14:20:11 [W] [manage-listenClient] 发送心跳
2026_07_29-14:20:16 [W] [manage-listenClient] 发送心跳
2026_07_29-14:20:21 [W] [manage-listenClient] 发送心跳
2026_07_29-14:20:26 [W] [manage-listenClient] 发送心跳
2026_07_29-14:20:31 [W] [manage-listenClient] 发送心跳
2026_07_29-14:20:36 [W] [manage-listenClient] 发送心跳
2026_07_29-14:20:41 [W] [manage-listenClient] 发送心跳
2026_07_29-14:20:46 [W] [manage-listenClient] 发送心跳
2026_07_29-14:20:51 [W] [manage-listenClient] 发送心跳
2026_07_29-14:20:56 [W] [manage-listenClient] 发送心跳
2026_07_29-14:21:01 [W] [manage-listenClient] 发送心跳
2026_07_29-14:21:06 [W] [manage-listenClient] 发送心跳
2026_07_29-14:21:11 [W] [manage-listenClient] 发送心跳
2026_07_29-14:21:16 [W] [manage-listenClient] 发送心跳
2026_07_29-14:21:21 [W] [manage-listenClient] 发送心跳
2026_07_29-14:21:26 [W] [manage-listenClient] 发送心跳
2026_07_29-14:21:31 [W] [manage-listenClient] 发送心跳
2026_07_29-14:21:36 [W] [manage-listenClient] 发送心跳
2026_07_29-14:21:41 [W] [manage-listenClient] 发送心跳
2026_07_29-14:21:46 [W] [manage-listenClient] 发送心跳
2026_07_29-14:21:51 [W] [manage-listenClient] 发送心跳
2026_07_29-14:21:56 [W] [manage-listenClient] 发送心跳
2026_07_29-14:22:01 [W] [manage-listenClient] 发送心跳
2026_07_29-14:22:06 [W] [manage-listenClient] 发送心跳
2026_07_29-14:22:11 [W] [manage-listenClient] 发送心跳
2026_07_29-14:22:16 [W] [manage-listenClient] 发送心跳
2026_07_29-14:22:21 [W] [manage-listenClient] 发送心跳
2026_07_29-14:22:26 [W] [manage-listenClient] 发送心跳
2026_07_29-14:22:31 [W] [manage-listenClient] 发送心跳
2026_07_29-14:22:37 [W] [manage-listenClient] 发送心跳
2026_07_29-14:22:42 [W] [manage-listenClient] 发送心跳
2026_07_29-14:22:47 [W] [manage-listenClient] 发送心跳
2026_07_29-14:22:52 [W] [manage-listenClient] 发送心跳
2026_07_29-14:22:57 [W] [manage-listenClient] 发送心跳
2026_07_29-14:23:02 [W] [manage-listenClient] 发送心跳
2026_07_29-14:23:07 [W] [manage-listenClient] 发送心跳
2026_07_29-14:23:12 [W] [manage-listenClient] 发送心跳
2026_07_29-14:23:17 [W] [manage-listenClient] 发送心跳
2026_07_29-14:23:22 [W] [manage-listenClient] 发送心跳
2026_07_29-14:23:27 [W] [manage-listenClient] 发送心跳
2026_07_29-14:23:31 [W] [manage-listenClient] 发送心跳
2026_07_29-14:23:36 [W] [manage-listenClient] 发送心跳
2026_07_29-14:23:41 [W] [manage-listenClient] 发送心跳
2026_07_29-14:23:46 [W] [manage-listenClient] 发送心跳
2026_07_29-14:23:51 [W] [manage-listenClient] 发送心跳
2026_07_29-14:23:56 [W] [manage-listenClient] 发送心跳
2026_07_29-14:24:01 [W] [manage-listenClient] 发送心跳
2026_07_29-14:24:06 [W] [manage-listenClient] 发送心跳
2026_07_29-14:24:11 [W] [manage-listenClient] 发送心跳
2026_07_29-14:24:16 [W] [manage-listenClient] 发送心跳
2026_07_29-14:24:21 [W] [manage-listenClient] 发送心跳
2026_07_29-14:24:26 [W] [manage-listenClient] 发送心跳
2026_07_29-14:24:31 [W] [manage-listenClient] 发送心跳
2026_07_29-14:24:36 [W] [manage-listenClient] 发送心跳
2026_07_29-14:24:41 [W] [manage-listenClient] 发送心跳
2026_07_29-14:24:46 [W] [manage-listenClient] 发送心跳
2026_07_29-14:24:51 [W] [manage-listenClient] 发送心跳
2026_07_29-14:24:56 [W] [manage-listenClient] 发送心跳
2026_07_29-14:25:01 [W] [manage-listenClient] 发送心跳
2026_07_29-14:25:06 [W] [manage-listenClient] 发送心跳
2026_07_29-14:25:11 [W] [manage-listenClient] 发送心跳
2026_07_29-14:25:16 [W] [manage-listenClient] 发送心跳
2026_07_29-14:25:21 [W] [manage-listenClient] 发送心跳
2026_07_29-14:25:26 [W] [manage-listenClient] 发送心跳
2026_07_29-14:25:31 [W] [manage-listenClient] 发送心跳
2026_07_29-14:25:36 [W] [manage-listenClient] 发送心跳
2026_07_29-14:25:41 [W] [manage-listenClient] 发送心跳
2026_07_29-14:25:46 [W] [manage-listenClient] 发送心跳
2026_07_29-14:25:51 [W] [manage-listenClient] 发送心跳
2026_07_29-14:25:56 [W] [manage-listenClient] 发送心跳
2026_07_29-14:26:01 [W] [manage-listenClient] 发送心跳
2026_07_29-14:26:06 [W] [manage-listenClient] 发送心跳
2026_07_29-14:26:11 [W] [manage-listenClient] 发送心跳
2026_07_29-14:26:16 [W] [manage-listenClient] 发送心跳
2026_07_29-14:26:21 [W] [manage-listenClient] 发送心跳
2026_07_29-14:26:26 [W] [manage-listenClient] 发送心跳
2026_07_29-14:26:31 [W] [manage-listenClient] 发送心跳
2026_07_29-14:26:36 [W] [manage-listenClient] 发送心跳
2026_07_29-14:26:41 [W] [manage-listenClient] 发送心跳
2026_07_29-14:26:46 [W] [manage-listenClient] 发送心跳
2026_07_29-14:26:51 [W] [manage-listenClient] 发送心跳
2026_07_29-14:26:56 [W] [manage-listenClient] 发送心跳
2026_07_29-14:27:01 [W] [manage-listenClient] 发送心跳
2026_07_29-14:27:06 [W] [manage-listenClient] 发送心跳
2026_07_29-14:27:11 [W] [manage-listenClient] 发送心跳
2026_07_29-14:27:16 [W] [manage-listenClient] 发送心跳
2026_07_29-14:27:21 [W] [manage-listenClient] 发送心跳
2026_07_29-14:27:26 [W] [manage-listenClient] 发送心跳
2026_07_29-14:27:31 [W] [manage-listenClient] 发送心跳
2026_07_29-14:27:36 [W] [manage-listenClient] 发送心跳
2026_07_29-14:27:41 [W] [manage-listenClient] 发送心跳
2026_07_29-14:27:46 [W] [manage-listenClient] 发送心跳
2026_07_29-14:27:51 [W] [manage-listenClient] 发送心跳
2026_07_29-14:27:56 [W] [manage-listenClient] 发送心跳
2026_07_29-14:28:01 [W] [manage-listenClient] 发送心跳
2026_07_29-14:28:06 [W] [manage-listenClient] 发送心跳
2026_07_29-14:28:11 [W] [manage-listenClient] 发送心跳
2026_07_29-14:28:16 [W] [manage-listenClient] 发送心跳
2026_07_29-14:28:21 [W] [manage-listenClient] 发送心跳
2026_07_29-14:28:26 [W] [manage-listenClient] 发送心跳
2026_07_29-14:28:31 [W] [manage-listenClient] 发送心跳
2026_07_29-14:28:36 [W] [manage-listenClient] 发送心跳
2026_07_29-14:28:41 [W] [manage-listenClient] 发送心跳
2026_07_29-14:28:47 [W] [manage-listenClient] 发送心跳
2026_07_29-14:28:52 [W] [manage-listenClient] 发送心跳
2026_07_29-14:28:57 [W] [manage-listenClient] 发送心跳
2026_07_29-14:29:02 [W] [manage-listenClient] 发送心跳
2026_07_29-14:29:07 [W] [manage-listenClient] 发送心跳
2026_07_29-14:29:12 [W] [manage-listenClient] 发送心跳
2026_07_29-14:29:17 [W] [manage-listenClient] 发送心跳
2026_07_29-14:29:22 [W] [manage-listenClient] 发送心跳
2026_07_29-14:29:27 [W] [manage-listenClient] 发送心跳
2026_07_29-14:29:32 [W] [manage-listenClient] 发送心跳
2026_07_29-14:29:37 [W] [manage-listenClient] 发送心跳
2026_07_29-14:29:37 [D] [client] disconnect from 192.168.10.1:8090
2026_07_29-14:29:37 [I] [client] socket close = 3
2026_07_29-14:29:37 [W] [manage-listenClient] 断联：开始释放资源
2026_07_29-14:29:37 [W] [manage-listenClient] ClientQue.front()->getClientID() = 1,CurClientID.load() = 0
2026_07_29-14:29:37 [I] [client] socket connect = 1 kConnecting = 0 kConnected = 1 kDisconnecting = 2 kDisconnected = 3
2026_07_29-14:29:37 [W] [manage-CreateClient] 需要创建client Index = 3
2026_07_29-14:29:37 [D] [<UNNAME>] Connection::kConnected
2026_07_29-14:29:38 [W] [analysis] RxFlg.store(1)---serial_number = 123 check_sn = 123
2026_07_29-14:29:38 [W] [analysis] cv通知下发---serial_number = 123 check_sn = 123
2026_07_29-14:29:38 [D] [manage-listenClient] 已经授权成功，重复验证授权码
2026_07_29-14:29:38 [D] [manage-listenClient] Random: bxMjTE..., VIN: HTWW312510A000123
2026_07_29-14:29:38 [I] [manage-listenClient] License verified successfully for VIN: HTWW312510A000123
2026_07_29-14:29:38 [D] [manage-listenClient] License valid until: 2026-10-15 10:12:20
2026_07_29-14:29:38 [I] [manage-listenClient] License verified successfully for expiry: 1A0A0F0A0C14
2026_07_29-14:29:42 [W] [manage-listenClient] 发送心跳
2026_07_29-14:29:47 [W] [manage-listenClient] 发送心跳
2026_07_29-14:29:52 [W] [manage-listenClient] 发送心跳
2026_07_29-14:29:57 [W] [manage-listenClient] 发送心跳
2026_07_29-14:30:02 [W] [manage-listenClient] 发送心跳
2026_07_29-14:30:07 [W] [manage-listenClient] 发送心跳
2026_07_29-14:30:12 [W] [manage-listenClient] 发送心跳
2026_07_29-14:30:17 [W] [manage-listenClient] 发送心跳
2026_07_29-14:30:22 [W] [manage-listenClient] 发送心跳
2026_07_29-14:30:27 [W] [manage-listenClient] 发送心跳
2026_07_29-14:30:32 [W] [manage-listenClient] 发送心跳
2026_07_29-14:30:37 [W] [manage-listenClient] 发送心跳
2026_07_29-14:30:42 [W] [manage-listenClient] 发送心跳
2026_07_29-14:30:47 [W] [manage-listenClient] 发送心跳
2026_07_29-14:30:52 [W] [manage-listenClient] 发送心跳
2026_07_29-14:30:57 [W] [manage-listenClient] 发送心跳
2026_07_29-14:31:02 [W] [manage-listenClient] 发送心跳
2026_07_29-14:31:07 [W] [manage-listenClient] 发送心跳
2026_07_29-14:31:12 [W] [manage-listenClient] 发送心跳
2026_07_29-14:31:17 [W] [manage-listenClient] 发送心跳
2026_07_29-14:31:22 [W] [manage-listenClient] 发送心跳
2026_07_29-14:31:27 [W] [manage-listenClient] 发送心跳
2026_07_29-14:31:32 [W] [manage-listenClient] 发送心跳
2026_07_29-14:31:37 [W] [manage-listenClient] 发送心跳
2026_07_29-14:31:42 [W] [manage-listenClient] 发送心跳
2026_07_29-14:31:47 [W] [manage-listenClient] 发送心跳
2026_07_29-14:31:52 [W] [manage-listenClient] 发送心跳
2026_07_29-14:31:57 [W] [manage-listenClient] 发送心跳
2026_07_29-14:32:02 [W] [manage-listenClient] 发送心跳
2026_07_29-14:32:07 [W] [manage-listenClient] 发送心跳
2026_07_29-14:32:12 [W] [manage-listenClient] 发送心跳
2026_07_29-14:32:17 [W] [manage-listenClient] 发送心跳
2026_07_29-14:32:22 [W] [manage-listenClient] 发送心跳
2026_07_29-14:32:27 [W] [manage-listenClient] 发送心跳
2026_07_29-14:32:32 [W] [manage-listenClient] 发送心跳
2026_07_29-14:32:37 [W] [manage-listenClient] 发送心跳
2026_07_29-14:32:42 [W] [manage-listenClient] 发送心跳
2026_07_29-14:32:47 [W] [manage-listenClient] 发送心跳
2026_07_29-14:32:52 [W] [manage-listenClient] 发送心跳
2026_07_29-14:32:57 [W] [manage-listenClient] 发送心跳
2026_07_29-14:33:02 [W] [manage-listenClient] 发送心跳
2026_07_29-14:33:07 [W] [manage-listenClient] 发送心跳
2026_07_29-14:33:12 [W] [manage-listenClient] 发送心跳
2026_07_29-14:33:17 [W] [manage-listenClient] 发送心跳
2026_07_29-14:33:22 [W] [manage-listenClient] 发送心跳
2026_07_29-14:33:27 [W] [manage-listenClient] 发送心跳
2026_07_29-14:33:32 [W] [manage-listenClient] 发送心跳
2026_07_29-14:33:37 [W] [manage-listenClient] 发送心跳
2026_07_29-14:33:42 [W] [manage-listenClient] 发送心跳
2026_07_29-14:33:47 [W] [manage-listenClient] 发送心跳
2026_07_29-14:33:52 [W] [manage-listenClient] 发送心跳
2026_07_29-14:33:57 [W] [manage-listenClient] 发送心跳
2026_07_29-14:34:02 [W] [manage-listenClient] 发送心跳
2026_07_29-14:34:07 [W] [manage-listenClient] 发送心跳
2026_07_29-14:34:12 [W] [manage-listenClient] 发送心跳
2026_07_29-14:34:17 [W] [manage-listenClient] 发送心跳
2026_07_29-14:34:22 [W] [manage-listenClient] 发送心跳
2026_07_29-14:34:27 [W] [manage-listenClient] 发送心跳
2026_07_29-14:34:32 [W] [manage-listenClient] 发送心跳
2026_07_29-14:34:37 [W] [manage-listenClient] 发送心跳
2026_07_29-14:34:42 [W] [manage-listenClient] 发送心跳
2026_07_29-14:34:47 [W] [manage-listenClient] 发送心跳
2026_07_29-14:34:52 [W] [manage-listenClient] 发送心跳
2026_07_29-14:34:57 [W] [manage-listenClient] 发送心跳
2026_07_29-14:35:02 [W] [manage-listenClient] 发送心跳
2026_07_29-14:35:07 [W] [manage-listenClient] 发送心跳
2026_07_29-14:35:12 [W] [manage-listenClient] 发送心跳
2026_07_29-14:35:17 [W] [manage-listenClient] 发送心跳
2026_07_29-14:35:22 [W] [manage-listenClient] 发送心跳
2026_07_29-14:35:27 [W] [manage-listenClient] 发送心跳
2026_07_29-14:35:32 [W] [manage-listenClient] 发送心跳
2026_07_29-14:35:37 [W] [manage-listenClient] 发送心跳
2026_07_29-14:35:42 [W] [manage-listenClient] 发送心跳
2026_07_29-14:35:47 [W] [manage-listenClient] 发送心跳
2026_07_29-14:35:52 [W] [manage-listenClient] 发送心跳
2026_07_29-14:35:57 [W] [manage-listenClient] 发送心跳
2026_07_29-14:36:02 [W] [manage-listenClient] 发送心跳
2026_07_29-14:36:07 [W] [manage-listenClient] 发送心跳
2026_07_29-14:36:12 [W] [manage-listenClient] 发送心跳
2026_07_29-14:36:17 [W] [manage-listenClient] 发送心跳
2026_07_29-14:36:22 [W] [manage-listenClient] 发送心跳
2026_07_29-14:36:27 [W] [manage-listenClient] 发送心跳
2026_07_29-14:36:32 [W] [manage-listenClient] 发送心跳
2026_07_29-14:36:37 [W] [manage-listenClient] 发送心跳
2026_07_29-14:36:42 [W] [manage-listenClient] 发送心跳
2026_07_29-14:36:47 [W] [manage-listenClient] 发送心跳
2026_07_29-14:36:52 [W] [manage-listenClient] 发送心跳
2026_07_29-14:36:57 [W] [manage-listenClient] 发送心跳
2026_07_29-14:37:02 [W] [manage-listenClient] 发送心跳
2026_07_29-14:37:07 [W] [manage-listenClient] 发送心跳
2026_07_29-14:37:11 [D] [<UNNAME>] Connection::kConnected
2026_07_29-14:37:11 [W] [analysis] RxFlg.store(1)---serial_number = 214 check_sn = 214
2026_07_29-14:37:11 [W] [analysis] cv通知下发---serial_number = 214 check_sn = 214
2026_07_29-14:37:11 [D] [<UNNAME>] linear_speed=0.000000, angular_speed=0.000000, iscanmove=0
2026_07_29-14:37:11 [D] [<UNNAME>] Connection::kConnected
2026_07_29-14:37:11 [W] [analysis] RxFlg.store(1)---serial_number = 215 check_sn = 215
2026_07_29-14:37:11 [W] [analysis] cv通知下发---serial_number = 215 check_sn = 215
2026_07_29-14:37:11 [D] [<UNNAME>] brake_ctrl=0
