2026_07_31-15:38:51 [D] [<UNNAME>] start init ...
2026_07_31-15:38:51 [D] [<UNNAME>] gmrL3NIiUe7mk2Gv/LbZv6yPs4w+JnpQgKIKDn8/FR/nYMKfKnR93t2jd9VY4qaRhwq9bJUmJ9BN4RYuKnOxUfY=
2026_07_31-15:38:51 [I] [client] socket connect = 1 kConnecting = 0 kConnected = 1 kDisconnecting = 2 kDisconnected = 3
2026_07_31-15:38:51 [W] [manage-CreateClient] 需要创建client Index = 1
2026_07_31-15:38:51 [D] [<UNNAME>] Connection::kConnected
2026_07_31-15:38:51 [W] [analysis] RxFlg.store(1)---serial_number = 0 check_sn = 0
2026_07_31-15:38:51 [W] [analysis] cv通知下发---serial_number = 0 check_sn = 0
2026_07_31-15:38:51 [D] [manage-listenClient] 还未授权成功，请求中
2026_07_31-15:38:51 [D] [<UNNAME>] Connection::kConnected
2026_07_31-15:38:51 [W] [manage-CreateClient] 需要创建client Index = 2
2026_07_31-15:38:51 [W] [analysis] RxFlg.store(1)---serial_number = 1 check_sn = 1
2026_07_31-15:38:51 [W] [analysis] cv通知下发---serial_number = 1 check_sn = 1
2026_07_31-15:38:51 [D] [manage-listenClient] Random: bxMjTE..., VIN: HTWW312510A000123
2026_07_31-15:38:51 [I] [manage-listenClient] License verified successfully for VIN: HTWW312510A000123
2026_07_31-15:38:51 [D] [manage-listenClient] License valid until: 2026-10-15 10:12:20
2026_07_31-15:38:51 [I] [manage-listenClient] License verified successfully for expiry: 1A0A0F0A0C14
2026_07_31-15:38:52 [D] [<UNNAME>] Connection::kConnected
2026_07_31-15:38:52 [W] [analysis] RxFlg.store(1)---serial_number = 2 check_sn = 2
2026_07_31-15:38:52 [W] [analysis] cv通知下发---serial_number = 2 check_sn = 2
2026_07_31-15:38:52 [D] [<UNNAME>] brake_ctrl=1
2026_07_31-15:38:56 [W] [manage-listenClient] 发送心跳
2026_07_31-15:39:01 [W] [manage-listenClient] 发送心跳
2026_07_31-15:39:06 [W] [manage-listenClient] 发送心跳
2026_07_31-15:39:11 [W] [manage-listenClient] 发送心跳
2026_07_31-15:39:16 [W] [manage-listenClient] 发送心跳
2026_07_31-15:39:21 [W] [manage-listenClient] 发送心跳
2026_07_31-15:39:26 [W] [manage-listenClient] 发送心跳
2026_07_31-15:39:31 [W] [manage-listenClient] 发送心跳
2026_07_31-15:39:36 [W] [manage-listenClient] 发送心跳
2026_07_31-15:39:41 [W] [manage-listenClient] 发送心跳
2026_07_31-15:39:46 [W] [manage-listenClient] 发送心跳
2026_07_31-15:39:51 [W] [manage-listenClient] 发送心跳
2026_07_31-15:39:56 [W] [manage-listenClient] 发送心跳
2026_07_31-15:40:01 [W] [manage-listenClient] 发送心跳
2026_07_31-15:40:06 [W] [manage-listenClient] 发送心跳
2026_07_31-15:40:11 [W] [manage-listenClient] 发送心跳
2026_07_31-15:40:16 [W] [manage-listenClient] 发送心跳
2026_07_31-15:40:21 [W] [manage-listenClient] 发送心跳
2026_07_31-15:40:26 [W] [manage-listenClient] 发送心跳
2026_07_31-15:40:31 [W] [manage-listenClient] 发送心跳
2026_07_31-15:40:36 [W] [manage-listenClient] 发送心跳
2026_07_31-15:40:41 [W] [manage-listenClient] 发送心跳
2026_07_31-15:40:46 [W] [manage-listenClient] 发送心跳
2026_07_31-15:40:51 [D] [<UNNAME>] Connection::kConnected
2026_07_31-15:40:51 [W] [analysis] RxFlg.store(1)---serial_number = 26 check_sn = 26
2026_07_31-15:40:51 [W] [analysis] cv通知下发---serial_number = 26 check_sn = 26
2026_07_31-15:40:51 [D] [<UNNAME>] linear_speed=0.000000, angular_speed=0.000000, iscanmove=0
2026_07_31-15:40:51 [D] [<UNNAME>] Connection::kConnected
2026_07_31-15:40:51 [W] [manage-listenClient] 发送心跳
2026_07_31-15:40:51 [W] [analysis] RxFlg.store(1)---serial_number = 27 check_sn = 27
2026_07_31-15:40:51 [W] [analysis] cv通知下发---serial_number = 27 check_sn = 27
2026_07_31-15:40:51 [D] [<UNNAME>] brake_ctrl=0
