2026_08_03-15:19:21 [D] [<UNNAME>] start init ...
2026_08_03-15:19:21 [D] [<UNNAME>] gmrL3NIiUe7mk2Gv/LbZv6yPs4w+JnpQgKIKDn8/FR/nYMKfKnR93t2jd9VY4qaRhwq9bJUmJ9BN4RYuKnOxUfY=
2026_08_03-15:19:21 [I] [client] socket connect = 1 kConnecting = 0 kConnected = 1 kDisconnecting = 2 kDisconnected = 3
2026_08_03-15:19:21 [W] [manage-CreateClient] 需要创建client Index = 1
2026_08_03-15:19:21 [D] [<UNNAME>] Connection::kConnected
2026_08_03-15:19:22 [W] [analysis] RxFlg.store(1)---serial_number = 0 check_sn = 0
2026_08_03-15:19:22 [W] [analysis] cv通知下发---serial_number = 0 check_sn = 0
2026_08_03-15:19:22 [D] [manage-listenClient] 还未授权成功，请求中
2026_08_03-15:19:22 [D] [<UNNAME>] Connection::kConnected
2026_08_03-15:19:22 [W] [manage-CreateClient] 需要创建client Index = 2
2026_08_03-15:19:22 [W] [analysis] RxFlg.store(1)---serial_number = 1 check_sn = 1
2026_08_03-15:19:22 [W] [analysis] cv通知下发---serial_number = 1 check_sn = 1
2026_08_03-15:19:22 [E] [analysis] [auth=0]:未授权
2026_08_03-15:19:22 [D] [manage-listenClient] Random: bxMjTE..., VIN: HTWW312510A000123
2026_08_03-15:19:22 [I] [manage-listenClient] License verified successfully for VIN: HTWW312510A000123
2026_08_03-15:19:22 [D] [manage-listenClient] License valid until: 2026-10-15 10:12:20
2026_08_03-15:19:22 [I] [manage-listenClient] License verified successfully for expiry: 1A0A0F0A0C14
2026_08_03-15:19:23 [D] [<UNNAME>] Connection::kConnected
2026_08_03-15:19:23 [W] [analysis] RxFlg.store(1)---serial_number = 2 check_sn = 2
2026_08_03-15:19:23 [W] [analysis] cv通知下发---serial_number = 2 check_sn = 2
2026_08_03-15:19:23 [D] [<UNNAME>] brake_ctrl=1
2026_08_03-15:19:26 [W] [manage-listenClient] 发送心跳
2026_08_03-15:19:31 [W] [manage-listenClient] 发送心跳
2026_08_03-15:19:36 [W] [manage-listenClient] 发送心跳
2026_08_03-15:19:41 [W] [manage-listenClient] 发送心跳
2026_08_03-15:19:46 [W] [manage-listenClient] 发送心跳
2026_08_03-15:19:51 [W] [manage-listenClient] 发送心跳
2026_08_03-15:19:56 [W] [manage-listenClient] 发送心跳
2026_08_03-15:20:01 [W] [manage-listenClient] 发送心跳
2026_08_03-15:20:06 [W] [manage-listenClient] 发送心跳
2026_08_03-15:20:11 [W] [manage-listenClient] 发送心跳
2026_08_03-15:20:16 [W] [manage-listenClient] 发送心跳
2026_08_03-15:20:21 [W] [manage-listenClient] 发送心跳
2026_08_03-15:20:26 [W] [manage-listenClient] 发送心跳
2026_08_03-15:20:31 [W] [manage-listenClient] 发送心跳
2026_08_03-15:20:36 [W] [manage-listenClient] 发送心跳
2026_08_03-15:20:41 [W] [manage-listenClient] 发送心跳
2026_08_03-15:20:46 [W] [manage-listenClient] 发送心跳
2026_08_03-15:20:51 [W] [manage-listenClient] 发送心跳
2026_08_03-15:20:56 [W] [manage-listenClient] 发送心跳
2026_08_03-15:21:01 [W] [manage-listenClient] 发送心跳
2026_08_03-15:21:06 [W] [manage-listenClient] 发送心跳
2026_08_03-15:21:11 [W] [manage-listenClient] 发送心跳
2026_08_03-15:21:16 [W] [manage-listenClient] 发送心跳
2026_08_03-15:21:21 [W] [manage-listenClient] 发送心跳
2026_08_03-15:21:26 [W] [manage-listenClient] 发送心跳
2026_08_03-15:21:31 [W] [manage-listenClient] 发送心跳
2026_08_03-15:21:36 [W] [manage-listenClient] 发送心跳
2026_08_03-15:21:41 [W] [manage-listenClient] 发送心跳
2026_08_03-15:21:46 [W] [manage-listenClient] 发送心跳
2026_08_03-15:21:51 [W] [manage-listenClient] 发送心跳
2026_08_03-15:21:56 [W] [manage-listenClient] 发送心跳
2026_08_03-15:22:01 [W] [manage-listenClient] 发送心跳
2026_08_03-15:22:07 [W] [manage-listenClient] 发送心跳
2026_08_03-15:22:12 [W] [manage-listenClient] 发送心跳
2026_08_03-15:22:17 [W] [manage-listenClient] 发送心跳
2026_08_03-15:22:22 [W] [manage-listenClient] 发送心跳
2026_08_03-15:22:27 [W] [manage-listenClient] 发送心跳
2026_08_03-15:22:32 [W] [manage-listenClient] 发送心跳
2026_08_03-15:22:37 [W] [manage-listenClient] 发送心跳
2026_08_03-15:22:42 [W] [manage-listenClient] 发送心跳
2026_08_03-15:22:47 [W] [manage-listenClient] 发送心跳
2026_08_03-15:22:52 [W] [manage-listenClient] 发送心跳
2026_08_03-15:22:57 [W] [manage-listenClient] 发送心跳
2026_08_03-15:23:02 [W] [manage-listenClient] 发送心跳
2026_08_03-15:23:07 [W] [manage-listenClient] 发送心跳
2026_08_03-15:23:12 [W] [manage-listenClient] 发送心跳
2026_08_03-15:23:17 [W] [manage-listenClient] 发送心跳
2026_08_03-15:23:22 [W] [manage-listenClient] 发送心跳
2026_08_03-15:23:27 [W] [manage-listenClient] 发送心跳
2026_08_03-15:23:32 [W] [manage-listenClient] 发送心跳
2026_08_03-15:23:37 [W] [manage-listenClient] 发送心跳
2026_08_03-15:23:42 [W] [manage-listenClient] 发送心跳
2026_08_03-15:23:47 [W] [manage-listenClient] 发送心跳
2026_08_03-15:23:52 [W] [manage-listenClient] 发送心跳
2026_08_03-15:23:57 [W] [manage-listenClient] 发送心跳
2026_08_03-15:24:02 [W] [manage-listenClient] 发送心跳
2026_08_03-15:24:07 [W] [manage-listenClient] 发送心跳
2026_08_03-15:24:12 [W] [manage-listenClient] 发送心跳
2026_08_03-15:24:17 [W] [manage-listenClient] 发送心跳
2026_08_03-15:24:22 [W] [manage-listenClient] 发送心跳
2026_08_03-15:24:27 [W] [manage-listenClient] 发送心跳
2026_08_03-15:24:32 [W] [manage-listenClient] 发送心跳
2026_08_03-15:24:37 [W] [manage-listenClient] 发送心跳
2026_08_03-15:24:42 [W] [manage-listenClient] 发送心跳
2026_08_03-15:24:47 [W] [manage-listenClient] 发送心跳
2026_08_03-15:24:52 [W] [manage-listenClient] 发送心跳
2026_08_03-15:24:57 [W] [manage-listenClient] 发送心跳
2026_08_03-15:25:02 [W] [manage-listenClient] 发送心跳
2026_08_03-15:25:07 [W] [manage-listenClient] 发送心跳
2026_08_03-15:25:12 [W] [manage-listenClient] 发送心跳
2026_08_03-15:25:17 [W] [manage-listenClient] 发送心跳
2026_08_03-15:25:22 [W] [manage-listenClient] 发送心跳
2026_08_03-15:25:27 [W] [manage-listenClient] 发送心跳
2026_08_03-15:25:32 [W] [manage-listenClient] 发送心跳
2026_08_03-15:25:37 [W] [manage-listenClient] 发送心跳
2026_08_03-15:25:42 [W] [manage-listenClient] 发送心跳
2026_08_03-15:25:47 [W] [manage-listenClient] 发送心跳
2026_08_03-15:25:52 [W] [manage-listenClient] 发送心跳
2026_08_03-15:25:57 [W] [manage-listenClient] 发送心跳
2026_08_03-15:26:02 [W] [manage-listenClient] 发送心跳
2026_08_03-15:26:07 [W] [manage-listenClient] 发送心跳
2026_08_03-15:26:12 [W] [manage-listenClient] 发送心跳
2026_08_03-15:26:17 [W] [manage-listenClient] 发送心跳
2026_08_03-15:26:22 [W] [manage-listenClient] 发送心跳
2026_08_03-15:26:27 [W] [manage-listenClient] 发送心跳
2026_08_03-15:26:32 [W] [manage-listenClient] 发送心跳
2026_08_03-15:26:37 [W] [manage-listenClient] 发送心跳
2026_08_03-15:26:42 [W] [manage-listenClient] 发送心跳
2026_08_03-15:26:47 [W] [manage-listenClient] 发送心跳
2026_08_03-15:26:52 [W] [manage-listenClient] 发送心跳
2026_08_03-15:26:57 [W] [manage-listenClient] 发送心跳
2026_08_03-15:27:02 [W] [manage-listenClient] 发送心跳
2026_08_03-15:27:07 [W] [manage-listenClient] 发送心跳
2026_08_03-15:27:12 [W] [manage-listenClient] 发送心跳
2026_08_03-15:27:17 [W] [manage-listenClient] 发送心跳
2026_08_03-15:27:22 [W] [manage-listenClient] 发送心跳
2026_08_03-15:27:27 [W] [manage-listenClient] 发送心跳
2026_08_03-15:27:32 [W] [manage-listenClient] 发送心跳
2026_08_03-15:27:37 [W] [manage-listenClient] 发送心跳
2026_08_03-15:27:42 [W] [manage-listenClient] 发送心跳
2026_08_03-15:27:47 [W] [manage-listenClient] 发送心跳
2026_08_03-15:27:52 [W] [manage-listenClient] 发送心跳
2026_08_03-15:27:57 [W] [manage-listenClient] 发送心跳
2026_08_03-15:28:02 [W] [manage-listenClient] 发送心跳
2026_08_03-15:28:07 [W] [manage-listenClient] 发送心跳
2026_08_03-15:28:12 [W] [manage-listenClient] 发送心跳
2026_08_03-15:28:17 [W] [manage-listenClient] 发送心跳
2026_08_03-15:28:22 [W] [manage-listenClient] 发送心跳
2026_08_03-15:28:27 [W] [manage-listenClient] 发送心跳
2026_08_03-15:28:32 [W] [manage-listenClient] 发送心跳
2026_08_03-15:28:37 [W] [manage-listenClient] 发送心跳
2026_08_03-15:28:42 [W] [manage-listenClient] 发送心跳
2026_08_03-15:28:47 [W] [manage-listenClient] 发送心跳
2026_08_03-15:28:52 [W] [manage-listenClient] 发送心跳
2026_08_03-15:28:57 [W] [manage-listenClient] 发送心跳
2026_08_03-15:29:02 [W] [manage-listenClient] 发送心跳
2026_08_03-15:29:07 [W] [manage-listenClient] 发送心跳
2026_08_03-15:29:12 [W] [manage-listenClient] 发送心跳
2026_08_03-15:29:17 [W] [manage-listenClient] 发送心跳
2026_08_03-15:29:22 [W] [manage-listenClient] 发送心跳
2026_08_03-15:29:23 [D] [client] disconnect from 192.168.10.1:8090
2026_08_03-15:29:23 [I] [client] socket close = 3
2026_08_03-15:29:23 [W] [manage-listenClient] 断联：开始释放资源
2026_08_03-15:29:23 [W] [manage-listenClient] ClientQue.front()->getClientID() = 1,CurClientID.load() = 0
2026_08_03-15:29:23 [I] [client] socket connect = 1 kConnecting = 0 kConnected = 1 kDisconnecting = 2 kDisconnected = 3
2026_08_03-15:29:23 [W] [manage-CreateClient] 需要创建client Index = 3
2026_08_03-15:29:23 [D] [<UNNAME>] Connection::kConnected
2026_08_03-15:29:23 [W] [analysis] RxFlg.store(1)---serial_number = 123 check_sn = 123
2026_08_03-15:29:23 [W] [analysis] cv通知下发---serial_number = 123 check_sn = 123
2026_08_03-15:29:23 [D] [manage-listenClient] 已经授权成功，重复验证授权码
2026_08_03-15:29:23 [D] [manage-listenClient] Random: bxMjTE..., VIN: HTWW312510A000123
2026_08_03-15:29:23 [I] [manage-listenClient] License verified successfully for VIN: HTWW312510A000123
2026_08_03-15:29:23 [D] [manage-listenClient] License valid until: 2026-10-15 10:12:20
2026_08_03-15:29:23 [I] [manage-listenClient] License verified successfully for expiry: 1A0A0F0A0C14
2026_08_03-15:29:27 [W] [manage-listenClient] 发送心跳
2026_08_03-15:29:32 [W] [manage-listenClient] 发送心跳
2026_08_03-15:29:37 [W] [manage-listenClient] 发送心跳
2026_08_03-15:29:42 [W] [manage-listenClient] 发送心跳
2026_08_03-15:29:47 [W] [manage-listenClient] 发送心跳
2026_08_03-15:29:52 [W] [manage-listenClient] 发送心跳
2026_08_03-15:29:57 [W] [manage-listenClient] 发送心跳
2026_08_03-15:30:02 [W] [manage-listenClient] 发送心跳
2026_08_03-15:30:07 [W] [manage-listenClient] 发送心跳
2026_08_03-15:30:12 [W] [manage-listenClient] 发送心跳
2026_08_03-15:30:17 [W] [manage-listenClient] 发送心跳
2026_08_03-15:30:22 [W] [manage-listenClient] 发送心跳
2026_08_03-15:30:27 [W] [manage-listenClient] 发送心跳
2026_08_03-15:30:32 [W] [manage-listenClient] 发送心跳
2026_08_03-15:30:37 [W] [manage-listenClient] 发送心跳
2026_08_03-15:30:42 [W] [manage-listenClient] 发送心跳
2026_08_03-15:30:47 [W] [manage-listenClient] 发送心跳
2026_08_03-15:30:52 [W] [manage-listenClient] 发送心跳
2026_08_03-15:30:57 [W] [manage-listenClient] 发送心跳
2026_08_03-15:31:02 [W] [manage-listenClient] 发送心跳
2026_08_03-15:31:07 [W] [manage-listenClient] 发送心跳
2026_08_03-15:31:12 [W] [manage-listenClient] 发送心跳
2026_08_03-15:31:17 [W] [manage-listenClient] 发送心跳
2026_08_03-15:31:22 [W] [manage-listenClient] 发送心跳
2026_08_03-15:31:27 [W] [manage-listenClient] 发送心跳
2026_08_03-15:31:32 [W] [manage-listenClient] 发送心跳
2026_08_03-15:31:37 [W] [manage-listenClient] 发送心跳
2026_08_03-15:31:42 [W] [manage-listenClient] 发送心跳
2026_08_03-15:31:47 [W] [manage-listenClient] 发送心跳
2026_08_03-15:31:52 [W] [manage-listenClient] 发送心跳
2026_08_03-15:31:57 [W] [manage-listenClient] 发送心跳
2026_08_03-15:32:02 [W] [manage-listenClient] 发送心跳
2026_08_03-15:32:07 [W] [manage-listenClient] 发送心跳
2026_08_03-15:32:12 [W] [manage-listenClient] 发送心跳
2026_08_03-15:32:17 [W] [manage-listenClient] 发送心跳
2026_08_03-15:32:22 [W] [manage-listenClient] 发送心跳
2026_08_03-15:32:27 [W] [manage-listenClient] 发送心跳
2026_08_03-15:32:32 [W] [manage-listenClient] 发送心跳
2026_08_03-15:32:37 [W] [manage-listenClient] 发送心跳
2026_08_03-15:32:42 [W] [manage-listenClient] 发送心跳
2026_08_03-15:32:47 [W] [manage-listenClient] 发送心跳
2026_08_03-15:32:52 [W] [manage-listenClient] 发送心跳
2026_08_03-15:32:57 [W] [manage-listenClient] 发送心跳
2026_08_03-15:33:02 [W] [manage-listenClient] 发送心跳
2026_08_03-15:33:07 [W] [manage-listenClient] 发送心跳
2026_08_03-15:33:12 [W] [manage-listenClient] 发送心跳
2026_08_03-15:33:17 [W] [manage-listenClient] 发送心跳
2026_08_03-15:33:22 [W] [manage-listenClient] 发送心跳
2026_08_03-15:33:27 [W] [manage-listenClient] 发送心跳
2026_08_03-15:33:32 [W] [manage-listenClient] 发送心跳
2026_08_03-15:33:37 [W] [manage-listenClient] 发送心跳
2026_08_03-15:33:42 [W] [manage-listenClient] 发送心跳
2026_08_03-15:33:47 [W] [manage-listenClient] 发送心跳
2026_08_03-15:33:52 [W] [manage-listenClient] 发送心跳
2026_08_03-15:33:57 [W] [manage-listenClient] 发送心跳
2026_08_03-15:34:02 [W] [manage-listenClient] 发送心跳
2026_08_03-15:34:07 [W] [manage-listenClient] 发送心跳
2026_08_03-15:34:12 [W] [manage-listenClient] 发送心跳
2026_08_03-15:34:17 [W] [manage-listenClient] 发送心跳
2026_08_03-15:34:22 [W] [manage-listenClient] 发送心跳
2026_08_03-15:34:27 [W] [manage-listenClient] 发送心跳
2026_08_03-15:34:32 [W] [manage-listenClient] 发送心跳
2026_08_03-15:34:37 [W] [manage-listenClient] 发送心跳
2026_08_03-15:34:42 [W] [manage-listenClient] 发送心跳
2026_08_03-15:34:47 [W] [manage-listenClient] 发送心跳
2026_08_03-15:34:52 [W] [manage-listenClient] 发送心跳
2026_08_03-15:34:57 [W] [manage-listenClient] 发送心跳
2026_08_03-15:35:02 [W] [manage-listenClient] 发送心跳
2026_08_03-15:35:07 [W] [manage-listenClient] 发送心跳
2026_08_03-15:35:12 [W] [manage-listenClient] 发送心跳
2026_08_03-15:35:17 [W] [manage-listenClient] 发送心跳
2026_08_03-15:35:22 [W] [manage-listenClient] 发送心跳
2026_08_03-15:35:27 [W] [manage-listenClient] 发送心跳
2026_08_03-15:35:32 [W] [manage-listenClient] 发送心跳
2026_08_03-15:35:37 [W] [manage-listenClient] 发送心跳
2026_08_03-15:35:42 [W] [manage-listenClient] 发送心跳
2026_08_03-15:35:47 [W] [manage-listenClient] 发送心跳
2026_08_03-15:35:52 [W] [manage-listenClient] 发送心跳
2026_08_03-15:35:57 [W] [manage-listenClient] 发送心跳
2026_08_03-15:36:02 [W] [manage-listenClient] 发送心跳
2026_08_03-15:36:07 [W] [manage-listenClient] 发送心跳
2026_08_03-15:36:12 [W] [manage-listenClient] 发送心跳
2026_08_03-15:36:17 [W] [manage-listenClient] 发送心跳
2026_08_03-15:36:22 [W] [manage-listenClient] 发送心跳
2026_08_03-15:36:27 [W] [manage-listenClient] 发送心跳
2026_08_03-15:36:32 [W] [manage-listenClient] 发送心跳
2026_08_03-15:36:37 [W] [manage-listenClient] 发送心跳
2026_08_03-15:36:42 [W] [manage-listenClient] 发送心跳
2026_08_03-15:36:47 [W] [manage-listenClient] 发送心跳
2026_08_03-15:36:52 [W] [manage-listenClient] 发送心跳
2026_08_03-15:36:57 [W] [manage-listenClient] 发送心跳
2026_08_03-15:37:02 [W] [manage-listenClient] 发送心跳
2026_08_03-15:37:07 [W] [manage-listenClient] 发送心跳
2026_08_03-15:37:12 [W] [manage-listenClient] 发送心跳
2026_08_03-15:37:17 [W] [manage-listenClient] 发送心跳
2026_08_03-15:37:22 [W] [manage-listenClient] 发送心跳
2026_08_03-15:37:27 [W] [manage-listenClient] 发送心跳
2026_08_03-15:37:32 [W] [manage-listenClient] 发送心跳
2026_08_03-15:37:37 [W] [manage-listenClient] 发送心跳
2026_08_03-15:37:42 [W] [manage-listenClient] 发送心跳
2026_08_03-15:37:47 [W] [manage-listenClient] 发送心跳
2026_08_03-15:37:52 [W] [manage-listenClient] 发送心跳
2026_08_03-15:37:57 [W] [manage-listenClient] 发送心跳
2026_08_03-15:38:02 [W] [manage-listenClient] 发送心跳
2026_08_03-15:38:07 [W] [manage-listenClient] 发送心跳
2026_08_03-15:38:12 [W] [manage-listenClient] 发送心跳
2026_08_03-15:38:17 [W] [manage-listenClient] 发送心跳
2026_08_03-15:38:22 [W] [manage-listenClient] 发送心跳
2026_08_03-15:38:27 [W] [manage-listenClient] 发送心跳
2026_08_03-15:38:32 [W] [manage-listenClient] 发送心跳
2026_08_03-15:38:37 [W] [manage-listenClient] 发送心跳
2026_08_03-15:38:42 [W] [manage-listenClient] 发送心跳
2026_08_03-15:38:47 [W] [manage-listenClient] 发送心跳
2026_08_03-15:38:52 [W] [manage-listenClient] 发送心跳
2026_08_03-15:38:57 [W] [manage-listenClient] 发送心跳
2026_08_03-15:39:02 [W] [manage-listenClient] 发送心跳
2026_08_03-15:39:07 [W] [manage-listenClient] 发送心跳
2026_08_03-15:39:12 [W] [manage-listenClient] 发送心跳
2026_08_03-15:39:17 [W] [manage-listenClient] 发送心跳
2026_08_03-15:39:22 [W] [manage-listenClient] 发送心跳
2026_08_03-15:39:23 [D] [client] disconnect from 192.168.10.1:8090
2026_08_03-15:39:23 [I] [client] socket close = 3
2026_08_03-15:39:23 [W] [manage-listenClient] 断联：开始释放资源
2026_08_03-15:39:23 [W] [manage-listenClient] ClientQue.front()->getClientID() = 2,CurClientID.load() = 1
2026_08_03-15:39:23 [I] [client] socket connect = 1 kConnecting = 0 kConnected = 1 kDisconnecting = 2 kDisconnected = 3
2026_08_03-15:39:23 [W] [manage-CreateClient] 需要创建client Index = 4
2026_08_03-15:39:23 [D] [<UNNAME>] Connection::kConnected
2026_08_03-15:39:23 [W] [analysis] RxFlg.store(1)---serial_number = 244 check_sn = 244
2026_08_03-15:39:23 [W] [analysis] cv通知下发---serial_number = 244 check_sn = 244
2026_08_03-15:39:23 [D] [manage-listenClient] 已经授权成功，重复验证授权码
2026_08_03-15:39:23 [D] [manage-listenClient] Random: bxMjTE..., VIN: HTWW312510A000123
2026_08_03-15:39:23 [I] [manage-listenClient] License verified successfully for VIN: HTWW312510A000123
2026_08_03-15:39:23 [D] [manage-listenClient] License valid until: 2026-10-15 10:12:20
2026_08_03-15:39:23 [I] [manage-listenClient] License verified successfully for expiry: 1A0A0F0A0C14
2026_08_03-15:39:27 [W] [manage-listenClient] 发送心跳
2026_08_03-15:39:32 [W] [manage-listenClient] 发送心跳
2026_08_03-15:39:37 [W] [manage-listenClient] 发送心跳
2026_08_03-15:39:42 [W] [manage-listenClient] 发送心跳
2026_08_03-15:39:47 [W] [manage-listenClient] 发送心跳
2026_08_03-15:39:52 [W] [manage-listenClient] 发送心跳
2026_08_03-15:39:57 [W] [manage-listenClient] 发送心跳
2026_08_03-15:40:02 [W] [manage-listenClient] 发送心跳
2026_08_03-15:40:07 [W] [manage-listenClient] 发送心跳
2026_08_03-15:40:12 [W] [manage-listenClient] 发送心跳
2026_08_03-15:40:17 [W] [manage-listenClient] 发送心跳
2026_08_03-15:40:22 [W] [manage-listenClient] 发送心跳
2026_08_03-15:40:27 [W] [manage-listenClient] 发送心跳
2026_08_03-15:40:32 [W] [manage-listenClient] 发送心跳
2026_08_03-15:40:37 [W] [manage-listenClient] 发送心跳
2026_08_03-15:40:42 [W] [manage-listenClient] 发送心跳
2026_08_03-15:40:47 [W] [manage-listenClient] 发送心跳
2026_08_03-15:40:52 [W] [manage-listenClient] 发送心跳
2026_08_03-15:40:57 [W] [manage-listenClient] 发送心跳
2026_08_03-15:41:02 [W] [manage-listenClient] 发送心跳
2026_08_03-15:41:07 [W] [manage-listenClient] 发送心跳
2026_08_03-15:41:12 [W] [manage-listenClient] 发送心跳
2026_08_03-15:41:17 [W] [manage-listenClient] 发送心跳
2026_08_03-15:41:22 [W] [manage-listenClient] 发送心跳
2026_08_03-15:41:27 [W] [manage-listenClient] 发送心跳
2026_08_03-15:41:32 [W] [manage-listenClient] 发送心跳
2026_08_03-15:41:37 [W] [manage-listenClient] 发送心跳
2026_08_03-15:41:42 [W] [manage-listenClient] 发送心跳
2026_08_03-15:41:47 [W] [manage-listenClient] 发送心跳
2026_08_03-15:41:52 [W] [manage-listenClient] 发送心跳
2026_08_03-15:41:57 [W] [manage-listenClient] 发送心跳
2026_08_03-15:42:02 [W] [manage-listenClient] 发送心跳
2026_08_03-15:42:07 [W] [manage-listenClient] 发送心跳
2026_08_03-15:42:12 [W] [manage-listenClient] 发送心跳
2026_08_03-15:42:17 [W] [manage-listenClient] 发送心跳
2026_08_03-15:42:22 [W] [manage-listenClient] 发送心跳
2026_08_03-15:42:27 [W] [manage-listenClient] 发送心跳
2026_08_03-15:42:32 [W] [manage-listenClient] 发送心跳
2026_08_03-15:42:37 [W] [manage-listenClient] 发送心跳
2026_08_03-15:42:42 [W] [manage-listenClient] 发送心跳
2026_08_03-15:42:47 [W] [manage-listenClient] 发送心跳
2026_08_03-15:42:53 [W] [manage-listenClient] 发送心跳
2026_08_03-15:42:58 [W] [manage-listenClient] 发送心跳
2026_08_03-15:43:03 [W] [manage-listenClient] 发送心跳
2026_08_03-15:43:08 [W] [manage-listenClient] 发送心跳
2026_08_03-15:43:13 [W] [manage-listenClient] 发送心跳
2026_08_03-15:43:18 [W] [manage-listenClient] 发送心跳
2026_08_03-15:43:23 [W] [manage-listenClient] 发送心跳
2026_08_03-15:43:28 [W] [manage-listenClient] 发送心跳
2026_08_03-15:43:33 [W] [manage-listenClient] 发送心跳
2026_08_03-15:43:38 [W] [manage-listenClient] 发送心跳
2026_08_03-15:43:43 [W] [manage-listenClient] 发送心跳
2026_08_03-15:43:48 [W] [manage-listenClient] 发送心跳
2026_08_03-15:43:53 [W] [manage-listenClient] 发送心跳
2026_08_03-15:43:58 [W] [manage-listenClient] 发送心跳
2026_08_03-15:44:03 [W] [manage-listenClient] 发送心跳
2026_08_03-15:44:08 [W] [manage-listenClient] 发送心跳
2026_08_03-15:44:13 [W] [manage-listenClient] 发送心跳
2026_08_03-15:44:18 [W] [manage-listenClient] 发送心跳
2026_08_03-15:44:23 [W] [manage-listenClient] 发送心跳
2026_08_03-15:44:28 [W] [manage-listenClient] 发送心跳
2026_08_03-15:44:33 [W] [manage-listenClient] 发送心跳
2026_08_03-15:44:38 [W] [manage-listenClient] 发送心跳
2026_08_03-15:44:43 [W] [manage-listenClient] 发送心跳
2026_08_03-15:44:48 [W] [manage-listenClient] 发送心跳
2026_08_03-15:44:53 [W] [manage-listenClient] 发送心跳
2026_08_03-15:44:58 [W] [manage-listenClient] 发送心跳
2026_08_03-15:45:03 [W] [manage-listenClient] 发送心跳
2026_08_03-15:45:08 [W] [manage-listenClient] 发送心跳
2026_08_03-15:45:13 [W] [manage-listenClient] 发送心跳
2026_08_03-15:45:18 [W] [manage-listenClient] 发送心跳
2026_08_03-15:45:18 [D] [<UNNAME>] Connection::kConnected
2026_08_03-15:45:19 [W] [analysis] RxFlg.store(1)---serial_number = 316 check_sn = 316
2026_08_03-15:45:19 [W] [analysis] cv通知下发---serial_number = 316 check_sn = 316
2026_08_03-15:45:19 [D] [<UNNAME>] linear_speed=0.000000, angular_speed=0.000000, iscanmove=0
2026_08_03-15:45:19 [D] [<UNNAME>] Connection::kConnected
2026_08_03-15:45:19 [W] [analysis] RxFlg.store(1)---serial_number = 317 check_sn = 317
2026_08_03-15:45:19 [W] [analysis] cv通知下发---serial_number = 317 check_sn = 317
2026_08_03-15:45:19 [D] [<UNNAME>] brake_ctrl=0
