2026_07_30-10:44:31 [D] [<UNNAME>] start init ...
2026_07_30-10:44:31 [D] [<UNNAME>] gmrL3NIiUe7mk2Gv/LbZv6yPs4w+JnpQgKIKDn8/FR/nYMKfKnR93t2jd9VY4qaRhwq9bJUmJ9BN4RYuKnOxUfY=
2026_07_30-10:44:31 [I] [client] socket connect = 1 kConnecting = 0 kConnected = 1 kDisconnecting = 2 kDisconnected = 3
2026_07_30-10:44:31 [W] [manage-CreateClient] 需要创建client Index = 1
2026_07_30-10:44:31 [D] [<UNNAME>] Connection::kConnected
2026_07_30-10:44:31 [W] [analysis] RxFlg.store(1)---serial_number = 0 check_sn = 0
2026_07_30-10:44:31 [W] [analysis] cv通知下发---serial_number = 0 check_sn = 0
2026_07_30-10:44:31 [D] [manage-listenClient] 还未授权成功，请求中
2026_07_30-10:44:31 [D] [<UNNAME>] Connection::kConnected
2026_07_30-10:44:31 [W] [manage-CreateClient] 需要创建client Index = 2
2026_07_30-10:44:32 [W] [analysis] RxFlg.store(1)---serial_number = 1 check_sn = 1
2026_07_30-10:44:32 [W] [analysis] cv通知下发---serial_number = 1 check_sn = 1
2026_07_30-10:44:32 [D] [manage-listenClient] Random: bxMjTE..., VIN: HTWW312510A000123
2026_07_30-10:44:32 [I] [manage-listenClient] License verified successfully for VIN: HTWW312510A000123
2026_07_30-10:44:32 [D] [manage-listenClient] License valid until: 2026-10-15 10:12:20
2026_07_30-10:44:32 [I] [manage-listenClient] License verified successfully for expiry: 1A0A0F0A0C14
2026_07_30-10:44:32 [D] [<UNNAME>] Connection::kConnected
2026_07_30-10:44:32 [W] [analysis] RxFlg.store(1)---serial_number = 2 check_sn = 2
2026_07_30-10:44:32 [W] [analysis] cv通知下发---serial_number = 2 check_sn = 2
2026_07_30-10:44:32 [D] [<UNNAME>] brake_ctrl=1
2026_07_30-10:44:36 [W] [manage-listenClient] 发送心跳
2026_07_30-10:44:41 [W] [manage-listenClient] 发送心跳
2026_07_30-10:44:46 [W] [manage-listenClient] 发送心跳
2026_07_30-10:44:51 [W] [manage-listenClient] 发送心跳
2026_07_30-10:44:56 [W] [manage-listenClient] 发送心跳
2026_07_30-10:45:01 [W] [manage-listenClient] 发送心跳
2026_07_30-10:45:06 [W] [manage-listenClient] 发送心跳
2026_07_30-10:45:11 [W] [manage-listenClient] 发送心跳
2026_07_30-10:45:16 [W] [manage-listenClient] 发送心跳
2026_07_30-10:45:21 [W] [manage-listenClient] 发送心跳
2026_07_30-10:45:26 [W] [manage-listenClient] 发送心跳
2026_07_30-10:45:31 [W] [manage-listenClient] 发送心跳
2026_07_30-10:45:36 [W] [manage-listenClient] 发送心跳
2026_07_30-10:45:41 [W] [manage-listenClient] 发送心跳
2026_07_30-10:45:46 [W] [manage-listenClient] 发送心跳
2026_07_30-10:45:51 [W] [manage-listenClient] 发送心跳
2026_07_30-10:45:56 [W] [manage-listenClient] 发送心跳
2026_07_30-10:46:01 [W] [manage-listenClient] 发送心跳
2026_07_30-10:46:06 [W] [manage-listenClient] 发送心跳
2026_07_30-10:46:11 [W] [manage-listenClient] 发送心跳
2026_07_30-10:46:16 [W] [manage-listenClient] 发送心跳
2026_07_30-10:46:21 [W] [manage-listenClient] 发送心跳
2026_07_30-10:46:26 [W] [manage-listenClient] 发送心跳
2026_07_30-10:46:31 [W] [manage-listenClient] 发送心跳
2026_07_30-10:46:36 [W] [manage-listenClient] 发送心跳
2026_07_30-10:46:41 [W] [manage-listenClient] 发送心跳
2026_07_30-10:46:46 [W] [manage-listenClient] 发送心跳
2026_07_30-10:46:51 [W] [manage-listenClient] 发送心跳
2026_07_30-10:46:56 [W] [manage-listenClient] 发送心跳
2026_07_30-10:47:01 [W] [manage-listenClient] 发送心跳
2026_07_30-10:47:06 [W] [manage-listenClient] 发送心跳
2026_07_30-10:47:11 [W] [manage-listenClient] 发送心跳
2026_07_30-10:47:16 [W] [manage-listenClient] 发送心跳
2026_07_30-10:47:21 [W] [manage-listenClient] 发送心跳
2026_07_30-10:47:26 [W] [manage-listenClient] 发送心跳
2026_07_30-10:47:31 [W] [manage-listenClient] 发送心跳
2026_07_30-10:47:36 [W] [manage-listenClient] 发送心跳
2026_07_30-10:47:41 [W] [manage-listenClient] 发送心跳
2026_07_30-10:47:46 [W] [manage-listenClient] 发送心跳
2026_07_30-10:47:51 [W] [manage-listenClient] 发送心跳
2026_07_30-10:47:56 [W] [manage-listenClient] 发送心跳
2026_07_30-10:48:01 [W] [manage-listenClient] 发送心跳
2026_07_30-10:48:06 [W] [manage-listenClient] 发送心跳
2026_07_30-10:48:11 [W] [manage-listenClient] 发送心跳
2026_07_30-10:48:16 [W] [manage-listenClient] 发送心跳
2026_07_30-10:48:21 [W] [manage-listenClient] 发送心跳
2026_07_30-10:48:26 [W] [manage-listenClient] 发送心跳
2026_07_30-10:48:31 [W] [manage-listenClient] 发送心跳
2026_07_30-10:48:36 [W] [manage-listenClient] 发送心跳
2026_07_30-10:48:41 [W] [manage-listenClient] 发送心跳
2026_07_30-10:48:46 [W] [manage-listenClient] 发送心跳
2026_07_30-10:48:51 [W] [manage-listenClient] 发送心跳
2026_07_30-10:48:56 [W] [manage-listenClient] 发送心跳
2026_07_30-10:49:01 [W] [manage-listenClient] 发送心跳
2026_07_30-10:49:06 [W] [manage-listenClient] 发送心跳
2026_07_30-10:49:11 [W] [manage-listenClient] 发送心跳
2026_07_30-10:49:16 [W] [manage-listenClient] 发送心跳
2026_07_30-10:49:21 [W] [manage-listenClient] 发送心跳
2026_07_30-10:49:26 [W] [manage-listenClient] 发送心跳
2026_07_30-10:49:31 [W] [manage-listenClient] 发送心跳
2026_07_30-10:49:36 [W] [manage-listenClient] 发送心跳
2026_07_30-10:49:41 [W] [manage-listenClient] 发送心跳
2026_07_30-10:49:46 [W] [manage-listenClient] 发送心跳
2026_07_30-10:49:51 [W] [manage-listenClient] 发送心跳
2026_07_30-10:49:56 [W] [manage-listenClient] 发送心跳
2026_07_30-10:50:01 [W] [manage-listenClient] 发送心跳
2026_07_30-10:50:05 [D] [<UNNAME>] Connection::kConnected
2026_07_30-10:50:06 [W] [analysis] RxFlg.store(1)---serial_number = 69 check_sn = 69
2026_07_30-10:50:06 [W] [analysis] cv通知下发---serial_number = 69 check_sn = 69
2026_07_30-10:50:06 [D] [<UNNAME>] linear_speed=0.000000, angular_speed=0.000000, iscanmove=0
2026_07_30-10:50:06 [D] [<UNNAME>] Connection::kConnected
2026_07_30-10:50:06 [W] [analysis] RxFlg.store(1)---serial_number = 70 check_sn = 70
2026_07_30-10:50:06 [W] [analysis] cv通知下发---serial_number = 70 check_sn = 70
2026_07_30-10:50:06 [D] [<UNNAME>] brake_ctrl=0
