2026_07_31-15:41:15 [D] [<UNNAME>] start init ...
2026_07_31-15:41:15 [D] [<UNNAME>] gmrL3NIiUe7mk2Gv/LbZv6yPs4w+JnpQgKIKDn8/FR/nYMKfKnR93t2jd9VY4qaRhwq9bJUmJ9BN4RYuKnOxUfY=
2026_07_31-15:41:15 [I] [client] socket connect = 1 kConnecting = 0 kConnected = 1 kDisconnecting = 2 kDisconnected = 3
2026_07_31-15:41:15 [W] [manage-CreateClient] 需要创建client Index = 1
2026_07_31-15:41:15 [D] [<UNNAME>] Connection::kConnected
2026_07_31-15:41:15 [W] [analysis] RxFlg.store(1)---serial_number = 0 check_sn = 0
2026_07_31-15:41:15 [W] [analysis] cv通知下发---serial_number = 0 check_sn = 0
2026_07_31-15:41:15 [D] [manage-listenClient] 还未授权成功，请求中
2026_07_31-15:41:15 [D] [<UNNAME>] Connection::kConnected
2026_07_31-15:41:15 [W] [manage-CreateClient] 需要创建client Index = 2
2026_07_31-15:41:16 [W] [analysis] RxFlg.store(1)---serial_number = 1 check_sn = 1
2026_07_31-15:41:16 [W] [analysis] cv通知下发---serial_number = 1 check_sn = 1
2026_07_31-15:41:16 [D] [manage-listenClient] Random: bxMjTE..., VIN: HTWW312510A000123
2026_07_31-15:41:16 [I] [manage-listenClient] License verified successfully for VIN: HTWW312510A000123
2026_07_31-15:41:16 [D] [manage-listenClient] License valid until: 2026-10-15 10:12:20
2026_07_31-15:41:16 [I] [manage-listenClient] License verified successfully for expiry: 1A0A0F0A0C14
2026_07_31-15:41:18 [D] [<UNNAME>] Connection::kConnected
2026_07_31-15:41:18 [W] [analysis] RxFlg.store(1)---serial_number = 2 check_sn = 2
2026_07_31-15:41:18 [W] [analysis] cv通知下发---serial_number = 2 check_sn = 2
2026_07_31-15:41:18 [D] [<UNNAME>] brake_ctrl=1
2026_07_31-15:41:20 [W] [manage-listenClient] 发送心跳
2026_07_31-15:41:25 [W] [manage-listenClient] 发送心跳
2026_07_31-15:41:30 [W] [manage-listenClient] 发送心跳
2026_07_31-15:41:35 [W] [manage-listenClient] 发送心跳
2026_07_31-15:41:40 [W] [manage-listenClient] 发送心跳
2026_07_31-15:41:45 [W] [manage-listenClient] 发送心跳
2026_07_31-15:41:50 [W] [manage-listenClient] 发送心跳
2026_07_31-15:41:55 [W] [manage-listenClient] 发送心跳
2026_07_31-15:42:00 [W] [manage-listenClient] 发送心跳
2026_07_31-15:42:05 [W] [manage-listenClient] 发送心跳
2026_07_31-15:42:10 [W] [manage-listenClient] 发送心跳
2026_07_31-15:42:15 [W] [manage-listenClient] 发送心跳
2026_07_31-15:42:20 [W] [manage-listenClient] 发送心跳
2026_07_31-15:42:25 [W] [manage-listenClient] 发送心跳
2026_07_31-15:42:30 [W] [manage-listenClient] 发送心跳
2026_07_31-15:42:35 [W] [manage-listenClient] 发送心跳
2026_07_31-15:42:40 [W] [manage-listenClient] 发送心跳
2026_07_31-15:42:45 [W] [manage-listenClient] 发送心跳
2026_07_31-15:42:50 [W] [manage-listenClient] 发送心跳
2026_07_31-15:42:55 [W] [manage-listenClient] 发送心跳
2026_07_31-15:43:00 [W] [manage-listenClient] 发送心跳
2026_07_31-15:43:03 [D] [<UNNAME>] Connection::kConnected
2026_07_31-15:43:03 [W] [analysis] RxFlg.store(1)---serial_number = 24 check_sn = 24
2026_07_31-15:43:03 [W] [analysis] cv通知下发---serial_number = 24 check_sn = 24
2026_07_31-15:43:03 [D] [<UNNAME>] linear_speed=0.000000, angular_speed=0.000000, iscanmove=0
2026_07_31-15:43:03 [D] [<UNNAME>] Connection::kConnected
2026_07_31-15:43:03 [W] [analysis] RxFlg.store(1)---serial_number = 25 check_sn = 25
2026_07_31-15:43:03 [W] [analysis] cv通知下发---serial_number = 25 check_sn = 25
2026_07_31-15:43:03 [D] [<UNNAME>] brake_ctrl=0
