2026_08_04-15:57:10 [D] [<UNNAME>] start init ...
2026_08_04-15:57:10 [D] [<UNNAME>] gmrL3NIiUe7mk2Gv/LbZv6yPs4w+JnpQgKIKDn8/FR/nYMKfKnR93t2jd9VY4qaRhwq9bJUmJ9BN4RYuKnOxUfY=
2026_08_04-15:57:10 [I] [client] socket connect = 1 kConnecting = 0 kConnected = 1 kDisconnecting = 2 kDisconnected = 3
2026_08_04-15:57:10 [W] [manage-CreateClient] 需要创建client Index = 1
2026_08_04-15:57:10 [D] [<UNNAME>] Connection::kConnected
2026_08_04-15:57:10 [W] [analysis] RxFlg.store(1)---serial_number = 0 check_sn = 0
2026_08_04-15:57:10 [W] [analysis] cv通知下发---serial_number = 0 check_sn = 0
2026_08_04-15:57:10 [E] [analysis] [auth=0]:未授权
2026_08_04-15:57:10 [E] [analysis] [auth=0]:未授权
2026_08_04-15:57:10 [D] [manage-listenClient] 还未授权成功，请求中
2026_08_04-15:57:10 [D] [<UNNAME>] Connection::kConnected
2026_08_04-15:57:10 [W] [manage-CreateClient] 需要创建client Index = 2
2026_08_04-15:57:10 [W] [analysis] RxFlg.store(1)---serial_number = 1 check_sn = 1
2026_08_04-15:57:10 [W] [analysis] cv通知下发---serial_number = 1 check_sn = 1
2026_08_04-15:57:10 [D] [manage-listenClient] Random: bxMjTE..., VIN: HTWW312510A000123
2026_08_04-15:57:10 [I] [manage-listenClient] License verified successfully for VIN: HTWW312510A000123
2026_08_04-15:57:10 [D] [manage-listenClient] License valid until: 2026-10-15 10:12:20
2026_08_04-15:57:10 [I] [manage-listenClient] License verified successfully for expiry: 1A0A0F0A0C14
2026_08_04-15:57:15 [W] [manage-listenClient] 发送心跳
2026_08_04-15:57:20 [W] [manage-listenClient] 发送心跳
2026_08_04-15:57:25 [W] [manage-listenClient] 发送心跳
2026_08_04-15:57:30 [W] [manage-listenClient] 发送心跳
2026_08_04-15:57:35 [W] [manage-listenClient] 发送心跳
2026_08_04-15:57:40 [W] [manage-listenClient] 发送心跳
2026_08_04-15:57:45 [W] [manage-listenClient] 发送心跳
2026_08_04-15:57:50 [W] [manage-listenClient] 发送心跳
2026_08_04-15:57:55 [W] [manage-listenClient] 发送心跳
2026_08_04-15:58:00 [W] [manage-listenClient] 发送心跳
2026_08_04-15:58:05 [W] [manage-listenClient] 发送心跳
2026_08_04-15:58:10 [W] [manage-listenClient] 发送心跳
2026_08_04-15:58:15 [W] [manage-listenClient] 发送心跳
2026_08_04-15:58:20 [W] [manage-listenClient] 发送心跳
2026_08_04-15:58:25 [W] [manage-listenClient] 发送心跳
2026_08_04-15:58:30 [W] [manage-listenClient] 发送心跳
2026_08_04-15:58:35 [W] [manage-listenClient] 发送心跳
2026_08_04-15:58:40 [W] [manage-listenClient] 发送心跳
2026_08_04-15:58:45 [W] [manage-listenClient] 发送心跳
2026_08_04-15:58:50 [W] [manage-listenClient] 发送心跳
2026_08_04-15:58:55 [W] [manage-listenClient] 发送心跳
2026_08_04-15:59:00 [W] [manage-listenClient] 发送心跳
2026_08_04-15:59:05 [W] [manage-listenClient] 发送心跳
2026_08_04-15:59:10 [W] [manage-listenClient] 发送心跳
2026_08_04-15:59:15 [W] [manage-listenClient] 发送心跳
2026_08_04-15:59:20 [W] [manage-listenClient] 发送心跳
2026_08_04-15:59:25 [W] [manage-listenClient] 发送心跳
2026_08_04-15:59:30 [W] [manage-listenClient] 发送心跳
2026_08_04-15:59:35 [W] [manage-listenClient] 发送心跳
2026_08_04-15:59:40 [W] [manage-listenClient] 发送心跳
2026_08_04-15:59:45 [W] [manage-listenClient] 发送心跳
2026_08_04-15:59:50 [W] [manage-listenClient] 发送心跳
2026_08_04-15:59:55 [W] [manage-listenClient] 发送心跳
2026_08_04-16:00:00 [W] [manage-listenClient] 发送心跳
2026_08_04-16:00:05 [W] [manage-listenClient] 发送心跳
2026_08_04-16:00:10 [W] [manage-listenClient] 发送心跳
2026_08_04-16:00:15 [W] [manage-listenClient] 发送心跳
2026_08_04-16:00:20 [W] [manage-listenClient] 发送心跳
2026_08_04-16:00:25 [W] [manage-listenClient] 发送心跳
2026_08_04-16:00:30 [W] [manage-listenClient] 发送心跳
2026_08_04-16:00:35 [W] [manage-listenClient] 发送心跳
2026_08_04-16:00:40 [W] [manage-listenClient] 发送心跳
2026_08_04-16:00:45 [W] [manage-listenClient] 发送心跳
2026_08_04-16:00:50 [W] [manage-listenClient] 发送心跳
2026_08_04-16:00:55 [W] [manage-listenClient] 发送心跳
2026_08_04-16:01:00 [W] [manage-listenClient] 发送心跳
2026_08_04-16:01:05 [W] [manage-listenClient] 发送心跳
2026_08_04-16:01:10 [W] [manage-listenClient] 发送心跳
2026_08_04-16:01:15 [W] [manage-listenClient] 发送心跳
2026_08_04-16:01:18 [D] [<UNNAME>] Connection::kConnected
2026_08_04-16:01:18 [W] [analysis] RxFlg.store(1)---serial_number = 51 check_sn = 51
2026_08_04-16:01:18 [W] [analysis] cv通知下发---serial_number = 51 check_sn = 51
2026_08_04-16:01:18 [D] [<UNNAME>] linear_speed=0.000000, angular_speed=0.000000, iscanmove=0
