2026_08_03-14:35:53 [D] [<UNNAME>] start init ...
2026_08_03-14:35:53 [D] [<UNNAME>] gmrL3NIiUe7mk2Gv/LbZv6yPs4w+JnpQgKIKDn8/FR/nYMKfKnR93t2jd9VY4qaRhwq9bJUmJ9BN4RYuKnOxUfY=
2026_08_03-14:35:53 [I] [client] socket connect = 1 kConnecting = 0 kConnected = 1 kDisconnecting = 2 kDisconnected = 3
2026_08_03-14:35:53 [W] [manage-CreateClient] 需要创建client Index = 1
2026_08_03-14:35:53 [D] [<UNNAME>] Connection::kConnected
2026_08_03-14:35:53 [W] [analysis] RxFlg.store(1)---serial_number = 0 check_sn = 0
2026_08_03-14:35:53 [W] [analysis] cv通知下发---serial_number = 0 check_sn = 0
2026_08_03-14:35:53 [D] [manage-listenClient] 还未授权成功，请求中
2026_08_03-14:35:53 [D] [<UNNAME>] Connection::kConnected
2026_08_03-14:35:53 [W] [manage-CreateClient] 需要创建client Index = 2
2026_08_03-14:35:54 [W] [analysis] RxFlg.store(1)---serial_number = 1 check_sn = 1
2026_08_03-14:35:54 [W] [analysis] cv通知下发---serial_number = 1 check_sn = 1
2026_08_03-14:35:54 [D] [manage-listenClient] Random: bxMjTE..., VIN: HTWW312510A000123
2026_08_03-14:35:54 [I] [manage-listenClient] License verified successfully for VIN: HTWW312510A000123
2026_08_03-14:35:54 [D] [manage-listenClient] License valid until: 2026-10-15 10:12:20
2026_08_03-14:35:54 [I] [manage-listenClient] License verified successfully for expiry: 1A0A0F0A0C14
2026_08_03-14:35:55 [D] [<UNNAME>] Connection::kConnected
2026_08_03-14:35:55 [W] [analysis] RxFlg.store(1)---serial_number = 2 check_sn = 2
2026_08_03-14:35:55 [W] [analysis] cv通知下发---serial_number = 2 check_sn = 2
2026_08_03-14:35:55 [D] [<UNNAME>] brake_ctrl=1
2026_08_03-14:35:58 [W] [manage-listenClient] 发送心跳
2026_08_03-14:36:03 [W] [manage-listenClient] 发送心跳
2026_08_03-14:36:08 [W] [manage-listenClient] 发送心跳
2026_08_03-14:36:13 [W] [manage-listenClient] 发送心跳
2026_08_03-14:36:18 [W] [manage-listenClient] 发送心跳
2026_08_03-14:36:23 [W] [manage-listenClient] 发送心跳
2026_08_03-14:36:28 [W] [manage-listenClient] 发送心跳
2026_08_03-14:36:33 [W] [manage-listenClient] 发送心跳
2026_08_03-14:36:38 [W] [manage-listenClient] 发送心跳
2026_08_03-14:36:43 [W] [manage-listenClient] 发送心跳
2026_08_03-14:36:48 [D] [<UNNAME>] Connection::kConnected
2026_08_03-14:36:48 [W] [analysis] RxFlg.store(1)---serial_number = 13 check_sn = 13
2026_08_03-14:36:48 [W] [analysis] cv通知下发---serial_number = 13 check_sn = 13
2026_08_03-14:36:48 [D] [<UNNAME>] linear_speed=0.000000, angular_speed=0.000000, iscanmove=0
2026_08_03-14:36:48 [D] [<UNNAME>] Connection::kConnected
2026_08_03-14:36:48 [W] [manage-listenClient] 发送心跳
2026_08_03-14:36:48 [W] [analysis] RxFlg.store(1)---serial_number = 14 check_sn = 14
2026_08_03-14:36:48 [W] [analysis] cv通知下发---serial_number = 14 check_sn = 14
2026_08_03-14:36:48 [D] [<UNNAME>] brake_ctrl=0
