2026_07_31-10:57:49 [D] [<UNNAME>] start init ...
2026_07_31-10:57:49 [D] [<UNNAME>] gmrL3NIiUe7mk2Gv/LbZv6yPs4w+JnpQgKIKDn8/FR/nYMKfKnR93t2jd9VY4qaRhwq9bJUmJ9BN4RYuKnOxUfY=
2026_07_31-10:57:49 [I] [client] socket connect = 1 kConnecting = 0 kConnected = 1 kDisconnecting = 2 kDisconnected = 3
2026_07_31-10:57:49 [W] [manage-CreateClient] 需要创建client Index = 1
2026_07_31-10:57:49 [D] [<UNNAME>] Connection::kConnected
2026_07_31-10:57:49 [W] [analysis] RxFlg.store(1)---serial_number = 0 check_sn = 0
2026_07_31-10:57:49 [W] [analysis] cv通知下发---serial_number = 0 check_sn = 0
2026_07_31-10:57:49 [E] [analysis] [auth=0]:未授权
2026_07_31-10:57:49 [E] [analysis] [auth=0]:未授权
2026_07_31-10:57:49 [D] [manage-listenClient] 还未授权成功，请求中
2026_07_31-10:57:49 [D] [<UNNAME>] Connection::kConnected
2026_07_31-10:57:49 [W] [manage-CreateClient] 需要创建client Index = 2
2026_07_31-10:57:49 [W] [analysis] RxFlg.store(1)---serial_number = 1 check_sn = 1
2026_07_31-10:57:49 [W] [analysis] cv通知下发---serial_number = 1 check_sn = 1
2026_07_31-10:57:49 [D] [manage-listenClient] Random: bxMjTE..., VIN: HTWW312510A000123
2026_07_31-10:57:49 [I] [manage-listenClient] License verified successfully for VIN: HTWW312510A000123
2026_07_31-10:57:49 [D] [manage-listenClient] License valid until: 2026-10-15 10:12:20
2026_07_31-10:57:49 [I] [manage-listenClient] License verified successfully for expiry: 1A0A0F0A0C14
2026_07_31-10:57:50 [D] [<UNNAME>] Connection::kConnected
2026_07_31-10:57:50 [W] [analysis] RxFlg.store(1)---serial_number = 2 check_sn = 2
2026_07_31-10:57:50 [W] [analysis] cv通知下发---serial_number = 2 check_sn = 2
2026_07_31-10:57:50 [D] [<UNNAME>] brake_ctrl=1
2026_07_31-10:57:54 [W] [manage-listenClient] 发送心跳
2026_07_31-10:57:59 [W] [manage-listenClient] 发送心跳
2026_07_31-10:58:04 [W] [manage-listenClient] 发送心跳
2026_07_31-10:58:09 [W] [manage-listenClient] 发送心跳
2026_07_31-10:58:14 [W] [manage-listenClient] 发送心跳
2026_07_31-10:58:19 [W] [manage-listenClient] 发送心跳
2026_07_31-10:58:24 [W] [manage-listenClient] 发送心跳
2026_07_31-10:58:29 [W] [manage-listenClient] 发送心跳
2026_07_31-10:58:34 [W] [manage-listenClient] 发送心跳
2026_07_31-10:58:39 [W] [manage-listenClient] 发送心跳
2026_07_31-10:58:44 [W] [manage-listenClient] 发送心跳
2026_07_31-10:58:49 [W] [manage-listenClient] 发送心跳
2026_07_31-10:58:54 [W] [manage-listenClient] 发送心跳
2026_07_31-10:58:59 [W] [manage-listenClient] 发送心跳
2026_07_31-10:59:04 [W] [manage-listenClient] 发送心跳
2026_07_31-10:59:09 [W] [manage-listenClient] 发送心跳
2026_07_31-10:59:14 [W] [manage-listenClient] 发送心跳
2026_07_31-10:59:19 [W] [manage-listenClient] 发送心跳
2026_07_31-10:59:24 [W] [manage-listenClient] 发送心跳
2026_07_31-10:59:29 [W] [manage-listenClient] 发送心跳
2026_07_31-10:59:34 [W] [manage-listenClient] 发送心跳
2026_07_31-10:59:39 [W] [manage-listenClient] 发送心跳
2026_07_31-10:59:44 [W] [manage-listenClient] 发送心跳
2026_07_31-10:59:49 [W] [manage-listenClient] 发送心跳
2026_07_31-10:59:54 [W] [manage-listenClient] 发送心跳
2026_07_31-10:59:59 [W] [manage-listenClient] 发送心跳
2026_07_31-11:00:04 [W] [manage-listenClient] 发送心跳
2026_07_31-11:00:09 [W] [manage-listenClient] 发送心跳
2026_07_31-11:00:14 [W] [manage-listenClient] 发送心跳
2026_07_31-11:00:19 [W] [manage-listenClient] 发送心跳
2026_07_31-11:00:24 [W] [manage-listenClient] 发送心跳
2026_07_31-11:00:29 [W] [manage-listenClient] 发送心跳
2026_07_31-11:00:34 [W] [manage-listenClient] 发送心跳
2026_07_31-11:00:39 [W] [manage-listenClient] 发送心跳
2026_07_31-11:00:44 [W] [manage-listenClient] 发送心跳
2026_07_31-11:00:49 [W] [manage-listenClient] 发送心跳
2026_07_31-11:00:54 [W] [manage-listenClient] 发送心跳
2026_07_31-11:00:59 [W] [manage-listenClient] 发送心跳
2026_07_31-11:01:04 [W] [manage-listenClient] 发送心跳
2026_07_31-11:01:09 [W] [manage-listenClient] 发送心跳
2026_07_31-11:01:14 [W] [manage-listenClient] 发送心跳
2026_07_31-11:01:19 [W] [manage-listenClient] 发送心跳
2026_07_31-11:01:24 [W] [manage-listenClient] 发送心跳
2026_07_31-11:01:29 [W] [manage-listenClient] 发送心跳
2026_07_31-11:01:34 [W] [manage-listenClient] 发送心跳
2026_07_31-11:01:39 [W] [manage-listenClient] 发送心跳
2026_07_31-11:01:44 [W] [manage-listenClient] 发送心跳
2026_07_31-11:01:49 [W] [manage-listenClient] 发送心跳
2026_07_31-11:01:54 [W] [manage-listenClient] 发送心跳
2026_07_31-11:01:59 [W] [manage-listenClient] 发送心跳
2026_07_31-11:02:04 [W] [manage-listenClient] 发送心跳
2026_07_31-11:02:09 [W] [manage-listenClient] 发送心跳
2026_07_31-11:02:14 [W] [manage-listenClient] 发送心跳
2026_07_31-11:02:19 [W] [manage-listenClient] 发送心跳
2026_07_31-11:02:24 [W] [manage-listenClient] 发送心跳
2026_07_31-11:02:29 [W] [manage-listenClient] 发送心跳
2026_07_31-11:02:34 [W] [manage-listenClient] 发送心跳
2026_07_31-11:02:39 [W] [manage-listenClient] 发送心跳
2026_07_31-11:02:44 [W] [manage-listenClient] 发送心跳
2026_07_31-11:02:49 [W] [manage-listenClient] 发送心跳
2026_07_31-11:02:54 [W] [manage-listenClient] 发送心跳
2026_07_31-11:02:59 [W] [manage-listenClient] 发送心跳
2026_07_31-11:03:04 [W] [manage-listenClient] 发送心跳
2026_07_31-11:03:09 [W] [manage-listenClient] 发送心跳
2026_07_31-11:03:14 [W] [manage-listenClient] 发送心跳
2026_07_31-11:03:19 [W] [manage-listenClient] 发送心跳
2026_07_31-11:03:24 [W] [manage-listenClient] 发送心跳
2026_07_31-11:03:29 [W] [manage-listenClient] 发送心跳
2026_07_31-11:03:34 [W] [manage-listenClient] 发送心跳
2026_07_31-11:03:39 [W] [manage-listenClient] 发送心跳
2026_07_31-11:03:44 [W] [manage-listenClient] 发送心跳
2026_07_31-11:03:49 [W] [manage-listenClient] 发送心跳
2026_07_31-11:03:54 [W] [manage-listenClient] 发送心跳
2026_07_31-11:03:59 [W] [manage-listenClient] 发送心跳
2026_07_31-11:04:04 [W] [manage-listenClient] 发送心跳
2026_07_31-11:04:09 [W] [manage-listenClient] 发送心跳
2026_07_31-11:04:14 [W] [manage-listenClient] 发送心跳
2026_07_31-11:04:19 [W] [manage-listenClient] 发送心跳
2026_07_31-11:04:24 [W] [manage-listenClient] 发送心跳
2026_07_31-11:04:29 [W] [manage-listenClient] 发送心跳
2026_07_31-11:04:34 [W] [manage-listenClient] 发送心跳
2026_07_31-11:04:39 [W] [manage-listenClient] 发送心跳
2026_07_31-11:04:44 [W] [manage-listenClient] 发送心跳
2026_07_31-11:04:49 [W] [manage-listenClient] 发送心跳
2026_07_31-11:04:54 [W] [manage-listenClient] 发送心跳
2026_07_31-11:04:59 [W] [manage-listenClient] 发送心跳
2026_07_31-11:05:04 [W] [manage-listenClient] 发送心跳
2026_07_31-11:05:09 [W] [manage-listenClient] 发送心跳
2026_07_31-11:05:11 [D] [<UNNAME>] Connection::kConnected
2026_07_31-11:05:12 [W] [analysis] RxFlg.store(1)---serial_number = 91 check_sn = 91
2026_07_31-11:05:12 [W] [analysis] cv通知下发---serial_number = 91 check_sn = 91
2026_07_31-11:05:12 [D] [<UNNAME>] linear_speed=0.000000, angular_speed=0.000000, iscanmove=0
2026_07_31-11:05:12 [D] [<UNNAME>] Connection::kConnected
2026_07_31-11:05:12 [W] [analysis] RxFlg.store(1)---serial_number = 92 check_sn = 92
2026_07_31-11:05:12 [W] [analysis] cv通知下发---serial_number = 92 check_sn = 92
2026_07_31-11:05:12 [D] [<UNNAME>] brake_ctrl=0
