2026_08_04-15:25:30 [D] [<UNNAME>] start init ...
2026_08_04-15:25:30 [D] [<UNNAME>] gmrL3NIiUe7mk2Gv/LbZv6yPs4w+JnpQgKIKDn8/FR/nYMKfKnR93t2jd9VY4qaRhwq9bJUmJ9BN4RYuKnOxUfY=
2026_08_04-15:25:30 [I] [client] socket connect = 1 kConnecting = 0 kConnected = 1 kDisconnecting = 2 kDisconnected = 3
2026_08_04-15:25:30 [W] [manage-CreateClient] 需要创建client Index = 1
2026_08_04-15:25:30 [D] [<UNNAME>] Connection::kConnected
2026_08_04-15:25:30 [W] [analysis] RxFlg.store(1)---serial_number = 0 check_sn = 0
2026_08_04-15:25:30 [W] [analysis] cv通知下发---serial_number = 0 check_sn = 0
2026_08_04-15:25:30 [D] [manage-listenClient] 还未授权成功，请求中
2026_08_04-15:25:30 [D] [<UNNAME>] Connection::kConnected
2026_08_04-15:25:30 [W] [manage-CreateClient] 需要创建client Index = 2
2026_08_04-15:25:30 [W] [analysis] RxFlg.store(1)---serial_number = 1 check_sn = 1
2026_08_04-15:25:30 [W] [analysis] cv通知下发---serial_number = 1 check_sn = 1
2026_08_04-15:25:30 [E] [analysis] [auth=0]:未授权
2026_08_04-15:25:30 [D] [manage-listenClient] Random: bxMjTE..., VIN: HTWW312510A000123
2026_08_04-15:25:30 [I] [manage-listenClient] License verified successfully for VIN: HTWW312510A000123
2026_08_04-15:25:30 [D] [manage-listenClient] License valid until: 2026-10-15 10:12:20
2026_08_04-15:25:30 [I] [manage-listenClient] License verified successfully for expiry: 1A0A0F0A0C14
2026_08_04-15:25:35 [W] [manage-listenClient] 发送心跳
2026_08_04-15:25:40 [W] [manage-listenClient] 发送心跳
2026_08_04-15:25:45 [W] [manage-listenClient] 发送心跳
2026_08_04-15:25:50 [W] [manage-listenClient] 发送心跳
2026_08_04-15:25:55 [W] [manage-listenClient] 发送心跳
2026_08_04-15:26:00 [W] [manage-listenClient] 发送心跳
2026_08_04-15:26:05 [W] [manage-listenClient] 发送心跳
2026_08_04-15:26:10 [W] [manage-listenClient] 发送心跳
2026_08_04-15:26:15 [W] [manage-listenClient] 发送心跳
2026_08_04-15:26:20 [W] [manage-listenClient] 发送心跳
2026_08_04-15:26:25 [W] [manage-listenClient] 发送心跳
2026_08_04-15:26:30 [W] [manage-listenClient] 发送心跳
2026_08_04-15:26:35 [W] [manage-listenClient] 发送心跳
2026_08_04-15:26:40 [W] [manage-listenClient] 发送心跳
2026_08_04-15:26:45 [W] [manage-listenClient] 发送心跳
2026_08_04-15:26:50 [W] [manage-listenClient] 发送心跳
2026_08_04-15:26:55 [W] [manage-listenClient] 发送心跳
2026_08_04-15:27:00 [W] [manage-listenClient] 发送心跳
2026_08_04-15:27:05 [W] [manage-listenClient] 发送心跳
2026_08_04-15:27:10 [W] [manage-listenClient] 发送心跳
2026_08_04-15:27:15 [W] [manage-listenClient] 发送心跳
2026_08_04-15:27:20 [W] [manage-listenClient] 发送心跳
2026_08_04-15:27:25 [W] [manage-listenClient] 发送心跳
2026_08_04-15:27:30 [W] [manage-listenClient] 发送心跳
2026_08_04-15:27:35 [W] [manage-listenClient] 发送心跳
2026_08_04-15:27:40 [W] [manage-listenClient] 发送心跳
2026_08_04-15:27:45 [W] [manage-listenClient] 发送心跳
2026_08_04-15:27:50 [W] [manage-listenClient] 发送心跳
2026_08_04-15:27:55 [W] [manage-listenClient] 发送心跳
2026_08_04-15:28:00 [W] [manage-listenClient] 发送心跳
2026_08_04-15:28:05 [W] [manage-listenClient] 发送心跳
2026_08_04-15:28:10 [W] [manage-listenClient] 发送心跳
2026_08_04-15:28:15 [W] [manage-listenClient] 发送心跳
2026_08_04-15:28:20 [W] [manage-listenClient] 发送心跳
2026_08_04-15:28:25 [W] [manage-listenClient] 发送心跳
2026_08_04-15:28:30 [W] [manage-listenClient] 发送心跳
2026_08_04-15:28:35 [W] [manage-listenClient] 发送心跳
2026_08_04-15:28:40 [W] [manage-listenClient] 发送心跳
2026_08_04-15:28:45 [W] [manage-listenClient] 发送心跳
2026_08_04-15:28:50 [W] [manage-listenClient] 发送心跳
2026_08_04-15:28:55 [W] [manage-listenClient] 发送心跳
2026_08_04-15:29:00 [W] [manage-listenClient] 发送心跳
2026_08_04-15:29:05 [W] [manage-listenClient] 发送心跳
2026_08_04-15:29:10 [W] [manage-listenClient] 发送心跳
2026_08_04-15:29:15 [W] [manage-listenClient] 发送心跳
2026_08_04-15:29:20 [W] [manage-listenClient] 发送心跳
2026_08_04-15:29:25 [W] [manage-listenClient] 发送心跳
2026_08_04-15:29:30 [W] [manage-listenClient] 发送心跳
2026_08_04-15:29:35 [W] [manage-listenClient] 发送心跳
2026_08_04-15:29:40 [W] [manage-listenClient] 发送心跳
2026_08_04-15:29:45 [W] [manage-listenClient] 发送心跳
2026_08_04-15:29:50 [W] [manage-listenClient] 发送心跳
2026_08_04-15:29:55 [W] [manage-listenClient] 发送心跳
2026_08_04-15:30:00 [W] [manage-listenClient] 发送心跳
2026_08_04-15:30:05 [W] [manage-listenClient] 发送心跳
2026_08_04-15:30:10 [W] [manage-listenClient] 发送心跳
2026_08_04-15:30:15 [W] [manage-listenClient] 发送心跳
2026_08_04-15:30:20 [W] [manage-listenClient] 发送心跳
2026_08_04-15:30:25 [W] [manage-listenClient] 发送心跳
2026_08_04-15:30:30 [W] [manage-listenClient] 发送心跳
2026_08_04-15:30:35 [W] [manage-listenClient] 发送心跳
2026_08_04-15:30:40 [W] [manage-listenClient] 发送心跳
2026_08_04-15:30:45 [W] [manage-listenClient] 发送心跳
2026_08_04-15:30:50 [W] [manage-listenClient] 发送心跳
2026_08_04-15:30:55 [W] [manage-listenClient] 发送心跳
2026_08_04-15:31:00 [W] [manage-listenClient] 发送心跳
2026_08_04-15:31:05 [W] [manage-listenClient] 发送心跳
2026_08_04-15:31:10 [W] [manage-listenClient] 发送心跳
2026_08_04-15:31:15 [W] [manage-listenClient] 发送心跳
2026_08_04-15:31:20 [W] [manage-listenClient] 发送心跳
2026_08_04-15:31:25 [W] [manage-listenClient] 发送心跳
2026_08_04-15:31:30 [W] [manage-listenClient] 发送心跳
2026_08_04-15:31:35 [W] [manage-listenClient] 发送心跳
2026_08_04-15:31:40 [W] [manage-listenClient] 发送心跳
2026_08_04-15:31:45 [W] [manage-listenClient] 发送心跳
2026_08_04-15:31:51 [W] [manage-listenClient] 发送心跳
2026_08_04-15:31:56 [W] [manage-listenClient] 发送心跳
2026_08_04-15:32:01 [W] [manage-listenClient] 发送心跳
2026_08_04-15:32:05 [W] [manage-listenClient] 发送心跳
2026_08_04-15:32:10 [W] [manage-listenClient] 发送心跳
2026_08_04-15:32:15 [W] [manage-listenClient] 发送心跳
2026_08_04-15:32:20 [W] [manage-listenClient] 发送心跳
2026_08_04-15:32:38 [W] [manage-listenClient] 发送心跳
2026_08_04-15:32:43 [W] [manage-listenClient] 发送心跳
2026_08_04-15:32:48 [W] [manage-listenClient] 发送心跳
2026_08_04-15:32:53 [W] [manage-listenClient] 发送心跳
2026_08_04-15:32:58 [W] [manage-listenClient] 发送心跳
2026_08_04-15:33:03 [W] [manage-listenClient] 发送心跳
2026_08_04-15:33:08 [W] [manage-listenClient] 发送心跳
2026_08_04-15:33:13 [W] [manage-listenClient] 发送心跳
2026_08_04-15:33:18 [W] [manage-listenClient] 发送心跳
2026_08_04-15:33:23 [W] [manage-listenClient] 发送心跳
2026_08_04-15:33:28 [W] [manage-listenClient] 发送心跳
2026_08_04-15:33:33 [W] [manage-listenClient] 发送心跳
2026_08_04-15:33:38 [W] [manage-listenClient] 发送心跳
2026_08_04-15:33:43 [W] [manage-listenClient] 发送心跳
2026_08_04-15:33:48 [W] [manage-listenClient] 发送心跳
2026_08_04-15:33:53 [W] [manage-listenClient] 发送心跳
2026_08_04-15:33:58 [W] [manage-listenClient] 发送心跳
2026_08_04-15:34:03 [W] [manage-listenClient] 发送心跳
2026_08_04-15:34:08 [W] [manage-listenClient] 发送心跳
2026_08_04-15:34:13 [W] [manage-listenClient] 发送心跳
2026_08_04-15:34:18 [W] [manage-listenClient] 发送心跳
2026_08_04-15:34:23 [W] [manage-listenClient] 发送心跳
2026_08_04-15:34:28 [W] [manage-listenClient] 发送心跳
2026_08_04-15:34:33 [W] [manage-listenClient] 发送心跳
2026_08_04-15:34:38 [W] [manage-listenClient] 发送心跳
2026_08_04-15:34:43 [W] [manage-listenClient] 发送心跳
2026_08_04-15:34:48 [W] [manage-listenClient] 发送心跳
2026_08_04-15:34:53 [W] [manage-listenClient] 发送心跳
2026_08_04-15:34:58 [W] [manage-listenClient] 发送心跳
2026_08_04-15:35:03 [W] [manage-listenClient] 发送心跳
2026_08_04-15:35:08 [W] [manage-listenClient] 发送心跳
2026_08_04-15:35:13 [W] [manage-listenClient] 发送心跳
2026_08_04-15:35:18 [W] [manage-listenClient] 发送心跳
2026_08_04-15:35:23 [W] [manage-listenClient] 发送心跳
2026_08_04-15:35:28 [W] [manage-listenClient] 发送心跳
2026_08_04-15:35:30 [D] [client] disconnect from 192.168.10.1:8090
2026_08_04-15:35:30 [I] [client] socket close = 3
2026_08_04-15:35:31 [W] [manage-listenClient] 断联：开始释放资源
2026_08_04-15:35:31 [W] [manage-listenClient] ClientQue.front()->getClientID() = 1,CurClientID.load() = 0
2026_08_04-15:35:31 [I] [client] socket connect = 1 kConnecting = 0 kConnected = 1 kDisconnecting = 2 kDisconnected = 3
2026_08_04-15:35:31 [W] [manage-CreateClient] 需要创建client Index = 3
2026_08_04-15:35:31 [D] [<UNNAME>] Connection::kConnected
2026_08_04-15:35:31 [W] [analysis] RxFlg.store(1)---serial_number = 119 check_sn = 119
2026_08_04-15:35:31 [W] [analysis] cv通知下发---serial_number = 119 check_sn = 119
2026_08_04-15:35:31 [D] [manage-listenClient] 已经授权成功，重复验证授权码
2026_08_04-15:35:31 [D] [manage-listenClient] Random: bxMjTE..., VIN: HTWW312510A000123
2026_08_04-15:35:31 [I] [manage-listenClient] License verified successfully for VIN: HTWW312510A000123
2026_08_04-15:35:31 [D] [manage-listenClient] License valid until: 2026-10-15 10:12:20
2026_08_04-15:35:31 [I] [manage-listenClient] License verified successfully for expiry: 1A0A0F0A0C14
2026_08_04-15:35:34 [W] [manage-listenClient] 发送心跳
2026_08_04-15:35:39 [W] [manage-listenClient] 发送心跳
2026_08_04-15:35:44 [W] [manage-listenClient] 发送心跳
2026_08_04-15:35:49 [W] [manage-listenClient] 发送心跳
2026_08_04-15:35:54 [W] [manage-listenClient] 发送心跳
2026_08_04-15:35:59 [W] [manage-listenClient] 发送心跳
2026_08_04-15:36:04 [W] [manage-listenClient] 发送心跳
2026_08_04-15:36:09 [W] [manage-listenClient] 发送心跳
2026_08_04-15:36:14 [W] [manage-listenClient] 发送心跳
2026_08_04-15:36:19 [W] [manage-listenClient] 发送心跳
2026_08_04-15:36:24 [W] [manage-listenClient] 发送心跳
2026_08_04-15:36:29 [W] [manage-listenClient] 发送心跳
2026_08_04-15:36:34 [W] [manage-listenClient] 发送心跳
2026_08_04-15:36:39 [W] [manage-listenClient] 发送心跳
2026_08_04-15:36:44 [W] [manage-listenClient] 发送心跳
2026_08_04-15:36:49 [W] [manage-listenClient] 发送心跳
2026_08_04-15:36:54 [W] [manage-listenClient] 发送心跳
2026_08_04-15:36:59 [W] [manage-listenClient] 发送心跳
2026_08_04-15:37:04 [W] [manage-listenClient] 发送心跳
2026_08_04-15:37:09 [W] [manage-listenClient] 发送心跳
2026_08_04-15:37:14 [W] [manage-listenClient] 发送心跳
2026_08_04-15:37:19 [W] [manage-listenClient] 发送心跳
2026_08_04-15:37:24 [W] [manage-listenClient] 发送心跳
2026_08_04-15:37:29 [W] [manage-listenClient] 发送心跳
2026_08_04-15:37:34 [W] [manage-listenClient] 发送心跳
2026_08_04-15:37:39 [W] [manage-listenClient] 发送心跳
2026_08_04-15:37:44 [W] [manage-listenClient] 发送心跳
2026_08_04-15:37:49 [W] [manage-listenClient] 发送心跳
2026_08_04-15:37:54 [W] [manage-listenClient] 发送心跳
2026_08_04-15:37:59 [W] [manage-listenClient] 发送心跳
2026_08_04-15:38:04 [W] [manage-listenClient] 发送心跳
2026_08_04-15:38:09 [W] [manage-listenClient] 发送心跳
2026_08_04-15:38:14 [W] [manage-listenClient] 发送心跳
2026_08_04-15:38:19 [W] [manage-listenClient] 发送心跳
2026_08_04-15:38:24 [W] [manage-listenClient] 发送心跳
2026_08_04-15:38:29 [W] [manage-listenClient] 发送心跳
2026_08_04-15:38:34 [W] [manage-listenClient] 发送心跳
2026_08_04-15:38:39 [W] [manage-listenClient] 发送心跳
2026_08_04-15:38:44 [W] [manage-listenClient] 发送心跳
2026_08_04-15:38:49 [W] [manage-listenClient] 发送心跳
2026_08_04-15:38:54 [W] [manage-listenClient] 发送心跳
2026_08_04-15:38:59 [W] [manage-listenClient] 发送心跳
2026_08_04-15:39:04 [W] [manage-listenClient] 发送心跳
2026_08_04-15:39:09 [W] [manage-listenClient] 发送心跳
2026_08_04-15:39:14 [W] [manage-listenClient] 发送心跳
2026_08_04-15:39:19 [W] [manage-listenClient] 发送心跳
2026_08_04-15:39:24 [W] [manage-listenClient] 发送心跳
2026_08_04-15:39:29 [W] [manage-listenClient] 发送心跳
2026_08_04-15:39:34 [W] [manage-listenClient] 发送心跳
2026_08_04-15:39:39 [W] [manage-listenClient] 发送心跳
2026_08_04-15:39:44 [W] [manage-listenClient] 发送心跳
2026_08_04-15:39:49 [W] [manage-listenClient] 发送心跳
2026_08_04-15:39:54 [W] [manage-listenClient] 发送心跳
2026_08_04-15:39:59 [W] [manage-listenClient] 发送心跳
2026_08_04-15:40:04 [W] [manage-listenClient] 发送心跳
2026_08_04-15:40:09 [W] [manage-listenClient] 发送心跳
2026_08_04-15:40:14 [W] [manage-listenClient] 发送心跳
2026_08_04-15:40:19 [W] [manage-listenClient] 发送心跳
2026_08_04-15:40:24 [W] [manage-listenClient] 发送心跳
2026_08_04-15:40:29 [W] [manage-listenClient] 发送心跳
2026_08_04-15:40:34 [W] [manage-listenClient] 发送心跳
2026_08_04-15:40:39 [W] [manage-listenClient] 发送心跳
2026_08_04-15:40:44 [W] [manage-listenClient] 发送心跳
2026_08_04-15:40:49 [W] [manage-listenClient] 发送心跳
2026_08_04-15:40:54 [W] [manage-listenClient] 发送心跳
2026_08_04-15:40:59 [W] [manage-listenClient] 发送心跳
2026_08_04-15:41:04 [W] [manage-listenClient] 发送心跳
2026_08_04-15:41:09 [W] [manage-listenClient] 发送心跳
2026_08_04-15:41:14 [W] [manage-listenClient] 发送心跳
2026_08_04-15:41:19 [W] [manage-listenClient] 发送心跳
2026_08_04-15:41:24 [W] [manage-listenClient] 发送心跳
2026_08_04-15:41:29 [W] [manage-listenClient] 发送心跳
2026_08_04-15:41:34 [W] [manage-listenClient] 发送心跳
2026_08_04-15:41:39 [W] [manage-listenClient] 发送心跳
2026_08_04-15:41:44 [W] [manage-listenClient] 发送心跳
2026_08_04-15:41:49 [W] [manage-listenClient] 发送心跳
2026_08_04-15:41:54 [W] [manage-listenClient] 发送心跳
2026_08_04-15:41:59 [W] [manage-listenClient] 发送心跳
2026_08_04-15:42:04 [W] [manage-listenClient] 发送心跳
2026_08_04-15:42:09 [W] [manage-listenClient] 发送心跳
2026_08_04-15:42:14 [W] [manage-listenClient] 发送心跳
2026_08_04-15:42:19 [W] [manage-listenClient] 发送心跳
2026_08_04-15:42:24 [W] [manage-listenClient] 发送心跳
2026_08_04-15:42:29 [W] [manage-listenClient] 发送心跳
2026_08_04-15:42:34 [W] [manage-listenClient] 发送心跳
2026_08_04-15:42:39 [W] [manage-listenClient] 发送心跳
2026_08_04-15:42:44 [W] [manage-listenClient] 发送心跳
2026_08_04-15:42:49 [W] [manage-listenClient] 发送心跳
2026_08_04-15:42:54 [W] [manage-listenClient] 发送心跳
2026_08_04-15:42:59 [W] [manage-listenClient] 发送心跳
2026_08_04-15:43:04 [W] [manage-listenClient] 发送心跳
2026_08_04-15:43:09 [W] [manage-listenClient] 发送心跳
2026_08_04-15:43:14 [W] [manage-listenClient] 发送心跳
2026_08_04-15:43:19 [W] [manage-listenClient] 发送心跳
2026_08_04-15:43:24 [W] [manage-listenClient] 发送心跳
2026_08_04-15:43:29 [W] [manage-listenClient] 发送心跳
2026_08_04-15:43:34 [W] [manage-listenClient] 发送心跳
2026_08_04-15:43:39 [W] [manage-listenClient] 发送心跳
2026_08_04-15:43:44 [W] [manage-listenClient] 发送心跳
2026_08_04-15:43:49 [W] [manage-listenClient] 发送心跳
2026_08_04-15:43:55 [W] [manage-listenClient] 发送心跳
2026_08_04-15:44:00 [W] [manage-listenClient] 发送心跳
2026_08_04-15:44:05 [W] [manage-listenClient] 发送心跳
2026_08_04-15:44:10 [W] [manage-listenClient] 发送心跳
2026_08_04-15:44:15 [W] [manage-listenClient] 发送心跳
2026_08_04-15:44:20 [W] [manage-listenClient] 发送心跳
2026_08_04-15:44:24 [W] [manage-listenClient] 发送心跳
2026_08_04-15:44:29 [W] [manage-listenClient] 发送心跳
2026_08_04-15:44:34 [W] [manage-listenClient] 发送心跳
2026_08_04-15:44:39 [W] [manage-listenClient] 发送心跳
2026_08_04-15:44:44 [W] [manage-listenClient] 发送心跳
2026_08_04-15:44:49 [W] [manage-listenClient] 发送心跳
2026_08_04-15:44:54 [W] [manage-listenClient] 发送心跳
2026_08_04-15:44:59 [W] [manage-listenClient] 发送心跳
2026_08_04-15:45:04 [W] [manage-listenClient] 发送心跳
2026_08_04-15:45:09 [W] [manage-listenClient] 发送心跳
2026_08_04-15:45:14 [W] [manage-listenClient] 发送心跳
2026_08_04-15:45:19 [W] [manage-listenClient] 发送心跳
2026_08_04-15:45:24 [W] [manage-listenClient] 发送心跳
2026_08_04-15:45:29 [W] [manage-listenClient] 发送心跳
2026_08_04-15:45:31 [D] [client] disconnect from 192.168.10.1:8090
2026_08_04-15:45:31 [I] [client] socket close = 3
2026_08_04-15:45:31 [W] [manage-listenClient] 断联：开始释放资源
2026_08_04-15:45:31 [W] [manage-listenClient] ClientQue.front()->getClientID() = 2,CurClientID.load() = 1
2026_08_04-15:45:31 [I] [client] socket connect = 1 kConnecting = 0 kConnected = 1 kDisconnecting = 2 kDisconnected = 3
2026_08_04-15:45:31 [W] [manage-CreateClient] 需要创建client Index = 4
2026_08_04-15:45:31 [D] [<UNNAME>] Connection::kConnected
2026_08_04-15:45:31 [W] [analysis] RxFlg.store(1)---serial_number = 240 check_sn = 240
2026_08_04-15:45:31 [W] [analysis] cv通知下发---serial_number = 240 check_sn = 240
2026_08_04-15:45:31 [D] [manage-listenClient] 已经授权成功，重复验证授权码
2026_08_04-15:45:31 [D] [manage-listenClient] Random: bxMjTE..., VIN: HTWW312510A000123
2026_08_04-15:45:31 [I] [manage-listenClient] License verified successfully for VIN: HTWW312510A000123
2026_08_04-15:45:31 [D] [manage-listenClient] License valid until: 2026-10-15 10:12:20
2026_08_04-15:45:31 [I] [manage-listenClient] License verified successfully for expiry: 1A0A0F0A0C14
2026_08_04-15:45:34 [W] [manage-listenClient] 发送心跳
2026_08_04-15:45:39 [W] [manage-listenClient] 发送心跳
2026_08_04-15:45:44 [W] [manage-listenClient] 发送心跳
2026_08_04-15:45:49 [W] [manage-listenClient] 发送心跳
2026_08_04-15:45:54 [W] [manage-listenClient] 发送心跳
2026_08_04-15:45:59 [W] [manage-listenClient] 发送心跳
2026_08_04-15:46:04 [W] [manage-listenClient] 发送心跳
2026_08_04-15:46:09 [W] [manage-listenClient] 发送心跳
2026_08_04-15:46:14 [W] [manage-listenClient] 发送心跳
2026_08_04-15:46:19 [W] [manage-listenClient] 发送心跳
2026_08_04-15:46:24 [W] [manage-listenClient] 发送心跳
2026_08_04-15:46:29 [W] [manage-listenClient] 发送心跳
2026_08_04-15:46:34 [W] [manage-listenClient] 发送心跳
2026_08_04-15:46:39 [W] [manage-listenClient] 发送心跳
2026_08_04-15:46:44 [W] [manage-listenClient] 发送心跳
2026_08_04-15:46:49 [W] [manage-listenClient] 发送心跳
2026_08_04-15:46:54 [W] [manage-listenClient] 发送心跳
2026_08_04-15:46:59 [W] [manage-listenClient] 发送心跳
2026_08_04-15:47:04 [W] [manage-listenClient] 发送心跳
2026_08_04-15:47:09 [W] [manage-listenClient] 发送心跳
2026_08_04-15:47:14 [W] [manage-listenClient] 发送心跳
2026_08_04-15:47:19 [W] [manage-listenClient] 发送心跳
2026_08_04-15:47:24 [W] [manage-listenClient] 发送心跳
2026_08_04-15:47:29 [W] [manage-listenClient] 发送心跳
2026_08_04-15:47:34 [W] [manage-listenClient] 发送心跳
2026_08_04-15:47:39 [W] [manage-listenClient] 发送心跳
2026_08_04-15:47:44 [W] [manage-listenClient] 发送心跳
2026_08_04-15:47:49 [W] [manage-listenClient] 发送心跳
2026_08_04-15:47:54 [W] [manage-listenClient] 发送心跳
2026_08_04-15:47:59 [W] [manage-listenClient] 发送心跳
2026_08_04-15:48:04 [W] [manage-listenClient] 发送心跳
2026_08_04-15:48:09 [W] [manage-listenClient] 发送心跳
2026_08_04-15:48:14 [W] [manage-listenClient] 发送心跳
2026_08_04-15:48:19 [W] [manage-listenClient] 发送心跳
2026_08_04-15:48:25 [W] [manage-listenClient] 发送心跳
2026_08_04-15:48:30 [W] [manage-listenClient] 发送心跳
2026_08_04-15:48:35 [W] [manage-listenClient] 发送心跳
2026_08_04-15:48:40 [W] [manage-listenClient] 发送心跳
2026_08_04-15:48:45 [W] [manage-listenClient] 发送心跳
2026_08_04-15:48:50 [W] [manage-listenClient] 发送心跳
2026_08_04-15:48:55 [W] [manage-listenClient] 发送心跳
2026_08_04-15:49:00 [W] [manage-listenClient] 发送心跳
2026_08_04-15:49:05 [W] [manage-listenClient] 发送心跳
2026_08_04-15:49:10 [W] [manage-listenClient] 发送心跳
2026_08_04-15:49:15 [W] [manage-listenClient] 发送心跳
2026_08_04-15:49:20 [W] [manage-listenClient] 发送心跳
2026_08_04-15:49:25 [W] [manage-listenClient] 发送心跳
2026_08_04-15:49:30 [W] [manage-listenClient] 发送心跳
2026_08_04-15:49:35 [W] [manage-listenClient] 发送心跳
2026_08_04-15:49:40 [W] [manage-listenClient] 发送心跳
2026_08_04-15:49:45 [W] [manage-listenClient] 发送心跳
2026_08_04-15:49:50 [W] [manage-listenClient] 发送心跳
2026_08_04-15:49:55 [W] [manage-listenClient] 发送心跳
2026_08_04-15:49:59 [W] [manage-listenClient] 发送心跳
2026_08_04-15:50:04 [W] [manage-listenClient] 发送心跳
2026_08_04-15:50:09 [W] [manage-listenClient] 发送心跳
2026_08_04-15:50:14 [W] [manage-listenClient] 发送心跳
2026_08_04-15:50:19 [W] [manage-listenClient] 发送心跳
2026_08_04-15:50:24 [W] [manage-listenClient] 发送心跳
2026_08_04-15:50:29 [W] [manage-listenClient] 发送心跳
2026_08_04-15:50:34 [W] [manage-listenClient] 发送心跳
2026_08_04-15:50:39 [W] [manage-listenClient] 发送心跳
2026_08_04-15:50:44 [W] [manage-listenClient] 发送心跳
2026_08_04-15:50:49 [W] [manage-listenClient] 发送心跳
2026_08_04-15:50:54 [W] [manage-listenClient] 发送心跳
2026_08_04-15:50:59 [W] [manage-listenClient] 发送心跳
2026_08_04-15:51:04 [W] [manage-listenClient] 发送心跳
2026_08_04-15:51:09 [W] [manage-listenClient] 发送心跳
2026_08_04-15:51:14 [W] [manage-listenClient] 发送心跳
2026_08_04-15:51:19 [W] [manage-listenClient] 发送心跳
2026_08_04-15:51:24 [W] [manage-listenClient] 发送心跳
2026_08_04-15:51:29 [W] [manage-listenClient] 发送心跳
2026_08_04-15:51:34 [W] [manage-listenClient] 发送心跳
2026_08_04-15:51:39 [W] [manage-listenClient] 发送心跳
2026_08_04-15:51:44 [W] [manage-listenClient] 发送心跳
2026_08_04-15:51:49 [W] [manage-listenClient] 发送心跳
2026_08_04-15:51:54 [W] [manage-listenClient] 发送心跳
2026_08_04-15:51:59 [W] [manage-listenClient] 发送心跳
2026_08_04-15:52:04 [W] [manage-listenClient] 发送心跳
2026_08_04-15:52:09 [W] [manage-listenClient] 发送心跳
2026_08_04-15:52:14 [W] [manage-listenClient] 发送心跳
2026_08_04-15:52:19 [W] [manage-listenClient] 发送心跳
2026_08_04-15:52:24 [W] [manage-listenClient] 发送心跳
2026_08_04-15:52:29 [W] [manage-listenClient] 发送心跳
2026_08_04-15:52:34 [W] [manage-listenClient] 发送心跳
2026_08_04-15:52:39 [W] [manage-listenClient] 发送心跳
2026_08_04-15:52:44 [W] [manage-listenClient] 发送心跳
2026_08_04-15:52:49 [W] [manage-listenClient] 发送心跳
2026_08_04-15:52:54 [W] [manage-listenClient] 发送心跳
2026_08_04-15:52:59 [W] [manage-listenClient] 发送心跳
2026_08_04-15:53:04 [W] [manage-listenClient] 发送心跳
2026_08_04-15:53:09 [W] [manage-listenClient] 发送心跳
2026_08_04-15:53:14 [W] [manage-listenClient] 发送心跳
2026_08_04-15:53:19 [W] [manage-listenClient] 发送心跳
2026_08_04-15:53:24 [W] [manage-listenClient] 发送心跳
2026_08_04-15:53:30 [W] [manage-listenClient] 发送心跳
2026_08_04-15:53:35 [W] [manage-listenClient] 发送心跳
2026_08_04-15:53:40 [W] [manage-listenClient] 发送心跳
2026_08_04-15:53:45 [W] [manage-listenClient] 发送心跳
2026_08_04-15:53:50 [W] [manage-listenClient] 发送心跳
2026_08_04-15:53:55 [W] [manage-listenClient] 发送心跳
2026_08_04-15:54:00 [W] [manage-listenClient] 发送心跳
2026_08_04-15:54:05 [W] [manage-listenClient] 发送心跳
2026_08_04-15:54:10 [W] [manage-listenClient] 发送心跳
2026_08_04-15:54:15 [W] [manage-listenClient] 发送心跳
2026_08_04-15:54:20 [W] [manage-listenClient] 发送心跳
2026_08_04-15:54:25 [W] [manage-listenClient] 发送心跳
2026_08_04-15:54:30 [W] [manage-listenClient] 发送心跳
2026_08_04-15:54:35 [W] [manage-listenClient] 发送心跳
2026_08_04-15:54:40 [W] [manage-listenClient] 发送心跳
2026_08_04-15:54:45 [W] [manage-listenClient] 发送心跳
2026_08_04-15:54:50 [W] [manage-listenClient] 发送心跳
2026_08_04-15:54:55 [W] [manage-listenClient] 发送心跳
2026_08_04-15:55:00 [W] [manage-listenClient] 发送心跳
2026_08_04-15:55:05 [W] [manage-listenClient] 发送心跳
2026_08_04-15:55:08 [D] [<UNNAME>] Connection::kConnected
2026_08_04-15:55:08 [W] [analysis] RxFlg.store(1)---serial_number = 356 check_sn = 356
2026_08_04-15:55:08 [W] [analysis] cv通知下发---serial_number = 356 check_sn = 356
2026_08_04-15:55:08 [D] [<UNNAME>] linear_speed=0.000000, angular_speed=0.000000, iscanmove=0
