2026_07_30-17:41:11 [D] [<UNNAME>] start init ...
2026_07_30-17:41:11 [D] [<UNNAME>] gmrL3NIiUe7mk2Gv/LbZv6yPs4w+JnpQgKIKDn8/FR/nYMKfKnR93t2jd9VY4qaRhwq9bJUmJ9BN4RYuKnOxUfY=
2026_07_30-17:41:11 [I] [client] socket connect = 1 kConnecting = 0 kConnected = 1 kDisconnecting = 2 kDisconnected = 3
2026_07_30-17:41:11 [W] [manage-CreateClient] 需要创建client Index = 1
2026_07_30-17:41:11 [D] [<UNNAME>] Connection::kConnected
2026_07_30-17:41:11 [W] [analysis] RxFlg.store(1)---serial_number = 0 check_sn = 0
2026_07_30-17:41:11 [W] [analysis] cv通知下发---serial_number = 0 check_sn = 0
2026_07_30-17:41:11 [D] [manage-listenClient] 还未授权成功，请求中
2026_07_30-17:41:11 [D] [<UNNAME>] Connection::kConnected
2026_07_30-17:41:11 [W] [manage-CreateClient] 需要创建client Index = 2
2026_07_30-17:41:11 [W] [analysis] RxFlg.store(1)---serial_number = 1 check_sn = 1
2026_07_30-17:41:11 [W] [analysis] cv通知下发---serial_number = 1 check_sn = 1
2026_07_30-17:41:11 [D] [manage-listenClient] Random: bxMjTE..., VIN: HTWW312510A000123
2026_07_30-17:41:11 [I] [manage-listenClient] License verified successfully for VIN: HTWW312510A000123
2026_07_30-17:41:11 [D] [manage-listenClient] License valid until: 2026-10-15 10:12:20
2026_07_30-17:41:11 [I] [manage-listenClient] License verified successfully for expiry: 1A0A0F0A0C14
2026_07_30-17:41:12 [D] [<UNNAME>] Connection::kConnected
2026_07_30-17:41:12 [W] [analysis] RxFlg.store(1)---serial_number = 2 check_sn = 2
2026_07_30-17:41:12 [W] [analysis] cv通知下发---serial_number = 2 check_sn = 2
2026_07_30-17:41:12 [D] [<UNNAME>] brake_ctrl=1
2026_07_30-17:41:16 [W] [manage-listenClient] 发送心跳
2026_07_30-17:41:21 [W] [manage-listenClient] 发送心跳
2026_07_30-17:41:26 [W] [manage-listenClient] 发送心跳
2026_07_30-17:41:31 [W] [manage-listenClient] 发送心跳
2026_07_30-17:41:36 [W] [manage-listenClient] 发送心跳
2026_07_30-17:41:41 [W] [manage-listenClient] 发送心跳
2026_07_30-17:41:46 [W] [manage-listenClient] 发送心跳
2026_07_30-17:41:51 [W] [manage-listenClient] 发送心跳
2026_07_30-17:41:56 [W] [manage-listenClient] 发送心跳
2026_07_30-17:42:01 [W] [manage-listenClient] 发送心跳
2026_07_30-17:42:06 [W] [manage-listenClient] 发送心跳
2026_07_30-17:42:11 [W] [manage-listenClient] 发送心跳
2026_07_30-17:42:16 [W] [manage-listenClient] 发送心跳
2026_07_30-17:42:21 [W] [manage-listenClient] 发送心跳
2026_07_30-17:42:26 [W] [manage-listenClient] 发送心跳
2026_07_30-17:42:31 [W] [manage-listenClient] 发送心跳
2026_07_30-17:42:36 [W] [manage-listenClient] 发送心跳
2026_07_30-17:42:41 [W] [manage-listenClient] 发送心跳
2026_07_30-17:42:46 [W] [manage-listenClient] 发送心跳
2026_07_30-17:42:51 [W] [manage-listenClient] 发送心跳
2026_07_30-17:42:56 [W] [manage-listenClient] 发送心跳
2026_07_30-17:43:01 [W] [manage-listenClient] 发送心跳
2026_07_30-17:43:06 [W] [manage-listenClient] 发送心跳
2026_07_30-17:43:11 [W] [manage-listenClient] 发送心跳
2026_07_30-17:43:16 [W] [manage-listenClient] 发送心跳
2026_07_30-17:43:21 [W] [manage-listenClient] 发送心跳
2026_07_30-17:43:26 [W] [manage-listenClient] 发送心跳
2026_07_30-17:43:31 [W] [manage-listenClient] 发送心跳
2026_07_30-17:43:36 [W] [manage-listenClient] 发送心跳
2026_07_30-17:43:41 [W] [manage-listenClient] 发送心跳
2026_07_30-17:43:46 [W] [manage-listenClient] 发送心跳
2026_07_30-17:43:51 [W] [manage-listenClient] 发送心跳
2026_07_30-17:43:56 [W] [manage-listenClient] 发送心跳
2026_07_30-17:44:01 [W] [manage-listenClient] 发送心跳
2026_07_30-17:44:06 [W] [manage-listenClient] 发送心跳
2026_07_30-17:44:11 [W] [manage-listenClient] 发送心跳
2026_07_30-17:44:16 [W] [manage-listenClient] 发送心跳
2026_07_30-17:44:21 [W] [manage-listenClient] 发送心跳
2026_07_30-17:44:26 [W] [manage-listenClient] 发送心跳
2026_07_30-17:44:31 [W] [manage-listenClient] 发送心跳
2026_07_30-17:44:36 [W] [manage-listenClient] 发送心跳
2026_07_30-17:44:41 [W] [manage-listenClient] 发送心跳
2026_07_30-17:44:46 [W] [manage-listenClient] 发送心跳
2026_07_30-17:44:51 [W] [manage-listenClient] 发送心跳
2026_07_30-17:44:56 [W] [manage-listenClient] 发送心跳
2026_07_30-17:45:01 [W] [manage-listenClient] 发送心跳
2026_07_30-17:45:06 [W] [manage-listenClient] 发送心跳
2026_07_30-17:45:11 [W] [manage-listenClient] 发送心跳
2026_07_30-17:45:16 [W] [manage-listenClient] 发送心跳
2026_07_30-17:45:21 [W] [manage-listenClient] 发送心跳
2026_07_30-17:45:26 [W] [manage-listenClient] 发送心跳
2026_07_30-17:45:31 [W] [manage-listenClient] 发送心跳
2026_07_30-17:45:36 [W] [manage-listenClient] 发送心跳
2026_07_30-17:45:41 [W] [manage-listenClient] 发送心跳
2026_07_30-17:45:46 [W] [manage-listenClient] 发送心跳
2026_07_30-17:45:51 [W] [manage-listenClient] 发送心跳
2026_07_30-17:45:56 [W] [manage-listenClient] 发送心跳
2026_07_30-17:46:01 [W] [manage-listenClient] 发送心跳
2026_07_30-17:46:06 [W] [manage-listenClient] 发送心跳
2026_07_30-17:46:11 [W] [manage-listenClient] 发送心跳
2026_07_30-17:46:16 [W] [manage-listenClient] 发送心跳
2026_07_30-17:46:21 [W] [manage-listenClient] 发送心跳
2026_07_30-17:46:26 [W] [manage-listenClient] 发送心跳
2026_07_30-17:46:31 [W] [manage-listenClient] 发送心跳
2026_07_30-17:46:36 [W] [manage-listenClient] 发送心跳
2026_07_30-17:46:41 [W] [manage-listenClient] 发送心跳
2026_07_30-17:46:46 [W] [manage-listenClient] 发送心跳
2026_07_30-17:46:51 [W] [manage-listenClient] 发送心跳
2026_07_30-17:46:56 [W] [manage-listenClient] 发送心跳
2026_07_30-17:47:01 [W] [manage-listenClient] 发送心跳
2026_07_30-17:47:06 [W] [manage-listenClient] 发送心跳
2026_07_30-17:47:11 [W] [manage-listenClient] 发送心跳
2026_07_30-17:47:16 [W] [manage-listenClient] 发送心跳
2026_07_30-17:47:21 [W] [manage-listenClient] 发送心跳
2026_07_30-17:47:26 [W] [manage-listenClient] 发送心跳
2026_07_30-17:47:31 [W] [manage-listenClient] 发送心跳
2026_07_30-17:47:36 [W] [manage-listenClient] 发送心跳
2026_07_30-17:47:41 [W] [manage-listenClient] 发送心跳
2026_07_30-17:47:46 [W] [manage-listenClient] 发送心跳
2026_07_30-17:47:51 [W] [manage-listenClient] 发送心跳
2026_07_30-17:47:56 [W] [manage-listenClient] 发送心跳
2026_07_30-17:48:01 [W] [manage-listenClient] 发送心跳
2026_07_30-17:48:06 [W] [manage-listenClient] 发送心跳
2026_07_30-17:48:11 [W] [manage-listenClient] 发送心跳
2026_07_30-17:48:16 [W] [manage-listenClient] 发送心跳
2026_07_30-17:48:21 [W] [manage-listenClient] 发送心跳
2026_07_30-17:48:26 [W] [manage-listenClient] 发送心跳
2026_07_30-17:48:31 [W] [manage-listenClient] 发送心跳
2026_07_30-17:48:36 [W] [manage-listenClient] 发送心跳
2026_07_30-17:48:41 [W] [manage-listenClient] 发送心跳
2026_07_30-17:48:46 [W] [manage-listenClient] 发送心跳
2026_07_30-17:48:51 [W] [manage-listenClient] 发送心跳
2026_07_30-17:48:56 [W] [manage-listenClient] 发送心跳
2026_07_30-17:49:01 [W] [manage-listenClient] 发送心跳
2026_07_30-17:49:06 [W] [manage-listenClient] 发送心跳
2026_07_30-17:49:11 [W] [manage-listenClient] 发送心跳
2026_07_30-17:49:16 [W] [manage-listenClient] 发送心跳
2026_07_30-17:49:21 [W] [manage-listenClient] 发送心跳
2026_07_30-17:49:26 [W] [manage-listenClient] 发送心跳
2026_07_30-17:49:31 [W] [manage-listenClient] 发送心跳
2026_07_30-17:49:36 [W] [manage-listenClient] 发送心跳
2026_07_30-17:49:41 [W] [manage-listenClient] 发送心跳
2026_07_30-17:49:46 [W] [manage-listenClient] 发送心跳
2026_07_30-17:49:51 [W] [manage-listenClient] 发送心跳
2026_07_30-17:49:56 [W] [manage-listenClient] 发送心跳
2026_07_30-17:50:01 [W] [manage-listenClient] 发送心跳
2026_07_30-17:50:06 [W] [manage-listenClient] 发送心跳
2026_07_30-17:50:11 [W] [manage-listenClient] 发送心跳
2026_07_30-17:50:16 [W] [manage-listenClient] 发送心跳
2026_07_30-17:50:21 [W] [manage-listenClient] 发送心跳
2026_07_30-17:50:26 [W] [manage-listenClient] 发送心跳
2026_07_30-17:50:31 [W] [manage-listenClient] 发送心跳
2026_07_30-17:50:36 [W] [manage-listenClient] 发送心跳
2026_07_30-17:50:41 [W] [manage-listenClient] 发送心跳
2026_07_30-17:50:46 [W] [manage-listenClient] 发送心跳
2026_07_30-17:50:51 [W] [manage-listenClient] 发送心跳
2026_07_30-17:50:56 [W] [manage-listenClient] 发送心跳
2026_07_30-17:51:01 [W] [manage-listenClient] 发送心跳
2026_07_30-17:51:06 [W] [manage-listenClient] 发送心跳
2026_07_30-17:51:11 [W] [manage-listenClient] 发送心跳
2026_07_30-17:51:12 [D] [client] disconnect from 192.168.10.1:8090
2026_07_30-17:51:12 [I] [client] socket close = 3
2026_07_30-17:51:12 [W] [manage-listenClient] 断联：开始释放资源
2026_07_30-17:51:12 [W] [manage-listenClient] ClientQue.front()->getClientID() = 1,CurClientID.load() = 0
2026_07_30-17:51:12 [I] [client] socket connect = 1 kConnecting = 0 kConnected = 1 kDisconnecting = 2 kDisconnected = 3
2026_07_30-17:51:12 [W] [manage-CreateClient] 需要创建client Index = 3
2026_07_30-17:51:12 [D] [<UNNAME>] Connection::kConnected
2026_07_30-17:51:12 [W] [analysis] RxFlg.store(1)---serial_number = 123 check_sn = 123
2026_07_30-17:51:12 [W] [analysis] cv通知下发---serial_number = 123 check_sn = 123
2026_07_30-17:51:12 [D] [manage-listenClient] 已经授权成功，重复验证授权码
2026_07_30-17:51:12 [D] [manage-listenClient] Random: bxMjTE..., VIN: HTWW312510A000123
2026_07_30-17:51:12 [I] [manage-listenClient] License verified successfully for VIN: HTWW312510A000123
2026_07_30-17:51:12 [D] [manage-listenClient] License valid until: 2026-10-15 10:12:20
2026_07_30-17:51:12 [I] [manage-listenClient] License verified successfully for expiry: 1A0A0F0A0C14
2026_07_30-17:51:16 [W] [manage-listenClient] 发送心跳
2026_07_30-17:51:21 [W] [manage-listenClient] 发送心跳
2026_07_30-17:51:26 [W] [manage-listenClient] 发送心跳
2026_07_30-17:51:31 [W] [manage-listenClient] 发送心跳
2026_07_30-17:51:36 [W] [manage-listenClient] 发送心跳
2026_07_30-17:51:41 [W] [manage-listenClient] 发送心跳
2026_07_30-17:51:46 [W] [manage-listenClient] 发送心跳
2026_07_30-17:51:51 [W] [manage-listenClient] 发送心跳
2026_07_30-17:51:56 [W] [manage-listenClient] 发送心跳
2026_07_30-17:52:01 [W] [manage-listenClient] 发送心跳
2026_07_30-17:52:06 [W] [manage-listenClient] 发送心跳
2026_07_30-17:52:11 [W] [manage-listenClient] 发送心跳
2026_07_30-17:52:16 [W] [manage-listenClient] 发送心跳
2026_07_30-17:52:21 [W] [manage-listenClient] 发送心跳
2026_07_30-17:52:26 [W] [manage-listenClient] 发送心跳
2026_07_30-17:52:31 [W] [manage-listenClient] 发送心跳
2026_07_30-17:52:36 [W] [manage-listenClient] 发送心跳
2026_07_30-17:52:38 [D] [<UNNAME>] Connection::kConnected
2026_07_30-17:52:38 [W] [analysis] RxFlg.store(1)---serial_number = 141 check_sn = 141
2026_07_30-17:52:38 [W] [analysis] cv通知下发---serial_number = 141 check_sn = 141
2026_07_30-17:52:38 [D] [<UNNAME>] linear_speed=0.000000, angular_speed=0.000000, iscanmove=0
2026_07_30-17:52:38 [D] [<UNNAME>] Connection::kConnected
2026_07_30-17:52:38 [W] [analysis] RxFlg.store(1)---serial_number = 142 check_sn = 142
2026_07_30-17:52:38 [W] [analysis] cv通知下发---serial_number = 142 check_sn = 142
2026_07_30-17:52:38 [D] [<UNNAME>] brake_ctrl=0
