2026_07_28-18:12:04 [D] [<UNNAME>] start init ...
2026_07_28-18:12:04 [D] [<UNNAME>] gmrL3NIiUe7mk2Gv/LbZv6yPs4w+JnpQgKIKDn8/FR/nYMKfKnR93t2jd9VY4qaRhwq9bJUmJ9BN4RYuKnOxUfY=
2026_07_28-18:12:04 [I] [client] socket connect = 1 kConnecting = 0 kConnected = 1 kDisconnecting = 2 kDisconnected = 3
2026_07_28-18:12:04 [W] [manage-CreateClient] 需要创建client Index = 1
2026_07_28-18:12:04 [W] [manage-CreateClient] 需要创建client Index = 2
2026_07_28-18:12:07 [D] [<UNNAME>] Connection::kConnected
2026_07_28-18:12:07 [W] [analysis] RxFlg.store(1)---serial_number = 0 check_sn = 0
2026_07_28-18:12:07 [W] [analysis] cv通知下发---serial_number = 0 check_sn = 0
2026_07_28-18:12:08 [E] [analysis] [auth=0]:未授权
2026_07_28-18:12:08 [E] [analysis] [auth=0]:未授权
2026_07_28-18:12:08 [E] [analysis] [auth=0]:未授权
2026_07_28-18:12:09 [E] [analysis] [auth=0]:未授权
2026_07_28-18:12:09 [E] [analysis] [auth=0]:未授权
2026_07_28-18:12:09 [W] [manage-listenClient] 发送心跳
2026_07_28-18:12:09 [D] [manage-listenClient] 还未授权成功，请求中
2026_07_28-18:12:09 [D] [<UNNAME>] Connection::kConnected
2026_07_28-18:12:09 [W] [analysis] RxFlg.store(1)---serial_number = 2 check_sn = 2
2026_07_28-18:12:09 [W] [analysis] cv通知下发---serial_number = 2 check_sn = 2
2026_07_28-18:12:09 [D] [manage-listenClient] Random: bxMjTE..., VIN: HTWW312510A000123
2026_07_28-18:12:09 [I] [manage-listenClient] License verified successfully for VIN: HTWW312510A000123
2026_07_28-18:12:09 [D] [manage-listenClient] License valid until: 2026-10-15 10:12:20
2026_07_28-18:12:09 [I] [manage-listenClient] License verified successfully for expiry: 1A0A0F0A0C14
2026_07_28-18:12:10 [D] [<UNNAME>] Connection::kConnected
2026_07_28-18:12:10 [W] [analysis] RxFlg.store(1)---serial_number = 3 check_sn = 3
2026_07_28-18:12:10 [W] [analysis] cv通知下发---serial_number = 3 check_sn = 3
2026_07_28-18:12:10 [D] [<UNNAME>] brake_ctrl=1
2026_07_28-18:12:14 [W] [manage-listenClient] 发送心跳
2026_07_28-18:12:19 [W] [manage-listenClient] 发送心跳
2026_07_28-18:12:24 [W] [manage-listenClient] 发送心跳
2026_07_28-18:12:29 [W] [manage-listenClient] 发送心跳
2026_07_28-18:12:34 [W] [manage-listenClient] 发送心跳
2026_07_28-18:12:39 [W] [manage-listenClient] 发送心跳
2026_07_28-18:12:44 [W] [manage-listenClient] 发送心跳
2026_07_28-18:12:49 [W] [manage-listenClient] 发送心跳
2026_07_28-18:12:54 [W] [manage-listenClient] 发送心跳
2026_07_28-18:12:59 [W] [manage-listenClient] 发送心跳
2026_07_28-18:13:04 [W] [manage-listenClient] 发送心跳
2026_07_28-18:13:09 [W] [manage-listenClient] 发送心跳
2026_07_28-18:13:14 [W] [manage-listenClient] 发送心跳
2026_07_28-18:13:19 [W] [manage-listenClient] 发送心跳
2026_07_28-18:13:24 [W] [manage-listenClient] 发送心跳
2026_07_28-18:13:29 [W] [manage-listenClient] 发送心跳
2026_07_28-18:13:34 [W] [manage-listenClient] 发送心跳
2026_07_28-18:13:39 [W] [manage-listenClient] 发送心跳
2026_07_28-18:13:40 [D] [<UNNAME>] Connection::kConnected
2026_07_28-18:13:40 [W] [analysis] RxFlg.store(1)---serial_number = 22 check_sn = 22
2026_07_28-18:13:40 [W] [analysis] cv通知下发---serial_number = 22 check_sn = 22
2026_07_28-18:13:40 [D] [<UNNAME>] linear_speed=0.000000, angular_speed=0.000000, iscanmove=0
2026_07_28-18:13:40 [D] [<UNNAME>] Connection::kConnected
2026_07_28-18:13:40 [W] [analysis] RxFlg.store(1)---serial_number = 23 check_sn = 23
2026_07_28-18:13:40 [W] [analysis] cv通知下发---serial_number = 23 check_sn = 23
2026_07_28-18:13:40 [D] [<UNNAME>] brake_ctrl=0
