2026_07_30-17:34:09 [D] [<UNNAME>] start init ...
2026_07_30-17:34:09 [D] [<UNNAME>] gmrL3NIiUe7mk2Gv/LbZv6yPs4w+JnpQgKIKDn8/FR/nYMKfKnR93t2jd9VY4qaRhwq9bJUmJ9BN4RYuKnOxUfY=
2026_07_30-17:34:09 [I] [client] socket connect = 1 kConnecting = 0 kConnected = 1 kDisconnecting = 2 kDisconnected = 3
2026_07_30-17:34:09 [W] [manage-CreateClient] 需要创建client Index = 1
2026_07_30-17:34:09 [D] [<UNNAME>] Connection::kConnected
2026_07_30-17:34:10 [W] [analysis] RxFlg.store(1)---serial_number = 0 check_sn = 0
2026_07_30-17:34:10 [W] [analysis] cv通知下发---serial_number = 0 check_sn = 0
2026_07_30-17:34:10 [D] [manage-listenClient] 还未授权成功，请求中
2026_07_30-17:34:10 [D] [<UNNAME>] Connection::kConnected
2026_07_30-17:34:10 [W] [manage-CreateClient] 需要创建client Index = 2
2026_07_30-17:34:10 [W] [analysis] RxFlg.store(1)---serial_number = 1 check_sn = 1
2026_07_30-17:34:10 [W] [analysis] cv通知下发---serial_number = 1 check_sn = 1
2026_07_30-17:34:10 [D] [manage-listenClient] Random: bxMjTE..., VIN: HTWW312510A000123
2026_07_30-17:34:10 [I] [manage-listenClient] License verified successfully for VIN: HTWW312510A000123
2026_07_30-17:34:10 [D] [manage-listenClient] License valid until: 2026-10-15 10:12:20
2026_07_30-17:34:10 [I] [manage-listenClient] License verified successfully for expiry: 1A0A0F0A0C14
2026_07_30-17:34:11 [D] [<UNNAME>] Connection::kConnected
2026_07_30-17:34:11 [W] [analysis] RxFlg.store(1)---serial_number = 2 check_sn = 2
2026_07_30-17:34:11 [W] [analysis] cv通知下发---serial_number = 2 check_sn = 2
2026_07_30-17:34:11 [D] [<UNNAME>] brake_ctrl=1
2026_07_30-17:34:14 [W] [manage-listenClient] 发送心跳
2026_07_30-17:34:19 [W] [manage-listenClient] 发送心跳
2026_07_30-17:34:24 [W] [manage-listenClient] 发送心跳
2026_07_30-17:34:29 [W] [manage-listenClient] 发送心跳
2026_07_30-17:34:34 [W] [manage-listenClient] 发送心跳
2026_07_30-17:34:39 [W] [manage-listenClient] 发送心跳
2026_07_30-17:34:44 [W] [manage-listenClient] 发送心跳
2026_07_30-17:34:49 [W] [manage-listenClient] 发送心跳
2026_07_30-17:34:54 [W] [manage-listenClient] 发送心跳
2026_07_30-17:34:59 [W] [manage-listenClient] 发送心跳
2026_07_30-17:35:04 [W] [manage-listenClient] 发送心跳
2026_07_30-17:35:09 [W] [manage-listenClient] 发送心跳
2026_07_30-17:35:14 [W] [manage-listenClient] 发送心跳
2026_07_30-17:35:19 [W] [manage-listenClient] 发送心跳
2026_07_30-17:35:24 [W] [manage-listenClient] 发送心跳
2026_07_30-17:35:29 [W] [manage-listenClient] 发送心跳
2026_07_30-17:35:34 [W] [manage-listenClient] 发送心跳
2026_07_30-17:35:40 [W] [manage-listenClient] 发送心跳
2026_07_30-17:35:45 [W] [manage-listenClient] 发送心跳
2026_07_30-17:35:50 [W] [manage-listenClient] 发送心跳
2026_07_30-17:35:55 [W] [manage-listenClient] 发送心跳
2026_07_30-17:36:00 [W] [manage-listenClient] 发送心跳
2026_07_30-17:36:05 [W] [manage-listenClient] 发送心跳
2026_07_30-17:36:10 [W] [manage-listenClient] 发送心跳
2026_07_30-17:36:15 [W] [manage-listenClient] 发送心跳
2026_07_30-17:36:20 [W] [manage-listenClient] 发送心跳
2026_07_30-17:36:25 [W] [manage-listenClient] 发送心跳
2026_07_30-17:36:30 [W] [manage-listenClient] 发送心跳
2026_07_30-17:36:35 [W] [manage-listenClient] 发送心跳
2026_07_30-17:36:40 [W] [manage-listenClient] 发送心跳
2026_07_30-17:36:45 [W] [manage-listenClient] 发送心跳
2026_07_30-17:36:50 [W] [manage-listenClient] 发送心跳
2026_07_30-17:36:55 [W] [manage-listenClient] 发送心跳
2026_07_30-17:37:00 [W] [manage-listenClient] 发送心跳
2026_07_30-17:37:05 [W] [manage-listenClient] 发送心跳
2026_07_30-17:37:10 [W] [manage-listenClient] 发送心跳
2026_07_30-17:37:15 [W] [manage-listenClient] 发送心跳
2026_07_30-17:37:20 [W] [manage-listenClient] 发送心跳
2026_07_30-17:37:25 [W] [manage-listenClient] 发送心跳
2026_07_30-17:37:30 [W] [manage-listenClient] 发送心跳
2026_07_30-17:37:35 [W] [manage-listenClient] 发送心跳
2026_07_30-17:37:40 [W] [manage-listenClient] 发送心跳
2026_07_30-17:37:45 [W] [manage-listenClient] 发送心跳
2026_07_30-17:37:50 [W] [manage-listenClient] 发送心跳
2026_07_30-17:37:55 [W] [manage-listenClient] 发送心跳
2026_07_30-17:37:55 [D] [<UNNAME>] Connection::kConnected
2026_07_30-17:37:56 [W] [analysis] RxFlg.store(1)---serial_number = 48 check_sn = 48
2026_07_30-17:37:56 [W] [analysis] cv通知下发---serial_number = 48 check_sn = 48
2026_07_30-17:37:56 [D] [<UNNAME>] linear_speed=0.000000, angular_speed=0.000000, iscanmove=0
2026_07_30-17:37:56 [D] [<UNNAME>] Connection::kConnected
2026_07_30-17:37:56 [W] [analysis] RxFlg.store(1)---serial_number = 49 check_sn = 49
2026_07_30-17:37:56 [W] [analysis] cv通知下发---serial_number = 49 check_sn = 49
2026_07_30-17:37:56 [D] [<UNNAME>] brake_ctrl=0
