2026_07_31-11:07:08 [D] [<UNNAME>] start init ...
2026_07_31-11:07:08 [D] [<UNNAME>] gmrL3NIiUe7mk2Gv/LbZv6yPs4w+JnpQgKIKDn8/FR/nYMKfKnR93t2jd9VY4qaRhwq9bJUmJ9BN4RYuKnOxUfY=
2026_07_31-11:07:08 [I] [client] socket connect = 1 kConnecting = 0 kConnected = 1 kDisconnecting = 2 kDisconnected = 3
2026_07_31-11:07:08 [W] [manage-CreateClient] 需要创建client Index = 1
2026_07_31-11:07:08 [D] [<UNNAME>] Connection::kConnected
2026_07_31-11:07:08 [W] [analysis] RxFlg.store(1)---serial_number = 0 check_sn = 0
2026_07_31-11:07:08 [W] [analysis] cv通知下发---serial_number = 0 check_sn = 0
2026_07_31-11:07:08 [E] [analysis] [auth=0]:未授权
2026_07_31-11:07:08 [E] [analysis] [auth=0]:未授权
2026_07_31-11:07:08 [E] [analysis] [auth=0]:未授权
2026_07_31-11:07:08 [D] [manage-listenClient] 还未授权成功，请求中
2026_07_31-11:07:08 [D] [<UNNAME>] Connection::kConnected
2026_07_31-11:07:08 [W] [manage-CreateClient] 需要创建client Index = 2
2026_07_31-11:07:08 [W] [analysis] RxFlg.store(1)---serial_number = 1 check_sn = 1
2026_07_31-11:07:08 [W] [analysis] cv通知下发---serial_number = 1 check_sn = 1
2026_07_31-11:07:08 [D] [manage-listenClient] Random: bxMjTE..., VIN: HTWW312510A000123
2026_07_31-11:07:08 [I] [manage-listenClient] License verified successfully for VIN: HTWW312510A000123
2026_07_31-11:07:08 [D] [manage-listenClient] License valid until: 2026-10-15 10:12:20
2026_07_31-11:07:08 [I] [manage-listenClient] License verified successfully for expiry: 1A0A0F0A0C14
2026_07_31-11:07:09 [D] [<UNNAME>] Connection::kConnected
2026_07_31-11:07:09 [W] [analysis] RxFlg.store(1)---serial_number = 2 check_sn = 2
2026_07_31-11:07:09 [W] [analysis] cv通知下发---serial_number = 2 check_sn = 2
2026_07_31-11:07:09 [D] [<UNNAME>] brake_ctrl=1
2026_07_31-11:07:13 [W] [manage-listenClient] 发送心跳
2026_07_31-11:07:18 [W] [manage-listenClient] 发送心跳
2026_07_31-11:07:23 [W] [manage-listenClient] 发送心跳
2026_07_31-11:07:28 [W] [manage-listenClient] 发送心跳
2026_07_31-11:07:33 [W] [manage-listenClient] 发送心跳
2026_07_31-11:07:38 [W] [manage-listenClient] 发送心跳
2026_07_31-11:07:43 [W] [manage-listenClient] 发送心跳
2026_07_31-11:07:48 [W] [manage-listenClient] 发送心跳
2026_07_31-11:07:53 [W] [manage-listenClient] 发送心跳
2026_07_31-11:07:58 [W] [manage-listenClient] 发送心跳
2026_07_31-11:08:03 [W] [manage-listenClient] 发送心跳
2026_07_31-11:08:08 [W] [manage-listenClient] 发送心跳
2026_07_31-11:08:13 [W] [manage-listenClient] 发送心跳
2026_07_31-11:08:18 [W] [manage-listenClient] 发送心跳
2026_07_31-11:08:23 [W] [manage-listenClient] 发送心跳
2026_07_31-11:08:28 [W] [manage-listenClient] 发送心跳
2026_07_31-11:08:33 [W] [manage-listenClient] 发送心跳
2026_07_31-11:08:38 [W] [manage-listenClient] 发送心跳
2026_07_31-11:08:43 [W] [manage-listenClient] 发送心跳
2026_07_31-11:08:48 [W] [manage-listenClient] 发送心跳
2026_07_31-11:08:53 [W] [manage-listenClient] 发送心跳
2026_07_31-11:08:58 [W] [manage-listenClient] 发送心跳
2026_07_31-11:09:03 [W] [manage-listenClient] 发送心跳
2026_07_31-11:09:08 [W] [manage-listenClient] 发送心跳
2026_07_31-11:09:13 [W] [manage-listenClient] 发送心跳
2026_07_31-11:09:18 [W] [manage-listenClient] 发送心跳
2026_07_31-11:09:23 [W] [manage-listenClient] 发送心跳
2026_07_31-11:09:28 [W] [manage-listenClient] 发送心跳
2026_07_31-11:09:33 [W] [manage-listenClient] 发送心跳
2026_07_31-11:09:38 [W] [manage-listenClient] 发送心跳
2026_07_31-11:09:43 [W] [manage-listenClient] 发送心跳
2026_07_31-11:09:48 [W] [manage-listenClient] 发送心跳
2026_07_31-11:09:53 [W] [manage-listenClient] 发送心跳
2026_07_31-11:09:58 [W] [manage-listenClient] 发送心跳
2026_07_31-11:10:03 [W] [manage-listenClient] 发送心跳
2026_07_31-11:10:08 [W] [manage-listenClient] 发送心跳
2026_07_31-11:10:13 [W] [manage-listenClient] 发送心跳
2026_07_31-11:10:18 [W] [manage-listenClient] 发送心跳
2026_07_31-11:10:23 [W] [manage-listenClient] 发送心跳
2026_07_31-11:10:28 [W] [manage-listenClient] 发送心跳
2026_07_31-11:10:33 [W] [manage-listenClient] 发送心跳
2026_07_31-11:10:38 [W] [manage-listenClient] 发送心跳
2026_07_31-11:10:43 [W] [manage-listenClient] 发送心跳
2026_07_31-11:10:48 [W] [manage-listenClient] 发送心跳
2026_07_31-11:10:53 [W] [manage-listenClient] 发送心跳
2026_07_31-11:10:58 [W] [manage-listenClient] 发送心跳
2026_07_31-11:11:03 [W] [manage-listenClient] 发送心跳
2026_07_31-11:11:08 [W] [manage-listenClient] 发送心跳
2026_07_31-11:11:13 [W] [manage-listenClient] 发送心跳
2026_07_31-11:11:18 [W] [manage-listenClient] 发送心跳
2026_07_31-11:11:23 [W] [manage-listenClient] 发送心跳
2026_07_31-11:11:28 [W] [manage-listenClient] 发送心跳
2026_07_31-11:11:33 [W] [manage-listenClient] 发送心跳
2026_07_31-11:11:38 [W] [manage-listenClient] 发送心跳
2026_07_31-11:11:43 [W] [manage-listenClient] 发送心跳
2026_07_31-11:11:48 [W] [manage-listenClient] 发送心跳
2026_07_31-11:11:53 [W] [manage-listenClient] 发送心跳
2026_07_31-11:11:58 [W] [manage-listenClient] 发送心跳
2026_07_31-11:12:03 [W] [manage-listenClient] 发送心跳
2026_07_31-11:12:08 [W] [manage-listenClient] 发送心跳
2026_07_31-11:12:13 [W] [manage-listenClient] 发送心跳
2026_07_31-11:12:18 [W] [manage-listenClient] 发送心跳
2026_07_31-11:12:23 [W] [manage-listenClient] 发送心跳
2026_07_31-11:12:28 [W] [manage-listenClient] 发送心跳
2026_07_31-11:12:33 [W] [manage-listenClient] 发送心跳
2026_07_31-11:12:38 [W] [manage-listenClient] 发送心跳
2026_07_31-11:12:43 [W] [manage-listenClient] 发送心跳
2026_07_31-11:12:43 [D] [<UNNAME>] Connection::kConnected
2026_07_31-11:12:44 [W] [analysis] RxFlg.store(1)---serial_number = 70 check_sn = 70
2026_07_31-11:12:44 [W] [analysis] cv通知下发---serial_number = 70 check_sn = 70
2026_07_31-11:12:44 [D] [<UNNAME>] linear_speed=0.000000, angular_speed=0.000000, iscanmove=0
2026_07_31-11:12:44 [D] [<UNNAME>] Connection::kConnected
2026_07_31-11:12:44 [W] [analysis] RxFlg.store(1)---serial_number = 71 check_sn = 71
2026_07_31-11:12:44 [W] [analysis] cv通知下发---serial_number = 71 check_sn = 71
2026_07_31-11:12:44 [D] [<UNNAME>] brake_ctrl=0
