2026_07_31-14:37:22 [D] [<UNNAME>] start init ...
2026_07_31-14:37:22 [D] [<UNNAME>] gmrL3NIiUe7mk2Gv/LbZv6yPs4w+JnpQgKIKDn8/FR/nYMKfKnR93t2jd9VY4qaRhwq9bJUmJ9BN4RYuKnOxUfY=
2026_07_31-14:37:22 [I] [client] socket connect = 1 kConnecting = 0 kConnected = 1 kDisconnecting = 2 kDisconnected = 3
2026_07_31-14:37:22 [W] [manage-CreateClient] 需要创建client Index = 1
2026_07_31-14:37:22 [D] [<UNNAME>] Connection::kConnected
2026_07_31-14:37:23 [W] [analysis] RxFlg.store(1)---serial_number = 0 check_sn = 0
2026_07_31-14:37:23 [W] [analysis] cv通知下发---serial_number = 0 check_sn = 0
2026_07_31-14:37:23 [D] [manage-listenClient] 还未授权成功，请求中
2026_07_31-14:37:23 [D] [<UNNAME>] Connection::kConnected
2026_07_31-14:37:23 [W] [manage-CreateClient] 需要创建client Index = 2
2026_07_31-14:37:23 [W] [analysis] RxFlg.store(1)---serial_number = 1 check_sn = 1
2026_07_31-14:37:23 [W] [analysis] cv通知下发---serial_number = 1 check_sn = 1
2026_07_31-14:37:23 [D] [manage-listenClient] Random: bxMjTE..., VIN: HTWW312510A000123
2026_07_31-14:37:23 [I] [manage-listenClient] License verified successfully for VIN: HTWW312510A000123
2026_07_31-14:37:23 [D] [manage-listenClient] License valid until: 2026-10-15 10:12:20
2026_07_31-14:37:23 [I] [manage-listenClient] License verified successfully for expiry: 1A0A0F0A0C14
2026_07_31-14:37:23 [D] [<UNNAME>] Connection::kConnected
2026_07_31-14:37:24 [W] [analysis] RxFlg.store(1)---serial_number = 2 check_sn = 2
2026_07_31-14:37:24 [W] [analysis] cv通知下发---serial_number = 2 check_sn = 2
2026_07_31-14:37:24 [D] [<UNNAME>] brake_ctrl=1
2026_07_31-14:37:27 [W] [manage-listenClient] 发送心跳
2026_07_31-14:37:32 [W] [manage-listenClient] 发送心跳
2026_07_31-14:37:37 [W] [manage-listenClient] 发送心跳
2026_07_31-14:37:42 [W] [manage-listenClient] 发送心跳
2026_07_31-14:37:47 [W] [manage-listenClient] 发送心跳
2026_07_31-14:37:52 [W] [manage-listenClient] 发送心跳
2026_07_31-14:37:57 [W] [manage-listenClient] 发送心跳
2026_07_31-14:38:02 [W] [manage-listenClient] 发送心跳
2026_07_31-14:38:07 [W] [manage-listenClient] 发送心跳
2026_07_31-14:38:12 [W] [manage-listenClient] 发送心跳
2026_07_31-14:38:17 [W] [manage-listenClient] 发送心跳
2026_07_31-14:38:22 [W] [manage-listenClient] 发送心跳
2026_07_31-14:38:27 [W] [manage-listenClient] 发送心跳
2026_07_31-14:38:32 [W] [manage-listenClient] 发送心跳
2026_07_31-14:38:37 [W] [manage-listenClient] 发送心跳
2026_07_31-14:38:42 [W] [manage-listenClient] 发送心跳
2026_07_31-14:38:47 [W] [manage-listenClient] 发送心跳
2026_07_31-14:38:52 [W] [manage-listenClient] 发送心跳
2026_07_31-14:38:57 [W] [manage-listenClient] 发送心跳
2026_07_31-14:39:02 [W] [manage-listenClient] 发送心跳
2026_07_31-14:39:07 [W] [manage-listenClient] 发送心跳
2026_07_31-14:39:12 [W] [manage-listenClient] 发送心跳
2026_07_31-14:39:17 [W] [manage-listenClient] 发送心跳
2026_07_31-14:39:22 [W] [manage-listenClient] 发送心跳
2026_07_31-14:39:27 [W] [manage-listenClient] 发送心跳
2026_07_31-14:39:32 [W] [manage-listenClient] 发送心跳
2026_07_31-14:39:37 [W] [manage-listenClient] 发送心跳
2026_07_31-14:39:42 [W] [manage-listenClient] 发送心跳
2026_07_31-14:39:47 [W] [manage-listenClient] 发送心跳
2026_07_31-14:39:52 [W] [manage-listenClient] 发送心跳
2026_07_31-14:39:57 [W] [manage-listenClient] 发送心跳
2026_07_31-14:40:02 [W] [manage-listenClient] 发送心跳
2026_07_31-14:40:07 [W] [manage-listenClient] 发送心跳
2026_07_31-14:40:12 [W] [manage-listenClient] 发送心跳
2026_07_31-14:40:17 [W] [manage-listenClient] 发送心跳
2026_07_31-14:40:22 [W] [manage-listenClient] 发送心跳
2026_07_31-14:40:27 [W] [manage-listenClient] 发送心跳
2026_07_31-14:40:32 [W] [manage-listenClient] 发送心跳
2026_07_31-14:40:37 [W] [manage-listenClient] 发送心跳
2026_07_31-14:40:42 [W] [manage-listenClient] 发送心跳
2026_07_31-14:40:47 [W] [manage-listenClient] 发送心跳
2026_07_31-14:40:52 [W] [manage-listenClient] 发送心跳
2026_07_31-14:40:57 [W] [manage-listenClient] 发送心跳
2026_07_31-14:41:02 [W] [manage-listenClient] 发送心跳
2026_07_31-14:41:07 [W] [manage-listenClient] 发送心跳
2026_07_31-14:41:12 [W] [manage-listenClient] 发送心跳
2026_07_31-14:41:17 [W] [manage-listenClient] 发送心跳
2026_07_31-14:41:22 [W] [manage-listenClient] 发送心跳
2026_07_31-14:41:27 [W] [manage-listenClient] 发送心跳
2026_07_31-14:41:32 [W] [manage-listenClient] 发送心跳
2026_07_31-14:41:37 [W] [manage-listenClient] 发送心跳
2026_07_31-14:41:42 [W] [manage-listenClient] 发送心跳
2026_07_31-14:41:47 [W] [manage-listenClient] 发送心跳
2026_07_31-14:41:52 [W] [manage-listenClient] 发送心跳
2026_07_31-14:41:57 [W] [manage-listenClient] 发送心跳
2026_07_31-14:42:02 [W] [manage-listenClient] 发送心跳
2026_07_31-14:42:07 [W] [manage-listenClient] 发送心跳
2026_07_31-14:42:12 [W] [manage-listenClient] 发送心跳
2026_07_31-14:42:17 [W] [manage-listenClient] 发送心跳
2026_07_31-14:42:22 [W] [manage-listenClient] 发送心跳
2026_07_31-14:42:27 [W] [manage-listenClient] 发送心跳
2026_07_31-14:42:32 [W] [manage-listenClient] 发送心跳
2026_07_31-14:42:37 [W] [manage-listenClient] 发送心跳
2026_07_31-14:42:42 [W] [manage-listenClient] 发送心跳
2026_07_31-14:42:47 [W] [manage-listenClient] 发送心跳
2026_07_31-14:42:52 [W] [manage-listenClient] 发送心跳
2026_07_31-14:42:57 [W] [manage-listenClient] 发送心跳
2026_07_31-14:43:02 [W] [manage-listenClient] 发送心跳
2026_07_31-14:43:07 [W] [manage-listenClient] 发送心跳
2026_07_31-14:43:12 [W] [manage-listenClient] 发送心跳
2026_07_31-14:43:17 [W] [manage-listenClient] 发送心跳
2026_07_31-14:43:23 [W] [manage-listenClient] 发送心跳
2026_07_31-14:43:28 [W] [manage-listenClient] 发送心跳
2026_07_31-14:43:33 [W] [manage-listenClient] 发送心跳
2026_07_31-14:43:38 [W] [manage-listenClient] 发送心跳
2026_07_31-14:43:43 [W] [manage-listenClient] 发送心跳
2026_07_31-14:43:48 [W] [manage-listenClient] 发送心跳
2026_07_31-14:43:53 [W] [manage-listenClient] 发送心跳
2026_07_31-14:43:58 [W] [manage-listenClient] 发送心跳
2026_07_31-14:44:03 [W] [manage-listenClient] 发送心跳
2026_07_31-14:44:08 [W] [manage-listenClient] 发送心跳
2026_07_31-14:44:13 [W] [manage-listenClient] 发送心跳
2026_07_31-14:44:18 [W] [manage-listenClient] 发送心跳
2026_07_31-14:44:23 [W] [manage-listenClient] 发送心跳
2026_07_31-14:44:28 [W] [manage-listenClient] 发送心跳
2026_07_31-14:44:33 [W] [manage-listenClient] 发送心跳
2026_07_31-14:44:38 [W] [manage-listenClient] 发送心跳
2026_07_31-14:44:43 [W] [manage-listenClient] 发送心跳
2026_07_31-14:44:48 [W] [manage-listenClient] 发送心跳
2026_07_31-14:44:53 [W] [manage-listenClient] 发送心跳
2026_07_31-14:44:58 [W] [manage-listenClient] 发送心跳
2026_07_31-14:45:03 [W] [manage-listenClient] 发送心跳
2026_07_31-14:45:08 [W] [manage-listenClient] 发送心跳
2026_07_31-14:45:13 [W] [manage-listenClient] 发送心跳
2026_07_31-14:45:18 [W] [manage-listenClient] 发送心跳
2026_07_31-14:45:23 [W] [manage-listenClient] 发送心跳
2026_07_31-14:45:28 [W] [manage-listenClient] 发送心跳
2026_07_31-14:45:33 [W] [manage-listenClient] 发送心跳
2026_07_31-14:45:38 [W] [manage-listenClient] 发送心跳
2026_07_31-14:45:43 [W] [manage-listenClient] 发送心跳
2026_07_31-14:45:48 [W] [manage-listenClient] 发送心跳
2026_07_31-14:45:53 [W] [manage-listenClient] 发送心跳
2026_07_31-14:45:58 [W] [manage-listenClient] 发送心跳
2026_07_31-14:46:03 [W] [manage-listenClient] 发送心跳
2026_07_31-14:46:08 [W] [manage-listenClient] 发送心跳
2026_07_31-14:46:13 [W] [manage-listenClient] 发送心跳
2026_07_31-14:46:18 [W] [manage-listenClient] 发送心跳
2026_07_31-14:46:23 [W] [manage-listenClient] 发送心跳
2026_07_31-14:46:28 [W] [manage-listenClient] 发送心跳
2026_07_31-14:46:33 [W] [manage-listenClient] 发送心跳
2026_07_31-14:46:38 [W] [manage-listenClient] 发送心跳
2026_07_31-14:46:43 [W] [manage-listenClient] 发送心跳
2026_07_31-14:46:48 [W] [manage-listenClient] 发送心跳
2026_07_31-14:46:53 [W] [manage-listenClient] 发送心跳
2026_07_31-14:46:58 [W] [manage-listenClient] 发送心跳
2026_07_31-14:47:03 [W] [manage-listenClient] 发送心跳
2026_07_31-14:47:08 [W] [manage-listenClient] 发送心跳
2026_07_31-14:47:13 [W] [manage-listenClient] 发送心跳
2026_07_31-14:47:18 [W] [manage-listenClient] 发送心跳
2026_07_31-14:47:23 [W] [manage-listenClient] 发送心跳
2026_07_31-14:47:24 [D] [client] disconnect from 192.168.10.1:8090
2026_07_31-14:47:24 [I] [client] socket close = 3
2026_07_31-14:47:24 [W] [manage-listenClient] 断联：开始释放资源
2026_07_31-14:47:24 [W] [manage-listenClient] ClientQue.front()->getClientID() = 1,CurClientID.load() = 0
2026_07_31-14:47:24 [I] [client] socket connect = 1 kConnecting = 0 kConnected = 1 kDisconnecting = 2 kDisconnected = 3
2026_07_31-14:47:24 [W] [manage-CreateClient] 需要创建client Index = 3
2026_07_31-14:47:24 [D] [<UNNAME>] Connection::kConnected
2026_07_31-14:47:24 [W] [analysis] RxFlg.store(1)---serial_number = 123 check_sn = 123
2026_07_31-14:47:24 [W] [analysis] cv通知下发---serial_number = 123 check_sn = 123
2026_07_31-14:47:24 [D] [manage-listenClient] 已经授权成功，重复验证授权码
2026_07_31-14:47:24 [D] [manage-listenClient] Random: bxMjTE..., VIN: HTWW312510A000123
2026_07_31-14:47:24 [I] [manage-listenClient] License verified successfully for VIN: HTWW312510A000123
2026_07_31-14:47:24 [D] [manage-listenClient] License valid until: 2026-10-15 10:12:20
2026_07_31-14:47:24 [I] [manage-listenClient] License verified successfully for expiry: 1A0A0F0A0C14
2026_07_31-14:47:28 [W] [manage-listenClient] 发送心跳
2026_07_31-14:47:33 [W] [manage-listenClient] 发送心跳
2026_07_31-14:47:38 [W] [manage-listenClient] 发送心跳
2026_07_31-14:47:43 [W] [manage-listenClient] 发送心跳
2026_07_31-14:47:48 [W] [manage-listenClient] 发送心跳
2026_07_31-14:47:53 [W] [manage-listenClient] 发送心跳
2026_07_31-14:47:58 [W] [manage-listenClient] 发送心跳
2026_07_31-14:48:03 [W] [manage-listenClient] 发送心跳
2026_07_31-14:48:08 [W] [manage-listenClient] 发送心跳
2026_07_31-14:48:13 [W] [manage-listenClient] 发送心跳
2026_07_31-14:48:18 [W] [manage-listenClient] 发送心跳
2026_07_31-14:48:23 [W] [manage-listenClient] 发送心跳
2026_07_31-14:48:28 [W] [manage-listenClient] 发送心跳
2026_07_31-14:48:33 [W] [manage-listenClient] 发送心跳
2026_07_31-14:48:38 [W] [manage-listenClient] 发送心跳
2026_07_31-14:48:43 [W] [manage-listenClient] 发送心跳
2026_07_31-14:48:48 [W] [manage-listenClient] 发送心跳
2026_07_31-14:48:53 [W] [manage-listenClient] 发送心跳
2026_07_31-14:48:58 [W] [manage-listenClient] 发送心跳
2026_07_31-14:49:03 [W] [manage-listenClient] 发送心跳
2026_07_31-14:49:08 [W] [manage-listenClient] 发送心跳
2026_07_31-14:49:13 [W] [manage-listenClient] 发送心跳
2026_07_31-14:49:18 [W] [manage-listenClient] 发送心跳
2026_07_31-14:49:23 [W] [manage-listenClient] 发送心跳
2026_07_31-14:49:28 [W] [manage-listenClient] 发送心跳
2026_07_31-14:49:33 [W] [manage-listenClient] 发送心跳
2026_07_31-14:49:38 [W] [manage-listenClient] 发送心跳
2026_07_31-14:49:43 [W] [manage-listenClient] 发送心跳
2026_07_31-14:49:48 [W] [manage-listenClient] 发送心跳
2026_07_31-14:49:53 [W] [manage-listenClient] 发送心跳
2026_07_31-14:49:58 [W] [manage-listenClient] 发送心跳
2026_07_31-14:50:03 [W] [manage-listenClient] 发送心跳
2026_07_31-14:50:08 [W] [manage-listenClient] 发送心跳
2026_07_31-14:50:13 [W] [manage-listenClient] 发送心跳
2026_07_31-14:50:18 [W] [manage-listenClient] 发送心跳
2026_07_31-14:50:23 [W] [manage-listenClient] 发送心跳
2026_07_31-14:50:28 [W] [manage-listenClient] 发送心跳
2026_07_31-14:50:33 [W] [manage-listenClient] 发送心跳
2026_07_31-14:50:38 [W] [manage-listenClient] 发送心跳
2026_07_31-14:50:43 [W] [manage-listenClient] 发送心跳
2026_07_31-14:50:48 [W] [manage-listenClient] 发送心跳
2026_07_31-14:50:53 [W] [manage-listenClient] 发送心跳
2026_07_31-14:50:58 [W] [manage-listenClient] 发送心跳
2026_07_31-14:51:03 [W] [manage-listenClient] 发送心跳
2026_07_31-14:51:08 [W] [manage-listenClient] 发送心跳
2026_07_31-14:51:13 [W] [manage-listenClient] 发送心跳
2026_07_31-14:51:18 [W] [manage-listenClient] 发送心跳
2026_07_31-14:51:23 [W] [manage-listenClient] 发送心跳
2026_07_31-14:51:28 [W] [manage-listenClient] 发送心跳
2026_07_31-14:51:33 [W] [manage-listenClient] 发送心跳
2026_07_31-14:51:38 [W] [manage-listenClient] 发送心跳
2026_07_31-14:51:43 [W] [manage-listenClient] 发送心跳
2026_07_31-14:51:48 [W] [manage-listenClient] 发送心跳
2026_07_31-14:51:53 [W] [manage-listenClient] 发送心跳
2026_07_31-14:51:58 [W] [manage-listenClient] 发送心跳
2026_07_31-14:52:03 [W] [manage-listenClient] 发送心跳
2026_07_31-14:52:08 [W] [manage-listenClient] 发送心跳
2026_07_31-14:52:13 [W] [manage-listenClient] 发送心跳
2026_07_31-14:52:18 [W] [manage-listenClient] 发送心跳
2026_07_31-14:52:23 [W] [manage-listenClient] 发送心跳
2026_07_31-14:52:28 [W] [manage-listenClient] 发送心跳
2026_07_31-14:52:33 [W] [manage-listenClient] 发送心跳
2026_07_31-14:52:38 [W] [manage-listenClient] 发送心跳
2026_07_31-14:52:43 [W] [manage-listenClient] 发送心跳
2026_07_31-14:52:48 [W] [manage-listenClient] 发送心跳
2026_07_31-14:52:53 [W] [manage-listenClient] 发送心跳
2026_07_31-14:52:58 [W] [manage-listenClient] 发送心跳
2026_07_31-14:53:03 [W] [manage-listenClient] 发送心跳
2026_07_31-14:53:08 [W] [manage-listenClient] 发送心跳
2026_07_31-14:53:13 [W] [manage-listenClient] 发送心跳
2026_07_31-14:53:18 [W] [manage-listenClient] 发送心跳
2026_07_31-14:53:23 [W] [manage-listenClient] 发送心跳
2026_07_31-14:53:28 [W] [manage-listenClient] 发送心跳
2026_07_31-14:53:33 [W] [manage-listenClient] 发送心跳
2026_07_31-14:53:38 [W] [manage-listenClient] 发送心跳
2026_07_31-14:53:43 [W] [manage-listenClient] 发送心跳
2026_07_31-14:53:48 [W] [manage-listenClient] 发送心跳
2026_07_31-14:53:53 [W] [manage-listenClient] 发送心跳
2026_07_31-14:53:58 [W] [manage-listenClient] 发送心跳
2026_07_31-14:54:03 [W] [manage-listenClient] 发送心跳
2026_07_31-14:54:08 [W] [manage-listenClient] 发送心跳
2026_07_31-14:54:13 [W] [manage-listenClient] 发送心跳
2026_07_31-14:54:18 [W] [manage-listenClient] 发送心跳
2026_07_31-14:54:23 [W] [manage-listenClient] 发送心跳
2026_07_31-14:54:28 [W] [manage-listenClient] 发送心跳
2026_07_31-14:54:33 [W] [manage-listenClient] 发送心跳
2026_07_31-14:54:38 [W] [manage-listenClient] 发送心跳
2026_07_31-14:54:43 [W] [manage-listenClient] 发送心跳
2026_07_31-14:54:48 [W] [manage-listenClient] 发送心跳
2026_07_31-14:54:53 [W] [manage-listenClient] 发送心跳
2026_07_31-14:54:58 [W] [manage-listenClient] 发送心跳
2026_07_31-14:55:03 [W] [manage-listenClient] 发送心跳
2026_07_31-14:55:08 [W] [manage-listenClient] 发送心跳
2026_07_31-14:55:13 [W] [manage-listenClient] 发送心跳
2026_07_31-14:55:18 [W] [manage-listenClient] 发送心跳
2026_07_31-14:55:23 [W] [manage-listenClient] 发送心跳
2026_07_31-14:55:28 [W] [manage-listenClient] 发送心跳
2026_07_31-14:55:33 [W] [manage-listenClient] 发送心跳
2026_07_31-14:55:38 [W] [manage-listenClient] 发送心跳
2026_07_31-14:55:43 [W] [manage-listenClient] 发送心跳
2026_07_31-14:55:48 [W] [manage-listenClient] 发送心跳
2026_07_31-14:55:53 [W] [manage-listenClient] 发送心跳
2026_07_31-14:55:58 [W] [manage-listenClient] 发送心跳
2026_07_31-14:56:03 [W] [manage-listenClient] 发送心跳
2026_07_31-14:56:08 [W] [manage-listenClient] 发送心跳
2026_07_31-14:56:13 [W] [manage-listenClient] 发送心跳
2026_07_31-14:56:18 [W] [manage-listenClient] 发送心跳
2026_07_31-14:56:23 [W] [manage-listenClient] 发送心跳
2026_07_31-14:56:28 [W] [manage-listenClient] 发送心跳
2026_07_31-14:56:33 [W] [manage-listenClient] 发送心跳
2026_07_31-14:56:38 [W] [manage-listenClient] 发送心跳
2026_07_31-14:56:43 [W] [manage-listenClient] 发送心跳
2026_07_31-14:56:48 [W] [manage-listenClient] 发送心跳
2026_07_31-14:56:53 [W] [manage-listenClient] 发送心跳
2026_07_31-14:56:58 [W] [manage-listenClient] 发送心跳
2026_07_31-14:57:03 [W] [manage-listenClient] 发送心跳
2026_07_31-14:57:08 [W] [manage-listenClient] 发送心跳
2026_07_31-14:57:13 [W] [manage-listenClient] 发送心跳
2026_07_31-14:57:18 [W] [manage-listenClient] 发送心跳
2026_07_31-14:57:23 [W] [manage-listenClient] 发送心跳
2026_07_31-14:57:24 [D] [client] disconnect from 192.168.10.1:8090
2026_07_31-14:57:24 [I] [client] socket close = 3
2026_07_31-14:57:24 [W] [manage-listenClient] 断联：开始释放资源
2026_07_31-14:57:24 [W] [manage-listenClient] ClientQue.front()->getClientID() = 2,CurClientID.load() = 1
2026_07_31-14:57:24 [I] [client] socket connect = 1 kConnecting = 0 kConnected = 1 kDisconnecting = 2 kDisconnected = 3
2026_07_31-14:57:24 [W] [manage-CreateClient] 需要创建client Index = 4
2026_07_31-14:57:24 [D] [<UNNAME>] Connection::kConnected
2026_07_31-14:57:24 [W] [analysis] RxFlg.store(1)---serial_number = 244 check_sn = 244
2026_07_31-14:57:24 [W] [analysis] cv通知下发---serial_number = 244 check_sn = 244
2026_07_31-14:57:24 [D] [manage-listenClient] 已经授权成功，重复验证授权码
2026_07_31-14:57:24 [D] [manage-listenClient] Random: bxMjTE..., VIN: HTWW312510A000123
2026_07_31-14:57:24 [I] [manage-listenClient] License verified successfully for VIN: HTWW312510A000123
2026_07_31-14:57:24 [D] [manage-listenClient] License valid until: 2026-10-15 10:12:20
2026_07_31-14:57:24 [I] [manage-listenClient] License verified successfully for expiry: 1A0A0F0A0C14
2026_07_31-14:57:28 [W] [manage-listenClient] 发送心跳
2026_07_31-14:57:33 [W] [manage-listenClient] 发送心跳
2026_07_31-14:57:38 [W] [manage-listenClient] 发送心跳
2026_07_31-14:57:43 [W] [manage-listenClient] 发送心跳
2026_07_31-14:57:48 [W] [manage-listenClient] 发送心跳
2026_07_31-14:57:53 [W] [manage-listenClient] 发送心跳
2026_07_31-14:57:58 [W] [manage-listenClient] 发送心跳
2026_07_31-14:58:03 [W] [manage-listenClient] 发送心跳
2026_07_31-14:58:08 [W] [manage-listenClient] 发送心跳
2026_07_31-14:58:13 [W] [manage-listenClient] 发送心跳
2026_07_31-14:58:18 [W] [manage-listenClient] 发送心跳
2026_07_31-14:58:23 [W] [manage-listenClient] 发送心跳
2026_07_31-14:58:28 [W] [manage-listenClient] 发送心跳
2026_07_31-14:58:33 [W] [manage-listenClient] 发送心跳
2026_07_31-14:58:38 [W] [manage-listenClient] 发送心跳
2026_07_31-14:58:43 [W] [manage-listenClient] 发送心跳
2026_07_31-14:58:48 [W] [manage-listenClient] 发送心跳
2026_07_31-14:58:53 [W] [manage-listenClient] 发送心跳
2026_07_31-14:58:58 [W] [manage-listenClient] 发送心跳
2026_07_31-14:59:03 [W] [manage-listenClient] 发送心跳
2026_07_31-14:59:08 [W] [manage-listenClient] 发送心跳
2026_07_31-14:59:13 [W] [manage-listenClient] 发送心跳
2026_07_31-14:59:18 [W] [manage-listenClient] 发送心跳
2026_07_31-14:59:23 [W] [manage-listenClient] 发送心跳
2026_07_31-14:59:28 [W] [manage-listenClient] 发送心跳
2026_07_31-14:59:33 [W] [manage-listenClient] 发送心跳
2026_07_31-14:59:38 [W] [manage-listenClient] 发送心跳
2026_07_31-14:59:43 [W] [manage-listenClient] 发送心跳
2026_07_31-14:59:48 [W] [manage-listenClient] 发送心跳
2026_07_31-14:59:53 [W] [manage-listenClient] 发送心跳
2026_07_31-14:59:58 [W] [manage-listenClient] 发送心跳
2026_07_31-15:00:03 [W] [manage-listenClient] 发送心跳
2026_07_31-15:00:08 [W] [manage-listenClient] 发送心跳
2026_07_31-15:00:13 [W] [manage-listenClient] 发送心跳
2026_07_31-15:00:18 [W] [manage-listenClient] 发送心跳
2026_07_31-15:00:23 [W] [manage-listenClient] 发送心跳
2026_07_31-15:00:28 [W] [manage-listenClient] 发送心跳
2026_07_31-15:00:33 [W] [manage-listenClient] 发送心跳
2026_07_31-15:00:38 [W] [manage-listenClient] 发送心跳
2026_07_31-15:00:43 [W] [manage-listenClient] 发送心跳
2026_07_31-15:00:48 [W] [manage-listenClient] 发送心跳
2026_07_31-15:00:53 [W] [manage-listenClient] 发送心跳
2026_07_31-15:00:58 [W] [manage-listenClient] 发送心跳
2026_07_31-15:01:03 [W] [manage-listenClient] 发送心跳
2026_07_31-15:01:08 [W] [manage-listenClient] 发送心跳
2026_07_31-15:01:13 [W] [manage-listenClient] 发送心跳
2026_07_31-15:01:18 [W] [manage-listenClient] 发送心跳
2026_07_31-15:01:23 [W] [manage-listenClient] 发送心跳
2026_07_31-15:01:28 [W] [manage-listenClient] 发送心跳
2026_07_31-15:01:33 [W] [manage-listenClient] 发送心跳
2026_07_31-15:01:38 [W] [manage-listenClient] 发送心跳
2026_07_31-15:01:43 [W] [manage-listenClient] 发送心跳
2026_07_31-15:01:48 [W] [manage-listenClient] 发送心跳
2026_07_31-15:01:53 [W] [manage-listenClient] 发送心跳
2026_07_31-15:01:58 [W] [manage-listenClient] 发送心跳
2026_07_31-15:02:03 [W] [manage-listenClient] 发送心跳
2026_07_31-15:02:08 [W] [manage-listenClient] 发送心跳
2026_07_31-15:02:13 [W] [manage-listenClient] 发送心跳
2026_07_31-15:02:18 [W] [manage-listenClient] 发送心跳
2026_07_31-15:02:23 [W] [manage-listenClient] 发送心跳
2026_07_31-15:02:28 [W] [manage-listenClient] 发送心跳
2026_07_31-15:02:33 [W] [manage-listenClient] 发送心跳
2026_07_31-15:02:38 [W] [manage-listenClient] 发送心跳
2026_07_31-15:02:43 [W] [manage-listenClient] 发送心跳
2026_07_31-15:02:48 [W] [manage-listenClient] 发送心跳
2026_07_31-15:02:53 [W] [manage-listenClient] 发送心跳
2026_07_31-15:02:58 [W] [manage-listenClient] 发送心跳
2026_07_31-15:03:03 [W] [manage-listenClient] 发送心跳
2026_07_31-15:03:08 [W] [manage-listenClient] 发送心跳
2026_07_31-15:03:13 [W] [manage-listenClient] 发送心跳
2026_07_31-15:03:18 [W] [manage-listenClient] 发送心跳
2026_07_31-15:03:23 [W] [manage-listenClient] 发送心跳
2026_07_31-15:03:28 [W] [manage-listenClient] 发送心跳
2026_07_31-15:03:33 [W] [manage-listenClient] 发送心跳
2026_07_31-15:03:38 [W] [manage-listenClient] 发送心跳
2026_07_31-15:03:43 [W] [manage-listenClient] 发送心跳
2026_07_31-15:03:48 [W] [manage-listenClient] 发送心跳
2026_07_31-15:03:51 [D] [<UNNAME>] Connection::kConnected
2026_07_31-15:03:51 [W] [analysis] RxFlg.store(1)---serial_number = 322 check_sn = 322
2026_07_31-15:03:51 [W] [analysis] cv通知下发---serial_number = 322 check_sn = 322
2026_07_31-15:03:51 [D] [<UNNAME>] linear_speed=0.000000, angular_speed=0.000000, iscanmove=0
2026_07_31-15:03:51 [D] [<UNNAME>] Connection::kConnected
2026_07_31-15:03:51 [W] [analysis] RxFlg.store(1)---serial_number = 323 check_sn = 323
2026_07_31-15:03:51 [W] [analysis] cv通知下发---serial_number = 323 check_sn = 323
2026_07_31-15:03:51 [D] [<UNNAME>] brake_ctrl=0
