2026_07_31-10:21:49 [D] [<UNNAME>] start init ...
2026_07_31-10:21:49 [D] [<UNNAME>] gmrL3NIiUe7mk2Gv/LbZv6yPs4w+JnpQgKIKDn8/FR/nYMKfKnR93t2jd9VY4qaRhwq9bJUmJ9BN4RYuKnOxUfY=
2026_07_31-10:21:49 [I] [client] socket connect = 1 kConnecting = 0 kConnected = 1 kDisconnecting = 2 kDisconnected = 3
2026_07_31-10:21:49 [W] [manage-CreateClient] 需要创建client Index = 1
2026_07_31-10:21:49 [D] [<UNNAME>] Connection::kConnected
2026_07_31-10:21:49 [W] [analysis] RxFlg.store(1)---serial_number = 0 check_sn = 0
2026_07_31-10:21:49 [W] [analysis] cv通知下发---serial_number = 0 check_sn = 0
2026_07_31-10:21:49 [D] [manage-listenClient] 还未授权成功，请求中
2026_07_31-10:21:49 [D] [<UNNAME>] Connection::kConnected
2026_07_31-10:21:49 [W] [manage-CreateClient] 需要创建client Index = 2
2026_07_31-10:21:49 [W] [analysis] RxFlg.store(1)---serial_number = 1 check_sn = 1
2026_07_31-10:21:49 [W] [analysis] cv通知下发---serial_number = 1 check_sn = 1
2026_07_31-10:21:49 [D] [manage-listenClient] Random: bxMjTE..., VIN: HTWW312510A000123
2026_07_31-10:21:49 [I] [manage-listenClient] License verified successfully for VIN: HTWW312510A000123
2026_07_31-10:21:49 [D] [manage-listenClient] License valid until: 2026-10-15 10:12:20
2026_07_31-10:21:49 [I] [manage-listenClient] License verified successfully for expiry: 1A0A0F0A0C14
2026_07_31-10:21:50 [D] [<UNNAME>] Connection::kConnected
2026_07_31-10:21:50 [W] [analysis] RxFlg.store(1)---serial_number = 2 check_sn = 2
2026_07_31-10:21:50 [W] [analysis] cv通知下发---serial_number = 2 check_sn = 2
2026_07_31-10:21:50 [D] [<UNNAME>] brake_ctrl=1
2026_07_31-10:21:54 [W] [manage-listenClient] 发送心跳
2026_07_31-10:21:59 [W] [manage-listenClient] 发送心跳
2026_07_31-10:22:04 [W] [manage-listenClient] 发送心跳
2026_07_31-10:22:09 [W] [manage-listenClient] 发送心跳
2026_07_31-10:22:14 [W] [manage-listenClient] 发送心跳
2026_07_31-10:22:19 [W] [manage-listenClient] 发送心跳
2026_07_31-10:22:24 [W] [manage-listenClient] 发送心跳
2026_07_31-10:22:29 [W] [manage-listenClient] 发送心跳
2026_07_31-10:22:34 [W] [manage-listenClient] 发送心跳
2026_07_31-10:22:39 [W] [manage-listenClient] 发送心跳
2026_07_31-10:22:44 [W] [manage-listenClient] 发送心跳
2026_07_31-10:22:49 [W] [manage-listenClient] 发送心跳
2026_07_31-10:22:54 [W] [manage-listenClient] 发送心跳
2026_07_31-10:22:59 [W] [manage-listenClient] 发送心跳
2026_07_31-10:23:04 [W] [manage-listenClient] 发送心跳
2026_07_31-10:23:09 [W] [manage-listenClient] 发送心跳
2026_07_31-10:23:14 [W] [manage-listenClient] 发送心跳
2026_07_31-10:23:19 [W] [manage-listenClient] 发送心跳
2026_07_31-10:23:24 [W] [manage-listenClient] 发送心跳
2026_07_31-10:23:29 [W] [manage-listenClient] 发送心跳
2026_07_31-10:23:34 [W] [manage-listenClient] 发送心跳
2026_07_31-10:23:39 [W] [manage-listenClient] 发送心跳
2026_07_31-10:23:44 [W] [manage-listenClient] 发送心跳
2026_07_31-10:23:49 [W] [manage-listenClient] 发送心跳
2026_07_31-10:23:54 [W] [manage-listenClient] 发送心跳
2026_07_31-10:23:59 [W] [manage-listenClient] 发送心跳
2026_07_31-10:24:04 [W] [manage-listenClient] 发送心跳
2026_07_31-10:24:09 [W] [manage-listenClient] 发送心跳
2026_07_31-10:24:14 [W] [manage-listenClient] 发送心跳
2026_07_31-10:24:19 [W] [manage-listenClient] 发送心跳
2026_07_31-10:24:24 [W] [manage-listenClient] 发送心跳
2026_07_31-10:24:29 [W] [manage-listenClient] 发送心跳
2026_07_31-10:24:34 [W] [manage-listenClient] 发送心跳
2026_07_31-10:24:39 [W] [manage-listenClient] 发送心跳
2026_07_31-10:24:44 [W] [manage-listenClient] 发送心跳
2026_07_31-10:24:49 [W] [manage-listenClient] 发送心跳
2026_07_31-10:24:54 [W] [manage-listenClient] 发送心跳
2026_07_31-10:24:59 [W] [manage-listenClient] 发送心跳
2026_07_31-10:25:04 [W] [manage-listenClient] 发送心跳
2026_07_31-10:25:09 [W] [manage-listenClient] 发送心跳
2026_07_31-10:25:14 [W] [manage-listenClient] 发送心跳
2026_07_31-10:25:19 [W] [manage-listenClient] 发送心跳
2026_07_31-10:25:24 [W] [manage-listenClient] 发送心跳
2026_07_31-10:25:29 [W] [manage-listenClient] 发送心跳
2026_07_31-10:25:34 [W] [manage-listenClient] 发送心跳
2026_07_31-10:25:39 [W] [manage-listenClient] 发送心跳
2026_07_31-10:25:44 [W] [manage-listenClient] 发送心跳
2026_07_31-10:25:49 [W] [manage-listenClient] 发送心跳
2026_07_31-10:25:54 [W] [manage-listenClient] 发送心跳
2026_07_31-10:25:59 [W] [manage-listenClient] 发送心跳
2026_07_31-10:26:04 [W] [manage-listenClient] 发送心跳
2026_07_31-10:26:09 [W] [manage-listenClient] 发送心跳
2026_07_31-10:26:14 [W] [manage-listenClient] 发送心跳
2026_07_31-10:26:19 [W] [manage-listenClient] 发送心跳
2026_07_31-10:26:24 [W] [manage-listenClient] 发送心跳
2026_07_31-10:26:29 [W] [manage-listenClient] 发送心跳
2026_07_31-10:26:34 [W] [manage-listenClient] 发送心跳
2026_07_31-10:26:39 [W] [manage-listenClient] 发送心跳
2026_07_31-10:26:44 [W] [manage-listenClient] 发送心跳
2026_07_31-10:26:49 [W] [manage-listenClient] 发送心跳
2026_07_31-10:26:54 [W] [manage-listenClient] 发送心跳
2026_07_31-10:26:59 [W] [manage-listenClient] 发送心跳
2026_07_31-10:27:04 [W] [manage-listenClient] 发送心跳
2026_07_31-10:27:09 [W] [manage-listenClient] 发送心跳
2026_07_31-10:27:14 [W] [manage-listenClient] 发送心跳
2026_07_31-10:27:19 [W] [manage-listenClient] 发送心跳
2026_07_31-10:27:24 [W] [manage-listenClient] 发送心跳
2026_07_31-10:27:29 [W] [manage-listenClient] 发送心跳
2026_07_31-10:27:34 [W] [manage-listenClient] 发送心跳
2026_07_31-10:27:39 [W] [manage-listenClient] 发送心跳
2026_07_31-10:27:44 [W] [manage-listenClient] 发送心跳
2026_07_31-10:27:49 [W] [manage-listenClient] 发送心跳
2026_07_31-10:27:54 [W] [manage-listenClient] 发送心跳
2026_07_31-10:27:59 [W] [manage-listenClient] 发送心跳
2026_07_31-10:28:04 [W] [manage-listenClient] 发送心跳
2026_07_31-10:28:09 [W] [manage-listenClient] 发送心跳
2026_07_31-10:28:14 [W] [manage-listenClient] 发送心跳
2026_07_31-10:28:19 [W] [manage-listenClient] 发送心跳
2026_07_31-10:28:24 [W] [manage-listenClient] 发送心跳
2026_07_31-10:28:29 [W] [manage-listenClient] 发送心跳
2026_07_31-10:28:34 [W] [manage-listenClient] 发送心跳
2026_07_31-10:28:39 [W] [manage-listenClient] 发送心跳
2026_07_31-10:28:44 [W] [manage-listenClient] 发送心跳
2026_07_31-10:28:49 [W] [manage-listenClient] 发送心跳
2026_07_31-10:28:54 [W] [manage-listenClient] 发送心跳
2026_07_31-10:28:59 [W] [manage-listenClient] 发送心跳
2026_07_31-10:29:04 [W] [manage-listenClient] 发送心跳
2026_07_31-10:29:09 [W] [manage-listenClient] 发送心跳
2026_07_31-10:29:14 [W] [manage-listenClient] 发送心跳
2026_07_31-10:29:19 [W] [manage-listenClient] 发送心跳
2026_07_31-10:29:24 [W] [manage-listenClient] 发送心跳
2026_07_31-10:29:29 [W] [manage-listenClient] 发送心跳
2026_07_31-10:29:34 [W] [manage-listenClient] 发送心跳
2026_07_31-10:29:39 [W] [manage-listenClient] 发送心跳
2026_07_31-10:29:44 [W] [manage-listenClient] 发送心跳
2026_07_31-10:29:49 [W] [manage-listenClient] 发送心跳
2026_07_31-10:29:54 [W] [manage-listenClient] 发送心跳
2026_07_31-10:29:59 [W] [manage-listenClient] 发送心跳
2026_07_31-10:30:04 [W] [manage-listenClient] 发送心跳
2026_07_31-10:30:09 [W] [manage-listenClient] 发送心跳
2026_07_31-10:30:14 [W] [manage-listenClient] 发送心跳
2026_07_31-10:30:19 [W] [manage-listenClient] 发送心跳
2026_07_31-10:30:24 [W] [manage-listenClient] 发送心跳
2026_07_31-10:30:29 [W] [manage-listenClient] 发送心跳
2026_07_31-10:30:34 [W] [manage-listenClient] 发送心跳
2026_07_31-10:30:39 [W] [manage-listenClient] 发送心跳
2026_07_31-10:30:44 [W] [manage-listenClient] 发送心跳
2026_07_31-10:30:49 [W] [manage-listenClient] 发送心跳
2026_07_31-10:30:54 [W] [manage-listenClient] 发送心跳
2026_07_31-10:30:59 [W] [manage-listenClient] 发送心跳
2026_07_31-10:31:04 [W] [manage-listenClient] 发送心跳
2026_07_31-10:31:09 [W] [manage-listenClient] 发送心跳
2026_07_31-10:31:14 [W] [manage-listenClient] 发送心跳
2026_07_31-10:31:19 [W] [manage-listenClient] 发送心跳
2026_07_31-10:31:24 [W] [manage-listenClient] 发送心跳
2026_07_31-10:31:29 [W] [manage-listenClient] 发送心跳
2026_07_31-10:31:34 [W] [manage-listenClient] 发送心跳
2026_07_31-10:31:39 [W] [manage-listenClient] 发送心跳
2026_07_31-10:31:45 [W] [manage-listenClient] 发送心跳
2026_07_31-10:31:50 [W] [manage-listenClient] 发送心跳
2026_07_31-10:31:50 [D] [client] disconnect from 192.168.10.1:8090
2026_07_31-10:31:50 [I] [client] socket close = 3
2026_07_31-10:31:50 [W] [manage-listenClient] 断联：开始释放资源
2026_07_31-10:31:50 [W] [manage-listenClient] ClientQue.front()->getClientID() = 1,CurClientID.load() = 0
2026_07_31-10:31:50 [I] [client] socket connect = 1 kConnecting = 0 kConnected = 1 kDisconnecting = 2 kDisconnected = 3
2026_07_31-10:31:50 [W] [manage-CreateClient] 需要创建client Index = 3
2026_07_31-10:31:50 [D] [<UNNAME>] Connection::kConnected
2026_07_31-10:31:50 [W] [analysis] RxFlg.store(1)---serial_number = 123 check_sn = 123
2026_07_31-10:31:50 [W] [analysis] cv通知下发---serial_number = 123 check_sn = 123
2026_07_31-10:31:50 [D] [manage-listenClient] 已经授权成功，重复验证授权码
2026_07_31-10:31:50 [D] [manage-listenClient] Random: bxMjTE..., VIN: HTWW312510A000123
2026_07_31-10:31:50 [I] [manage-listenClient] License verified successfully for VIN: HTWW312510A000123
2026_07_31-10:31:50 [D] [manage-listenClient] License valid until: 2026-10-15 10:12:20
2026_07_31-10:31:50 [I] [manage-listenClient] License verified successfully for expiry: 1A0A0F0A0C14
2026_07_31-10:31:55 [W] [manage-listenClient] 发送心跳
2026_07_31-10:32:00 [W] [manage-listenClient] 发送心跳
2026_07_31-10:32:05 [W] [manage-listenClient] 发送心跳
2026_07_31-10:32:26 [W] [manage-listenClient] 发送心跳
2026_07_31-10:32:31 [W] [manage-listenClient] 发送心跳
2026_07_31-10:32:36 [W] [manage-listenClient] 发送心跳
2026_07_31-10:32:41 [W] [manage-listenClient] 发送心跳
2026_07_31-10:32:46 [W] [manage-listenClient] 发送心跳
2026_07_31-10:32:51 [W] [manage-listenClient] 发送心跳
2026_07_31-10:32:56 [W] [manage-listenClient] 发送心跳
2026_07_31-10:33:01 [W] [manage-listenClient] 发送心跳
2026_07_31-10:33:06 [W] [manage-listenClient] 发送心跳
2026_07_31-10:33:11 [W] [manage-listenClient] 发送心跳
2026_07_31-10:33:16 [W] [manage-listenClient] 发送心跳
2026_07_31-10:33:21 [W] [manage-listenClient] 发送心跳
2026_07_31-10:33:26 [W] [manage-listenClient] 发送心跳
2026_07_31-10:33:31 [W] [manage-listenClient] 发送心跳
2026_07_31-10:33:36 [W] [manage-listenClient] 发送心跳
2026_07_31-10:33:41 [W] [manage-listenClient] 发送心跳
2026_07_31-10:33:46 [W] [manage-listenClient] 发送心跳
2026_07_31-10:33:51 [W] [manage-listenClient] 发送心跳
2026_07_31-10:33:56 [W] [manage-listenClient] 发送心跳
2026_07_31-10:34:01 [W] [manage-listenClient] 发送心跳
2026_07_31-10:34:06 [W] [manage-listenClient] 发送心跳
2026_07_31-10:34:11 [W] [manage-listenClient] 发送心跳
2026_07_31-10:34:16 [W] [manage-listenClient] 发送心跳
2026_07_31-10:34:21 [W] [manage-listenClient] 发送心跳
2026_07_31-10:34:26 [W] [manage-listenClient] 发送心跳
2026_07_31-10:34:31 [W] [manage-listenClient] 发送心跳
2026_07_31-10:34:36 [W] [manage-listenClient] 发送心跳
2026_07_31-10:34:41 [W] [manage-listenClient] 发送心跳
2026_07_31-10:34:46 [W] [manage-listenClient] 发送心跳
2026_07_31-10:34:51 [W] [manage-listenClient] 发送心跳
2026_07_31-10:34:56 [W] [manage-listenClient] 发送心跳
2026_07_31-10:35:01 [W] [manage-listenClient] 发送心跳
2026_07_31-10:35:06 [W] [manage-listenClient] 发送心跳
2026_07_31-10:35:11 [W] [manage-listenClient] 发送心跳
2026_07_31-10:35:16 [W] [manage-listenClient] 发送心跳
2026_07_31-10:35:21 [W] [manage-listenClient] 发送心跳
2026_07_31-10:35:26 [W] [manage-listenClient] 发送心跳
2026_07_31-10:35:31 [W] [manage-listenClient] 发送心跳
2026_07_31-10:35:36 [W] [manage-listenClient] 发送心跳
2026_07_31-10:35:41 [W] [manage-listenClient] 发送心跳
2026_07_31-10:35:46 [W] [manage-listenClient] 发送心跳
2026_07_31-10:35:51 [W] [manage-listenClient] 发送心跳
2026_07_31-10:35:56 [W] [manage-listenClient] 发送心跳
2026_07_31-10:36:01 [W] [manage-listenClient] 发送心跳
2026_07_31-10:36:06 [W] [manage-listenClient] 发送心跳
2026_07_31-10:36:11 [W] [manage-listenClient] 发送心跳
2026_07_31-10:36:16 [W] [manage-listenClient] 发送心跳
2026_07_31-10:36:21 [W] [manage-listenClient] 发送心跳
2026_07_31-10:36:26 [W] [manage-listenClient] 发送心跳
2026_07_31-10:36:31 [W] [manage-listenClient] 发送心跳
2026_07_31-10:36:36 [W] [manage-listenClient] 发送心跳
2026_07_31-10:36:41 [W] [manage-listenClient] 发送心跳
2026_07_31-10:36:46 [W] [manage-listenClient] 发送心跳
2026_07_31-10:36:51 [W] [manage-listenClient] 发送心跳
2026_07_31-10:36:56 [W] [manage-listenClient] 发送心跳
2026_07_31-10:37:01 [W] [manage-listenClient] 发送心跳
2026_07_31-10:37:06 [W] [manage-listenClient] 发送心跳
2026_07_31-10:37:11 [W] [manage-listenClient] 发送心跳
2026_07_31-10:37:16 [W] [manage-listenClient] 发送心跳
2026_07_31-10:37:22 [W] [manage-listenClient] 发送心跳
2026_07_31-10:37:27 [W] [manage-listenClient] 发送心跳
2026_07_31-10:37:32 [W] [manage-listenClient] 发送心跳
2026_07_31-10:37:37 [W] [manage-listenClient] 发送心跳
2026_07_31-10:37:42 [W] [manage-listenClient] 发送心跳
2026_07_31-10:37:47 [W] [manage-listenClient] 发送心跳
2026_07_31-10:37:52 [W] [manage-listenClient] 发送心跳
2026_07_31-10:37:57 [W] [manage-listenClient] 发送心跳
2026_07_31-10:38:02 [W] [manage-listenClient] 发送心跳
2026_07_31-10:38:07 [W] [manage-listenClient] 发送心跳
2026_07_31-10:38:12 [W] [manage-listenClient] 发送心跳
2026_07_31-10:38:17 [W] [manage-listenClient] 发送心跳
2026_07_31-10:38:22 [W] [manage-listenClient] 发送心跳
2026_07_31-10:38:27 [W] [manage-listenClient] 发送心跳
2026_07_31-10:38:32 [W] [manage-listenClient] 发送心跳
2026_07_31-10:38:37 [W] [manage-listenClient] 发送心跳
2026_07_31-10:38:42 [W] [manage-listenClient] 发送心跳
2026_07_31-10:38:47 [W] [manage-listenClient] 发送心跳
2026_07_31-10:38:52 [W] [manage-listenClient] 发送心跳
2026_07_31-10:38:57 [W] [manage-listenClient] 发送心跳
2026_07_31-10:39:02 [W] [manage-listenClient] 发送心跳
2026_07_31-10:39:07 [W] [manage-listenClient] 发送心跳
2026_07_31-10:39:12 [W] [manage-listenClient] 发送心跳
2026_07_31-10:39:17 [W] [manage-listenClient] 发送心跳
2026_07_31-10:39:22 [W] [manage-listenClient] 发送心跳
2026_07_31-10:39:27 [W] [manage-listenClient] 发送心跳
2026_07_31-10:39:32 [W] [manage-listenClient] 发送心跳
2026_07_31-10:39:37 [W] [manage-listenClient] 发送心跳
2026_07_31-10:39:42 [W] [manage-listenClient] 发送心跳
2026_07_31-10:39:47 [W] [manage-listenClient] 发送心跳
2026_07_31-10:39:52 [W] [manage-listenClient] 发送心跳
2026_07_31-10:39:57 [W] [manage-listenClient] 发送心跳
2026_07_31-10:40:02 [W] [manage-listenClient] 发送心跳
2026_07_31-10:40:07 [W] [manage-listenClient] 发送心跳
2026_07_31-10:40:12 [W] [manage-listenClient] 发送心跳
2026_07_31-10:40:17 [W] [manage-listenClient] 发送心跳
2026_07_31-10:40:22 [W] [manage-listenClient] 发送心跳
2026_07_31-10:40:27 [W] [manage-listenClient] 发送心跳
2026_07_31-10:40:32 [W] [manage-listenClient] 发送心跳
2026_07_31-10:40:37 [W] [manage-listenClient] 发送心跳
2026_07_31-10:40:42 [W] [manage-listenClient] 发送心跳
2026_07_31-10:40:47 [W] [manage-listenClient] 发送心跳
2026_07_31-10:40:52 [W] [manage-listenClient] 发送心跳
2026_07_31-10:40:57 [W] [manage-listenClient] 发送心跳
2026_07_31-10:41:02 [W] [manage-listenClient] 发送心跳
2026_07_31-10:41:07 [W] [manage-listenClient] 发送心跳
2026_07_31-10:41:12 [W] [manage-listenClient] 发送心跳
2026_07_31-10:41:17 [W] [manage-listenClient] 发送心跳
2026_07_31-10:41:22 [W] [manage-listenClient] 发送心跳
2026_07_31-10:41:27 [W] [manage-listenClient] 发送心跳
2026_07_31-10:41:32 [W] [manage-listenClient] 发送心跳
2026_07_31-10:41:37 [W] [manage-listenClient] 发送心跳
2026_07_31-10:41:42 [W] [manage-listenClient] 发送心跳
2026_07_31-10:41:47 [W] [manage-listenClient] 发送心跳
2026_07_31-10:41:50 [D] [client] disconnect from 192.168.10.1:8090
2026_07_31-10:41:50 [I] [client] socket close = 3
2026_07_31-10:41:50 [W] [manage-listenClient] 断联：开始释放资源
2026_07_31-10:41:50 [W] [manage-listenClient] ClientQue.front()->getClientID() = 2,CurClientID.load() = 1
2026_07_31-10:41:50 [I] [client] socket connect = 1 kConnecting = 0 kConnected = 1 kDisconnecting = 2 kDisconnected = 3
2026_07_31-10:41:50 [W] [manage-CreateClient] 需要创建client Index = 4
2026_07_31-10:41:50 [D] [<UNNAME>] Connection::kConnected
2026_07_31-10:41:51 [W] [analysis] RxFlg.store(1)---serial_number = 240 check_sn = 240
2026_07_31-10:41:51 [W] [analysis] cv通知下发---serial_number = 240 check_sn = 240
2026_07_31-10:41:51 [D] [manage-listenClient] 已经授权成功，重复验证授权码
2026_07_31-10:41:51 [D] [manage-listenClient] Random: bxMjTE..., VIN: HTWW312510A000123
2026_07_31-10:41:51 [I] [manage-listenClient] License verified successfully for VIN: HTWW312510A000123
2026_07_31-10:41:51 [D] [manage-listenClient] License valid until: 2026-10-15 10:12:20
2026_07_31-10:41:51 [I] [manage-listenClient] License verified successfully for expiry: 1A0A0F0A0C14
2026_07_31-10:41:52 [W] [manage-listenClient] 发送心跳
2026_07_31-10:41:57 [W] [manage-listenClient] 发送心跳
2026_07_31-10:42:02 [W] [manage-listenClient] 发送心跳
2026_07_31-10:42:07 [W] [manage-listenClient] 发送心跳
2026_07_31-10:42:12 [W] [manage-listenClient] 发送心跳
2026_07_31-10:42:17 [W] [manage-listenClient] 发送心跳
2026_07_31-10:42:22 [W] [manage-listenClient] 发送心跳
2026_07_31-10:42:27 [W] [manage-listenClient] 发送心跳
2026_07_31-10:42:32 [W] [manage-listenClient] 发送心跳
2026_07_31-10:42:37 [W] [manage-listenClient] 发送心跳
2026_07_31-10:42:42 [W] [manage-listenClient] 发送心跳
2026_07_31-10:42:47 [W] [manage-listenClient] 发送心跳
2026_07_31-10:42:52 [W] [manage-listenClient] 发送心跳
2026_07_31-10:42:57 [W] [manage-listenClient] 发送心跳
2026_07_31-10:43:02 [W] [manage-listenClient] 发送心跳
2026_07_31-10:43:07 [W] [manage-listenClient] 发送心跳
2026_07_31-10:43:07 [D] [<UNNAME>] Connection::kConnected
2026_07_31-10:43:08 [W] [analysis] RxFlg.store(1)---serial_number = 257 check_sn = 257
2026_07_31-10:43:08 [W] [analysis] cv通知下发---serial_number = 257 check_sn = 257
2026_07_31-10:43:08 [D] [<UNNAME>] linear_speed=0.000000, angular_speed=0.000000, iscanmove=0
2026_07_31-10:43:08 [D] [<UNNAME>] Connection::kConnected
2026_07_31-10:43:08 [W] [analysis] RxFlg.store(1)---serial_number = 258 check_sn = 258
2026_07_31-10:43:08 [W] [analysis] cv通知下发---serial_number = 258 check_sn = 258
2026_07_31-10:43:08 [D] [<UNNAME>] brake_ctrl=0
