2026_07_29-18:02:37 [D] [<UNNAME>] start init ...
2026_07_29-18:02:37 [D] [<UNNAME>] gmrL3NIiUe7mk2Gv/LbZv6yPs4w+JnpQgKIKDn8/FR/nYMKfKnR93t2jd9VY4qaRhwq9bJUmJ9BN4RYuKnOxUfY=
2026_07_29-18:02:37 [I] [client] socket connect = 1 kConnecting = 0 kConnected = 1 kDisconnecting = 2 kDisconnected = 3
2026_07_29-18:02:37 [W] [manage-CreateClient] 需要创建client Index = 1
2026_07_29-18:02:37 [D] [<UNNAME>] Connection::kConnected
2026_07_29-18:02:37 [W] [analysis] RxFlg.store(1)---serial_number = 0 check_sn = 0
2026_07_29-18:02:37 [W] [analysis] cv通知下发---serial_number = 0 check_sn = 0
2026_07_29-18:02:37 [E] [analysis] [auth=0]:未授权
2026_07_29-18:02:37 [D] [manage-listenClient] 还未授权成功，请求中
2026_07_29-18:02:37 [D] [<UNNAME>] Connection::kConnected
2026_07_29-18:02:37 [W] [manage-CreateClient] 需要创建client Index = 2
2026_07_29-18:02:37 [W] [analysis] RxFlg.store(1)---serial_number = 1 check_sn = 1
2026_07_29-18:02:37 [W] [analysis] cv通知下发---serial_number = 1 check_sn = 1
2026_07_29-18:02:37 [E] [analysis] [auth=0]:未授权
2026_07_29-18:02:37 [E] [analysis] [auth=0]:未授权
2026_07_29-18:02:37 [E] [analysis] [auth=0]:未授权
2026_07_29-18:02:37 [D] [manage-listenClient] Random: bxMjTE..., VIN: HTWW312510A000123
2026_07_29-18:02:37 [I] [manage-listenClient] License verified successfully for VIN: HTWW312510A000123
2026_07_29-18:02:37 [D] [manage-listenClient] License valid until: 2026-10-15 10:12:20
2026_07_29-18:02:37 [I] [manage-listenClient] License verified successfully for expiry: 1A0A0F0A0C14
2026_07_29-18:02:40 [D] [<UNNAME>] Connection::kConnected
2026_07_29-18:02:40 [W] [analysis] RxFlg.store(1)---serial_number = 2 check_sn = 2
2026_07_29-18:02:40 [W] [analysis] cv通知下发---serial_number = 2 check_sn = 2
2026_07_29-18:02:40 [D] [<UNNAME>] brake_ctrl=1
2026_07_29-18:02:42 [W] [manage-listenClient] 发送心跳
2026_07_29-18:02:47 [W] [manage-listenClient] 发送心跳
2026_07_29-18:02:52 [W] [manage-listenClient] 发送心跳
2026_07_29-18:02:57 [W] [manage-listenClient] 发送心跳
2026_07_29-18:03:02 [W] [manage-listenClient] 发送心跳
2026_07_29-18:03:07 [W] [manage-listenClient] 发送心跳
2026_07_29-18:03:12 [W] [manage-listenClient] 发送心跳
2026_07_29-18:03:17 [W] [manage-listenClient] 发送心跳
2026_07_29-18:03:22 [W] [manage-listenClient] 发送心跳
2026_07_29-18:03:27 [W] [manage-listenClient] 发送心跳
2026_07_29-18:03:32 [W] [manage-listenClient] 发送心跳
2026_07_29-18:03:37 [W] [manage-listenClient] 发送心跳
2026_07_29-18:03:42 [W] [manage-listenClient] 发送心跳
2026_07_29-18:03:47 [W] [manage-listenClient] 发送心跳
2026_07_29-18:03:52 [W] [manage-listenClient] 发送心跳
2026_07_29-18:03:57 [W] [manage-listenClient] 发送心跳
2026_07_29-18:04:02 [W] [manage-listenClient] 发送心跳
2026_07_29-18:04:07 [W] [manage-listenClient] 发送心跳
2026_07_29-18:04:12 [W] [manage-listenClient] 发送心跳
2026_07_29-18:04:17 [W] [manage-listenClient] 发送心跳
2026_07_29-18:04:22 [W] [manage-listenClient] 发送心跳
2026_07_29-18:04:27 [W] [manage-listenClient] 发送心跳
2026_07_29-18:04:32 [W] [manage-listenClient] 发送心跳
2026_07_29-18:04:37 [W] [manage-listenClient] 发送心跳
2026_07_29-18:04:42 [W] [manage-listenClient] 发送心跳
2026_07_29-18:04:47 [W] [manage-listenClient] 发送心跳
2026_07_29-18:04:52 [W] [manage-listenClient] 发送心跳
2026_07_29-18:04:57 [W] [manage-listenClient] 发送心跳
2026_07_29-18:05:02 [W] [manage-listenClient] 发送心跳
2026_07_29-18:05:07 [W] [manage-listenClient] 发送心跳
2026_07_29-18:05:12 [W] [manage-listenClient] 发送心跳
2026_07_29-18:05:17 [W] [manage-listenClient] 发送心跳
2026_07_29-18:05:22 [W] [manage-listenClient] 发送心跳
2026_07_29-18:05:27 [W] [manage-listenClient] 发送心跳
2026_07_29-18:05:32 [W] [manage-listenClient] 发送心跳
2026_07_29-18:05:37 [W] [manage-listenClient] 发送心跳
2026_07_29-18:05:42 [W] [manage-listenClient] 发送心跳
2026_07_29-18:05:47 [W] [manage-listenClient] 发送心跳
2026_07_29-18:05:52 [W] [manage-listenClient] 发送心跳
2026_07_29-18:05:57 [W] [manage-listenClient] 发送心跳
2026_07_29-18:06:02 [W] [manage-listenClient] 发送心跳
2026_07_29-18:06:07 [W] [manage-listenClient] 发送心跳
2026_07_29-18:06:12 [W] [manage-listenClient] 发送心跳
2026_07_29-18:06:17 [W] [manage-listenClient] 发送心跳
2026_07_29-18:06:22 [W] [manage-listenClient] 发送心跳
2026_07_29-18:06:27 [W] [manage-listenClient] 发送心跳
2026_07_29-18:06:32 [W] [manage-listenClient] 发送心跳
2026_07_29-18:06:37 [W] [manage-listenClient] 发送心跳
2026_07_29-18:06:42 [W] [manage-listenClient] 发送心跳
2026_07_29-18:06:47 [W] [manage-listenClient] 发送心跳
2026_07_29-18:06:52 [W] [manage-listenClient] 发送心跳
2026_07_29-18:06:57 [W] [manage-listenClient] 发送心跳
2026_07_29-18:07:02 [W] [manage-listenClient] 发送心跳
2026_07_29-18:07:07 [W] [manage-listenClient] 发送心跳
2026_07_29-18:07:13 [W] [manage-listenClient] 发送心跳
2026_07_29-18:07:18 [W] [manage-listenClient] 发送心跳
2026_07_29-18:07:23 [W] [manage-listenClient] 发送心跳
2026_07_29-18:07:28 [W] [manage-listenClient] 发送心跳
2026_07_29-18:07:33 [W] [manage-listenClient] 发送心跳
2026_07_29-18:07:38 [W] [manage-listenClient] 发送心跳
2026_07_29-18:07:43 [W] [manage-listenClient] 发送心跳
2026_07_29-18:07:48 [W] [manage-listenClient] 发送心跳
2026_07_29-18:07:53 [W] [manage-listenClient] 发送心跳
2026_07_29-18:07:58 [W] [manage-listenClient] 发送心跳
2026_07_29-18:08:03 [W] [manage-listenClient] 发送心跳
2026_07_29-18:08:08 [W] [manage-listenClient] 发送心跳
2026_07_29-18:08:13 [W] [manage-listenClient] 发送心跳
2026_07_29-18:08:18 [W] [manage-listenClient] 发送心跳
2026_07_29-18:08:23 [W] [manage-listenClient] 发送心跳
2026_07_29-18:08:28 [W] [manage-listenClient] 发送心跳
2026_07_29-18:08:33 [W] [manage-listenClient] 发送心跳
2026_07_29-18:08:38 [W] [manage-listenClient] 发送心跳
2026_07_29-18:08:43 [W] [manage-listenClient] 发送心跳
2026_07_29-18:08:48 [W] [manage-listenClient] 发送心跳
2026_07_29-18:08:53 [W] [manage-listenClient] 发送心跳
2026_07_29-18:08:58 [W] [manage-listenClient] 发送心跳
2026_07_29-18:09:03 [W] [manage-listenClient] 发送心跳
2026_07_29-18:09:08 [W] [manage-listenClient] 发送心跳
2026_07_29-18:09:13 [W] [manage-listenClient] 发送心跳
2026_07_29-18:09:18 [W] [manage-listenClient] 发送心跳
2026_07_29-18:09:23 [W] [manage-listenClient] 发送心跳
2026_07_29-18:09:28 [W] [manage-listenClient] 发送心跳
2026_07_29-18:09:33 [W] [manage-listenClient] 发送心跳
2026_07_29-18:09:38 [W] [manage-listenClient] 发送心跳
2026_07_29-18:09:43 [W] [manage-listenClient] 发送心跳
2026_07_29-18:09:48 [W] [manage-listenClient] 发送心跳
2026_07_29-18:09:53 [W] [manage-listenClient] 发送心跳
2026_07_29-18:09:58 [W] [manage-listenClient] 发送心跳
2026_07_29-18:10:03 [W] [manage-listenClient] 发送心跳
2026_07_29-18:10:08 [W] [manage-listenClient] 发送心跳
2026_07_29-18:10:13 [W] [manage-listenClient] 发送心跳
2026_07_29-18:10:18 [W] [manage-listenClient] 发送心跳
2026_07_29-18:10:23 [W] [manage-listenClient] 发送心跳
2026_07_29-18:10:28 [W] [manage-listenClient] 发送心跳
2026_07_29-18:10:33 [W] [manage-listenClient] 发送心跳
2026_07_29-18:10:38 [W] [manage-listenClient] 发送心跳
2026_07_29-18:10:43 [W] [manage-listenClient] 发送心跳
2026_07_29-18:10:48 [W] [manage-listenClient] 发送心跳
2026_07_29-18:10:53 [W] [manage-listenClient] 发送心跳
2026_07_29-18:10:58 [W] [manage-listenClient] 发送心跳
2026_07_29-18:11:03 [W] [manage-listenClient] 发送心跳
2026_07_29-18:11:08 [W] [manage-listenClient] 发送心跳
2026_07_29-18:11:13 [W] [manage-listenClient] 发送心跳
2026_07_29-18:11:18 [W] [manage-listenClient] 发送心跳
2026_07_29-18:11:23 [W] [manage-listenClient] 发送心跳
2026_07_29-18:11:28 [W] [manage-listenClient] 发送心跳
2026_07_29-18:11:33 [W] [manage-listenClient] 发送心跳
2026_07_29-18:11:38 [W] [manage-listenClient] 发送心跳
2026_07_29-18:11:43 [W] [manage-listenClient] 发送心跳
2026_07_29-18:11:48 [W] [manage-listenClient] 发送心跳
2026_07_29-18:11:53 [W] [manage-listenClient] 发送心跳
2026_07_29-18:11:58 [W] [manage-listenClient] 发送心跳
2026_07_29-18:12:03 [W] [manage-listenClient] 发送心跳
2026_07_29-18:12:08 [W] [manage-listenClient] 发送心跳
2026_07_29-18:12:13 [W] [manage-listenClient] 发送心跳
2026_07_29-18:12:18 [W] [manage-listenClient] 发送心跳
2026_07_29-18:12:23 [W] [manage-listenClient] 发送心跳
2026_07_29-18:12:28 [W] [manage-listenClient] 发送心跳
2026_07_29-18:12:33 [W] [manage-listenClient] 发送心跳
2026_07_29-18:12:38 [W] [manage-listenClient] 发送心跳
2026_07_29-18:12:43 [W] [manage-listenClient] 发送心跳
2026_07_29-18:12:48 [W] [manage-listenClient] 发送心跳
2026_07_29-18:12:53 [W] [manage-listenClient] 发送心跳
2026_07_29-18:12:58 [W] [manage-listenClient] 发送心跳
2026_07_29-18:13:03 [W] [manage-listenClient] 发送心跳
2026_07_29-18:13:08 [W] [manage-listenClient] 发送心跳
2026_07_29-18:13:13 [W] [manage-listenClient] 发送心跳
2026_07_29-18:13:18 [W] [manage-listenClient] 发送心跳
2026_07_29-18:13:23 [W] [manage-listenClient] 发送心跳
2026_07_29-18:13:28 [W] [manage-listenClient] 发送心跳
2026_07_29-18:13:33 [W] [manage-listenClient] 发送心跳
2026_07_29-18:13:38 [W] [manage-listenClient] 发送心跳
2026_07_29-18:13:43 [W] [manage-listenClient] 发送心跳
2026_07_29-18:13:48 [W] [manage-listenClient] 发送心跳
2026_07_29-18:13:53 [W] [manage-listenClient] 发送心跳
2026_07_29-18:13:58 [W] [manage-listenClient] 发送心跳
2026_07_29-18:14:03 [W] [manage-listenClient] 发送心跳
2026_07_29-18:14:08 [W] [manage-listenClient] 发送心跳
2026_07_29-18:14:13 [W] [manage-listenClient] 发送心跳
2026_07_29-18:14:18 [W] [manage-listenClient] 发送心跳
2026_07_29-18:14:23 [W] [manage-listenClient] 发送心跳
2026_07_29-18:14:28 [W] [manage-listenClient] 发送心跳
2026_07_29-18:14:33 [W] [manage-listenClient] 发送心跳
2026_07_29-18:14:38 [W] [manage-listenClient] 发送心跳
2026_07_29-18:14:43 [W] [manage-listenClient] 发送心跳
2026_07_29-18:14:48 [W] [manage-listenClient] 发送心跳
2026_07_29-18:14:53 [W] [manage-listenClient] 发送心跳
2026_07_29-18:14:58 [W] [manage-listenClient] 发送心跳
2026_07_29-18:15:03 [W] [manage-listenClient] 发送心跳
2026_07_29-18:15:08 [W] [manage-listenClient] 发送心跳
2026_07_29-18:15:13 [W] [manage-listenClient] 发送心跳
2026_07_29-18:15:18 [W] [manage-listenClient] 发送心跳
2026_07_29-18:15:23 [W] [manage-listenClient] 发送心跳
2026_07_29-18:15:28 [W] [manage-listenClient] 发送心跳
2026_07_29-18:15:33 [W] [manage-listenClient] 发送心跳
2026_07_29-18:15:38 [W] [manage-listenClient] 发送心跳
2026_07_29-18:15:43 [W] [manage-listenClient] 发送心跳
2026_07_29-18:15:48 [W] [manage-listenClient] 发送心跳
2026_07_29-18:15:53 [W] [manage-listenClient] 发送心跳
2026_07_29-18:15:58 [W] [manage-listenClient] 发送心跳
2026_07_29-18:16:03 [W] [manage-listenClient] 发送心跳
2026_07_29-18:16:08 [W] [manage-listenClient] 发送心跳
2026_07_29-18:16:13 [W] [manage-listenClient] 发送心跳
2026_07_29-18:16:18 [W] [manage-listenClient] 发送心跳
2026_07_29-18:16:23 [W] [manage-listenClient] 发送心跳
2026_07_29-18:16:28 [W] [manage-listenClient] 发送心跳
2026_07_29-18:16:34 [W] [manage-listenClient] 发送心跳
2026_07_29-18:16:39 [W] [manage-listenClient] 发送心跳
2026_07_29-18:16:44 [W] [manage-listenClient] 发送心跳
2026_07_29-18:16:49 [W] [manage-listenClient] 发送心跳
2026_07_29-18:16:54 [W] [manage-listenClient] 发送心跳
2026_07_29-18:16:59 [W] [manage-listenClient] 发送心跳
2026_07_29-18:17:04 [W] [manage-listenClient] 发送心跳
2026_07_29-18:17:09 [W] [manage-listenClient] 发送心跳
2026_07_29-18:17:14 [W] [manage-listenClient] 发送心跳
2026_07_29-18:17:19 [W] [manage-listenClient] 发送心跳
2026_07_29-18:17:24 [W] [manage-listenClient] 发送心跳
2026_07_29-18:17:29 [W] [manage-listenClient] 发送心跳
2026_07_29-18:17:34 [W] [manage-listenClient] 发送心跳
2026_07_29-18:17:39 [W] [manage-listenClient] 发送心跳
2026_07_29-18:17:44 [W] [manage-listenClient] 发送心跳
