2026_07_31-16:17:01 [D] [<UNNAME>] start init ...
2026_07_31-16:17:01 [D] [<UNNAME>] gmrL3NIiUe7mk2Gv/LbZv6yPs4w+JnpQgKIKDn8/FR/nYMKfKnR93t2jd9VY4qaRhwq9bJUmJ9BN4RYuKnOxUfY=
2026_07_31-16:17:01 [I] [client] socket connect = 1 kConnecting = 0 kConnected = 1 kDisconnecting = 2 kDisconnected = 3
2026_07_31-16:17:01 [D] [<UNNAME>] Connection::kConnected
2026_07_31-16:17:01 [W] [manage-CreateClient] 需要创建client Index = 1
2026_07_31-16:17:01 [W] [analysis] RxFlg.store(1)---serial_number = 0 check_sn = 0
2026_07_31-16:17:01 [W] [analysis] cv通知下发---serial_number = 0 check_sn = 0
2026_07_31-16:17:01 [E] [analysis] [auth=0]:未授权
2026_07_31-16:17:01 [E] [analysis] [auth=0]:未授权
2026_07_31-16:17:01 [D] [manage-listenClient] 还未授权成功，请求中
2026_07_31-16:17:01 [D] [<UNNAME>] Connection::kConnected
2026_07_31-16:17:01 [W] [manage-CreateClient] 需要创建client Index = 2
2026_07_31-16:17:02 [W] [analysis] RxFlg.store(1)---serial_number = 1 check_sn = 1
2026_07_31-16:17:02 [W] [analysis] cv通知下发---serial_number = 1 check_sn = 1
2026_07_31-16:17:02 [D] [manage-listenClient] Random: bxMjTE..., VIN: HTWW312510A000123
2026_07_31-16:17:02 [I] [manage-listenClient] License verified successfully for VIN: HTWW312510A000123
2026_07_31-16:17:02 [D] [manage-listenClient] License valid until: 2026-10-15 10:12:20
2026_07_31-16:17:02 [I] [manage-listenClient] License verified successfully for expiry: 1A0A0F0A0C14
2026_07_31-16:17:02 [D] [<UNNAME>] Connection::kConnected
2026_07_31-16:17:02 [W] [analysis] RxFlg.store(1)---serial_number = 2 check_sn = 2
2026_07_31-16:17:02 [W] [analysis] cv通知下发---serial_number = 2 check_sn = 2
2026_07_31-16:17:02 [D] [<UNNAME>] brake_ctrl=1
2026_07_31-16:17:06 [W] [manage-listenClient] 发送心跳
2026_07_31-16:17:11 [W] [manage-listenClient] 发送心跳
2026_07_31-16:17:16 [W] [manage-listenClient] 发送心跳
2026_07_31-16:17:21 [W] [manage-listenClient] 发送心跳
2026_07_31-16:17:26 [W] [manage-listenClient] 发送心跳
2026_07_31-16:17:31 [W] [manage-listenClient] 发送心跳
2026_07_31-16:17:36 [W] [manage-listenClient] 发送心跳
2026_07_31-16:17:41 [W] [manage-listenClient] 发送心跳
2026_07_31-16:17:46 [W] [manage-listenClient] 发送心跳
2026_07_31-16:17:51 [W] [manage-listenClient] 发送心跳
2026_07_31-16:17:56 [W] [manage-listenClient] 发送心跳
2026_07_31-16:18:01 [W] [manage-listenClient] 发送心跳
2026_07_31-16:18:06 [W] [manage-listenClient] 发送心跳
2026_07_31-16:18:11 [W] [manage-listenClient] 发送心跳
2026_07_31-16:18:16 [W] [manage-listenClient] 发送心跳
2026_07_31-16:18:21 [W] [manage-listenClient] 发送心跳
2026_07_31-16:18:26 [W] [manage-listenClient] 发送心跳
2026_07_31-16:18:31 [W] [manage-listenClient] 发送心跳
2026_07_31-16:18:36 [W] [manage-listenClient] 发送心跳
2026_07_31-16:18:41 [W] [manage-listenClient] 发送心跳
2026_07_31-16:18:46 [W] [manage-listenClient] 发送心跳
2026_07_31-16:18:51 [W] [manage-listenClient] 发送心跳
2026_07_31-16:18:56 [W] [manage-listenClient] 发送心跳
2026_07_31-16:19:01 [W] [manage-listenClient] 发送心跳
2026_07_31-16:19:06 [W] [manage-listenClient] 发送心跳
2026_07_31-16:19:11 [W] [manage-listenClient] 发送心跳
2026_07_31-16:19:16 [W] [manage-listenClient] 发送心跳
2026_07_31-16:19:21 [W] [manage-listenClient] 发送心跳
2026_07_31-16:19:26 [W] [manage-listenClient] 发送心跳
2026_07_31-16:19:31 [W] [manage-listenClient] 发送心跳
2026_07_31-16:19:36 [W] [manage-listenClient] 发送心跳
2026_07_31-16:19:41 [W] [manage-listenClient] 发送心跳
2026_07_31-16:19:46 [W] [manage-listenClient] 发送心跳
2026_07_31-16:19:51 [W] [manage-listenClient] 发送心跳
2026_07_31-16:19:56 [W] [manage-listenClient] 发送心跳
2026_07_31-16:20:01 [W] [manage-listenClient] 发送心跳
2026_07_31-16:20:06 [W] [manage-listenClient] 发送心跳
2026_07_31-16:20:11 [W] [manage-listenClient] 发送心跳
2026_07_31-16:20:16 [W] [manage-listenClient] 发送心跳
2026_07_31-16:20:21 [W] [manage-listenClient] 发送心跳
2026_07_31-16:20:26 [W] [manage-listenClient] 发送心跳
2026_07_31-16:20:31 [W] [manage-listenClient] 发送心跳
2026_07_31-16:20:36 [W] [manage-listenClient] 发送心跳
2026_07_31-16:20:41 [W] [manage-listenClient] 发送心跳
2026_07_31-16:20:46 [W] [manage-listenClient] 发送心跳
2026_07_31-16:20:51 [W] [manage-listenClient] 发送心跳
2026_07_31-16:20:56 [W] [manage-listenClient] 发送心跳
2026_07_31-16:21:01 [W] [manage-listenClient] 发送心跳
2026_07_31-16:21:06 [W] [manage-listenClient] 发送心跳
2026_07_31-16:21:11 [W] [manage-listenClient] 发送心跳
2026_07_31-16:21:16 [W] [manage-listenClient] 发送心跳
2026_07_31-16:21:21 [W] [manage-listenClient] 发送心跳
2026_07_31-16:21:26 [W] [manage-listenClient] 发送心跳
2026_07_31-16:21:31 [W] [manage-listenClient] 发送心跳
2026_07_31-16:21:36 [W] [manage-listenClient] 发送心跳
2026_07_31-16:21:41 [W] [manage-listenClient] 发送心跳
2026_07_31-16:21:46 [W] [manage-listenClient] 发送心跳
2026_07_31-16:21:51 [W] [manage-listenClient] 发送心跳
2026_07_31-16:21:56 [W] [manage-listenClient] 发送心跳
2026_07_31-16:22:01 [W] [manage-listenClient] 发送心跳
2026_07_31-16:22:06 [W] [manage-listenClient] 发送心跳
2026_07_31-16:22:11 [W] [manage-listenClient] 发送心跳
2026_07_31-16:22:16 [W] [manage-listenClient] 发送心跳
2026_07_31-16:22:21 [W] [manage-listenClient] 发送心跳
2026_07_31-16:22:26 [W] [manage-listenClient] 发送心跳
2026_07_31-16:22:31 [W] [manage-listenClient] 发送心跳
2026_07_31-16:22:36 [W] [manage-listenClient] 发送心跳
2026_07_31-16:22:41 [W] [manage-listenClient] 发送心跳
2026_07_31-16:22:46 [W] [manage-listenClient] 发送心跳
2026_07_31-16:22:51 [W] [manage-listenClient] 发送心跳
2026_07_31-16:22:56 [W] [manage-listenClient] 发送心跳
2026_07_31-16:23:01 [W] [manage-listenClient] 发送心跳
2026_07_31-16:23:07 [W] [manage-listenClient] 发送心跳
2026_07_31-16:23:11 [D] [<UNNAME>] Connection::kConnected
2026_07_31-16:23:12 [W] [manage-listenClient] 发送心跳
2026_07_31-16:23:13 [W] [analysis] RxFlg.store(1)---serial_number = 76 check_sn = 76
2026_07_31-16:23:13 [W] [analysis] cv通知下发---serial_number = 76 check_sn = 76
2026_07_31-16:23:13 [D] [<UNNAME>] linear_speed=0.000000, angular_speed=0.000000, iscanmove=0
2026_07_31-16:23:13 [D] [<UNNAME>] Connection::kConnected
2026_07_31-16:23:13 [W] [analysis] RxFlg.store(1)---serial_number = 78 check_sn = 78
2026_07_31-16:23:13 [W] [analysis] cv通知下发---serial_number = 78 check_sn = 78
2026_07_31-16:23:13 [D] [<UNNAME>] brake_ctrl=0
