2026_07_28-18:05:53 [D] [<UNNAME>] start init ...
2026_07_28-18:05:53 [D] [<UNNAME>] gmrL3NIiUe7mk2Gv/LbZv6yPs4w+JnpQgKIKDn8/FR/nYMKfKnR93t2jd9VY4qaRhwq9bJUmJ9BN4RYuKnOxUfY=
2026_07_28-18:05:53 [I] [client] socket connect = 1 kConnecting = 0 kConnected = 1 kDisconnecting = 2 kDisconnected = 3
2026_07_28-18:05:53 [W] [manage-CreateClient] 需要创建client Index = 1
2026_07_28-18:05:53 [W] [manage-CreateClient] 需要创建client Index = 2
2026_07_28-18:05:56 [D] [<UNNAME>] Connection::kConnected
2026_07_28-18:05:56 [W] [analysis] RxFlg.store(1)---serial_number = 0 check_sn = 0
2026_07_28-18:05:56 [W] [analysis] cv通知下发---serial_number = 0 check_sn = 0
2026_07_28-18:05:56 [E] [analysis] [auth=0]:未授权
2026_07_28-18:05:56 [E] [analysis] [auth=0]:未授权
2026_07_28-18:05:56 [E] [analysis] [auth=0]:未授权
2026_07_28-18:05:56 [E] [analysis] [auth=0]:未授权
2026_07_28-18:05:57 [E] [analysis] [auth=0]:未授权
2026_07_28-18:05:57 [E] [analysis] [auth=0]:未授权
2026_07_28-18:05:58 [W] [manage-listenClient] 发送心跳
2026_07_28-18:05:58 [D] [manage-listenClient] 还未授权成功，请求中
2026_07_28-18:05:58 [D] [<UNNAME>] Connection::kConnected
2026_07_28-18:05:58 [W] [analysis] RxFlg.store(1)---serial_number = 2 check_sn = 2
2026_07_28-18:05:58 [W] [analysis] cv通知下发---serial_number = 2 check_sn = 2
2026_07_28-18:05:58 [D] [manage-listenClient] Random: bxMjTE..., VIN: HTWW312510A000123
2026_07_28-18:05:58 [I] [manage-listenClient] License verified successfully for VIN: HTWW312510A000123
2026_07_28-18:05:58 [D] [manage-listenClient] License valid until: 2026-10-15 10:12:20
2026_07_28-18:05:58 [I] [manage-listenClient] License verified successfully for expiry: 1A0A0F0A0C14
2026_07_28-18:05:59 [D] [<UNNAME>] Connection::kConnected
2026_07_28-18:05:59 [W] [analysis] RxFlg.store(1)---serial_number = 3 check_sn = 3
2026_07_28-18:05:59 [W] [analysis] cv通知下发---serial_number = 3 check_sn = 3
2026_07_28-18:05:59 [D] [<UNNAME>] brake_ctrl=1
2026_07_28-18:06:03 [W] [manage-listenClient] 发送心跳
2026_07_28-18:06:08 [W] [manage-listenClient] 发送心跳
2026_07_28-18:06:13 [W] [manage-listenClient] 发送心跳
2026_07_28-18:06:18 [W] [manage-listenClient] 发送心跳
2026_07_28-18:06:23 [W] [manage-listenClient] 发送心跳
2026_07_28-18:06:28 [W] [manage-listenClient] 发送心跳
2026_07_28-18:06:33 [W] [manage-listenClient] 发送心跳
2026_07_28-18:06:38 [W] [manage-listenClient] 发送心跳
2026_07_28-18:06:43 [W] [manage-listenClient] 发送心跳
2026_07_28-18:06:48 [W] [manage-listenClient] 发送心跳
2026_07_28-18:06:53 [W] [manage-listenClient] 发送心跳
2026_07_28-18:06:58 [W] [manage-listenClient] 发送心跳
2026_07_28-18:07:03 [W] [manage-listenClient] 发送心跳
2026_07_28-18:07:08 [W] [manage-listenClient] 发送心跳
2026_07_28-18:07:13 [W] [manage-listenClient] 发送心跳
2026_07_28-18:07:18 [W] [manage-listenClient] 发送心跳
2026_07_28-18:07:23 [W] [manage-listenClient] 发送心跳
2026_07_28-18:07:28 [W] [manage-listenClient] 发送心跳
2026_07_28-18:07:33 [W] [manage-listenClient] 发送心跳
2026_07_28-18:07:38 [W] [manage-listenClient] 发送心跳
2026_07_28-18:07:43 [W] [manage-listenClient] 发送心跳
2026_07_28-18:07:48 [W] [manage-listenClient] 发送心跳
2026_07_28-18:07:53 [W] [manage-listenClient] 发送心跳
2026_07_28-18:07:58 [W] [manage-listenClient] 发送心跳
2026_07_28-18:08:03 [W] [manage-listenClient] 发送心跳
2026_07_28-18:08:08 [W] [manage-listenClient] 发送心跳
2026_07_28-18:08:13 [W] [manage-listenClient] 发送心跳
2026_07_28-18:08:18 [W] [manage-listenClient] 发送心跳
2026_07_28-18:08:23 [W] [manage-listenClient] 发送心跳
2026_07_28-18:08:28 [W] [manage-listenClient] 发送心跳
2026_07_28-18:08:33 [W] [manage-listenClient] 发送心跳
2026_07_28-18:08:38 [W] [manage-listenClient] 发送心跳
2026_07_28-18:08:43 [W] [manage-listenClient] 发送心跳
2026_07_28-18:08:48 [W] [manage-listenClient] 发送心跳
2026_07_28-18:08:53 [W] [manage-listenClient] 发送心跳
2026_07_28-18:08:58 [W] [manage-listenClient] 发送心跳
2026_07_28-18:09:03 [W] [manage-listenClient] 发送心跳
2026_07_28-18:09:08 [W] [manage-listenClient] 发送心跳
2026_07_28-18:09:13 [W] [manage-listenClient] 发送心跳
2026_07_28-18:09:18 [W] [manage-listenClient] 发送心跳
2026_07_28-18:09:23 [W] [manage-listenClient] 发送心跳
2026_07_28-18:09:28 [W] [manage-listenClient] 发送心跳
2026_07_28-18:09:33 [W] [manage-listenClient] 发送心跳
2026_07_28-18:09:38 [W] [manage-listenClient] 发送心跳
2026_07_28-18:09:43 [W] [manage-listenClient] 发送心跳
2026_07_28-18:09:48 [W] [manage-listenClient] 发送心跳
2026_07_28-18:09:53 [W] [manage-listenClient] 发送心跳
2026_07_28-18:09:58 [W] [manage-listenClient] 发送心跳
2026_07_28-18:10:03 [W] [manage-listenClient] 发送心跳
2026_07_28-18:10:08 [W] [manage-listenClient] 发送心跳
2026_07_28-18:10:13 [W] [manage-listenClient] 发送心跳
2026_07_28-18:10:18 [W] [manage-listenClient] 发送心跳
2026_07_28-18:10:23 [W] [manage-listenClient] 发送心跳
2026_07_28-18:10:28 [W] [manage-listenClient] 发送心跳
2026_07_28-18:10:33 [W] [manage-listenClient] 发送心跳
2026_07_28-18:10:38 [W] [manage-listenClient] 发送心跳
2026_07_28-18:10:43 [W] [manage-listenClient] 发送心跳
2026_07_28-18:10:48 [W] [manage-listenClient] 发送心跳
2026_07_28-18:10:53 [W] [manage-listenClient] 发送心跳
2026_07_28-18:10:58 [W] [manage-listenClient] 发送心跳
2026_07_28-18:11:03 [W] [manage-listenClient] 发送心跳
2026_07_28-18:11:08 [W] [manage-listenClient] 发送心跳
2026_07_28-18:11:13 [W] [manage-listenClient] 发送心跳
2026_07_28-18:11:18 [W] [manage-listenClient] 发送心跳
2026_07_28-18:11:23 [W] [manage-listenClient] 发送心跳
2026_07_28-18:11:28 [W] [manage-listenClient] 发送心跳
2026_07_28-18:11:33 [W] [manage-listenClient] 发送心跳
2026_07_28-18:11:38 [W] [manage-listenClient] 发送心跳
2026_07_28-18:11:43 [W] [manage-listenClient] 发送心跳
2026_07_28-18:11:46 [D] [<UNNAME>] Connection::kConnected
2026_07_28-18:11:47 [W] [analysis] RxFlg.store(1)---serial_number = 73 check_sn = 73
2026_07_28-18:11:47 [W] [analysis] cv通知下发---serial_number = 73 check_sn = 73
2026_07_28-18:11:47 [D] [<UNNAME>] linear_speed=0.000000, angular_speed=0.000000, iscanmove=0
2026_07_28-18:11:47 [D] [<UNNAME>] Connection::kConnected
2026_07_28-18:11:47 [W] [analysis] RxFlg.store(1)---serial_number = 74 check_sn = 74
2026_07_28-18:11:47 [W] [analysis] cv通知下发---serial_number = 74 check_sn = 74
2026_07_28-18:11:47 [D] [<UNNAME>] brake_ctrl=0
