2026_07_31-10:15:10 [D] [<UNNAME>] start init ...
2026_07_31-10:15:10 [D] [<UNNAME>] gmrL3NIiUe7mk2Gv/LbZv6yPs4w+JnpQgKIKDn8/FR/nYMKfKnR93t2jd9VY4qaRhwq9bJUmJ9BN4RYuKnOxUfY=
2026_07_31-10:15:10 [I] [client] socket connect = 1 kConnecting = 0 kConnected = 1 kDisconnecting = 2 kDisconnected = 3
2026_07_31-10:15:10 [W] [manage-CreateClient] 需要创建client Index = 1
2026_07_31-10:15:10 [D] [<UNNAME>] Connection::kConnected
2026_07_31-10:15:10 [W] [analysis] RxFlg.store(1)---serial_number = 0 check_sn = 0
2026_07_31-10:15:10 [W] [analysis] cv通知下发---serial_number = 0 check_sn = 0
2026_07_31-10:15:10 [D] [manage-listenClient] 还未授权成功，请求中
2026_07_31-10:15:10 [D] [<UNNAME>] Connection::kConnected
2026_07_31-10:15:10 [W] [manage-CreateClient] 需要创建client Index = 2
2026_07_31-10:15:10 [W] [analysis] RxFlg.store(1)---serial_number = 1 check_sn = 1
2026_07_31-10:15:10 [W] [analysis] cv通知下发---serial_number = 1 check_sn = 1
2026_07_31-10:15:10 [D] [manage-listenClient] Random: bxMjTE..., VIN: HTWW312510A000123
2026_07_31-10:15:10 [I] [manage-listenClient] License verified successfully for VIN: HTWW312510A000123
2026_07_31-10:15:10 [D] [manage-listenClient] License valid until: 2026-10-15 10:12:20
2026_07_31-10:15:10 [I] [manage-listenClient] License verified successfully for expiry: 1A0A0F0A0C14
2026_07_31-10:15:11 [D] [<UNNAME>] Connection::kConnected
2026_07_31-10:15:11 [W] [analysis] RxFlg.store(1)---serial_number = 2 check_sn = 2
2026_07_31-10:15:11 [W] [analysis] cv通知下发---serial_number = 2 check_sn = 2
2026_07_31-10:15:11 [D] [<UNNAME>] brake_ctrl=1
2026_07_31-10:15:15 [W] [manage-listenClient] 发送心跳
2026_07_31-10:15:20 [W] [manage-listenClient] 发送心跳
2026_07_31-10:15:25 [W] [manage-listenClient] 发送心跳
2026_07_31-10:15:30 [W] [manage-listenClient] 发送心跳
2026_07_31-10:15:35 [W] [manage-listenClient] 发送心跳
2026_07_31-10:15:40 [W] [manage-listenClient] 发送心跳
2026_07_31-10:15:45 [W] [manage-listenClient] 发送心跳
2026_07_31-10:15:50 [W] [manage-listenClient] 发送心跳
2026_07_31-10:15:55 [W] [manage-listenClient] 发送心跳
2026_07_31-10:16:00 [W] [manage-listenClient] 发送心跳
2026_07_31-10:16:05 [W] [manage-listenClient] 发送心跳
2026_07_31-10:16:10 [W] [manage-listenClient] 发送心跳
2026_07_31-10:16:15 [W] [manage-listenClient] 发送心跳
2026_07_31-10:16:20 [W] [manage-listenClient] 发送心跳
2026_07_31-10:16:25 [W] [manage-listenClient] 发送心跳
2026_07_31-10:16:30 [W] [manage-listenClient] 发送心跳
2026_07_31-10:16:35 [W] [manage-listenClient] 发送心跳
2026_07_31-10:16:40 [W] [manage-listenClient] 发送心跳
2026_07_31-10:16:45 [W] [manage-listenClient] 发送心跳
2026_07_31-10:16:49 [W] [manage-listenClient] 发送心跳
2026_07_31-10:16:54 [W] [manage-listenClient] 发送心跳
2026_07_31-10:16:59 [W] [manage-listenClient] 发送心跳
2026_07_31-10:17:04 [W] [manage-listenClient] 发送心跳
2026_07_31-10:17:09 [W] [manage-listenClient] 发送心跳
2026_07_31-10:17:14 [W] [manage-listenClient] 发送心跳
2026_07_31-10:17:19 [W] [manage-listenClient] 发送心跳
2026_07_31-10:17:24 [W] [manage-listenClient] 发送心跳
2026_07_31-10:17:29 [W] [manage-listenClient] 发送心跳
2026_07_31-10:17:34 [W] [manage-listenClient] 发送心跳
2026_07_31-10:17:39 [W] [manage-listenClient] 发送心跳
2026_07_31-10:17:44 [W] [manage-listenClient] 发送心跳
2026_07_31-10:17:49 [W] [manage-listenClient] 发送心跳
2026_07_31-10:17:54 [W] [manage-listenClient] 发送心跳
2026_07_31-10:17:59 [W] [manage-listenClient] 发送心跳
2026_07_31-10:18:04 [W] [manage-listenClient] 发送心跳
2026_07_31-10:18:09 [W] [manage-listenClient] 发送心跳
2026_07_31-10:18:14 [W] [manage-listenClient] 发送心跳
2026_07_31-10:18:19 [W] [manage-listenClient] 发送心跳
2026_07_31-10:18:24 [W] [manage-listenClient] 发送心跳
2026_07_31-10:18:29 [W] [manage-listenClient] 发送心跳
2026_07_31-10:18:34 [W] [manage-listenClient] 发送心跳
2026_07_31-10:18:39 [W] [manage-listenClient] 发送心跳
2026_07_31-10:18:44 [W] [manage-listenClient] 发送心跳
2026_07_31-10:18:49 [W] [manage-listenClient] 发送心跳
2026_07_31-10:18:54 [W] [manage-listenClient] 发送心跳
2026_07_31-10:18:59 [W] [manage-listenClient] 发送心跳
2026_07_31-10:19:04 [W] [manage-listenClient] 发送心跳
2026_07_31-10:19:10 [W] [manage-listenClient] 发送心跳
2026_07_31-10:19:15 [W] [manage-listenClient] 发送心跳
2026_07_31-10:19:20 [W] [manage-listenClient] 发送心跳
2026_07_31-10:19:25 [W] [manage-listenClient] 发送心跳
2026_07_31-10:19:30 [W] [manage-listenClient] 发送心跳
2026_07_31-10:19:35 [W] [manage-listenClient] 发送心跳
2026_07_31-10:19:40 [W] [manage-listenClient] 发送心跳
2026_07_31-10:19:45 [W] [manage-listenClient] 发送心跳
2026_07_31-10:19:50 [W] [manage-listenClient] 发送心跳
2026_07_31-10:19:55 [W] [manage-listenClient] 发送心跳
2026_07_31-10:20:00 [W] [manage-listenClient] 发送心跳
2026_07_31-10:20:05 [W] [manage-listenClient] 发送心跳
2026_07_31-10:20:10 [W] [manage-listenClient] 发送心跳
2026_07_31-10:20:15 [W] [manage-listenClient] 发送心跳
2026_07_31-10:20:20 [W] [manage-listenClient] 发送心跳
2026_07_31-10:20:20 [D] [<UNNAME>] Connection::kConnected
2026_07_31-10:20:20 [W] [analysis] RxFlg.store(1)---serial_number = 65 check_sn = 65
2026_07_31-10:20:20 [W] [analysis] cv通知下发---serial_number = 65 check_sn = 65
2026_07_31-10:20:20 [D] [<UNNAME>] linear_speed=0.000000, angular_speed=0.000000, iscanmove=0
2026_07_31-10:20:20 [D] [<UNNAME>] Connection::kConnected
2026_07_31-10:20:21 [W] [analysis] RxFlg.store(1)---serial_number = 66 check_sn = 66
2026_07_31-10:20:21 [W] [analysis] cv通知下发---serial_number = 66 check_sn = 66
2026_07_31-10:20:21 [D] [<UNNAME>] brake_ctrl=0
