2026_08_04-09:27:25 [D] [<UNNAME>] start init ...
2026_08_04-09:27:25 [D] [<UNNAME>] gmrL3NIiUe7mk2Gv/LbZv6yPs4w+JnpQgKIKDn8/FR/nYMKfKnR93t2jd9VY4qaRhwq9bJUmJ9BN4RYuKnOxUfY=
2026_08_04-09:27:25 [I] [client] socket connect = 1 kConnecting = 0 kConnected = 1 kDisconnecting = 2 kDisconnected = 3
2026_08_04-09:27:25 [W] [manage-CreateClient] 需要创建client Index = 1
2026_08_04-09:27:25 [D] [<UNNAME>] Connection::kConnected
2026_08_04-09:27:25 [W] [analysis] RxFlg.store(1)---serial_number = 0 check_sn = 0
2026_08_04-09:27:25 [W] [analysis] cv通知下发---serial_number = 0 check_sn = 0
2026_08_04-09:27:25 [E] [analysis] [auth=0]:未授权
2026_08_04-09:27:25 [D] [manage-listenClient] 还未授权成功，请求中
2026_08_04-09:27:25 [D] [<UNNAME>] Connection::kConnected
2026_08_04-09:27:25 [W] [manage-CreateClient] 需要创建client Index = 2
2026_08_04-09:27:25 [W] [analysis] RxFlg.store(1)---serial_number = 1 check_sn = 1
2026_08_04-09:27:25 [W] [analysis] cv通知下发---serial_number = 1 check_sn = 1
2026_08_04-09:27:25 [D] [manage-listenClient] Random: bxMjTE..., VIN: HTWW312510A000123
2026_08_04-09:27:25 [I] [manage-listenClient] License verified successfully for VIN: HTWW312510A000123
2026_08_04-09:27:25 [D] [manage-listenClient] License valid until: 2026-10-15 10:12:20
2026_08_04-09:27:25 [I] [manage-listenClient] License verified successfully for expiry: 1A0A0F0A0C14
2026_08_04-09:27:26 [D] [<UNNAME>] Connection::kConnected
2026_08_04-09:27:26 [W] [analysis] RxFlg.store(1)---serial_number = 2 check_sn = 2
2026_08_04-09:27:26 [W] [analysis] cv通知下发---serial_number = 2 check_sn = 2
2026_08_04-09:27:26 [D] [<UNNAME>] brake_ctrl=1
2026_08_04-09:27:30 [W] [manage-listenClient] 发送心跳
2026_08_04-09:27:35 [W] [manage-listenClient] 发送心跳
2026_08_04-09:27:40 [W] [manage-listenClient] 发送心跳
2026_08_04-09:27:45 [W] [manage-listenClient] 发送心跳
2026_08_04-09:27:50 [W] [manage-listenClient] 发送心跳
2026_08_04-09:27:55 [W] [manage-listenClient] 发送心跳
2026_08_04-09:28:00 [W] [manage-listenClient] 发送心跳
2026_08_04-09:28:05 [W] [manage-listenClient] 发送心跳
2026_08_04-09:28:10 [W] [manage-listenClient] 发送心跳
2026_08_04-09:28:15 [W] [manage-listenClient] 发送心跳
2026_08_04-09:28:20 [W] [manage-listenClient] 发送心跳
2026_08_04-09:28:25 [W] [manage-listenClient] 发送心跳
2026_08_04-09:28:30 [W] [manage-listenClient] 发送心跳
2026_08_04-09:28:34 [D] [<UNNAME>] Connection::kConnected
2026_08_04-09:28:35 [W] [analysis] RxFlg.store(1)---serial_number = 16 check_sn = 16
2026_08_04-09:28:35 [W] [analysis] cv通知下发---serial_number = 16 check_sn = 16
2026_08_04-09:28:35 [D] [<UNNAME>] linear_speed=0.000000, angular_speed=0.000000, iscanmove=0
2026_08_04-09:28:35 [D] [<UNNAME>] Connection::kConnected
2026_08_04-09:28:35 [W] [analysis] RxFlg.store(1)---serial_number = 17 check_sn = 17
2026_08_04-09:28:35 [W] [analysis] cv通知下发---serial_number = 17 check_sn = 17
2026_08_04-09:28:35 [D] [<UNNAME>] brake_ctrl=0
2026_08_04-09:28:35 [W] [manage-listenClient] 发送心跳
