2026_08_04-09:29:09 [D] [<UNNAME>] start init ...
2026_08_04-09:29:09 [D] [<UNNAME>] gmrL3NIiUe7mk2Gv/LbZv6yPs4w+JnpQgKIKDn8/FR/nYMKfKnR93t2jd9VY4qaRhwq9bJUmJ9BN4RYuKnOxUfY=
2026_08_04-09:29:09 [I] [client] socket connect = 1 kConnecting = 0 kConnected = 1 kDisconnecting = 2 kDisconnected = 3
2026_08_04-09:29:09 [W] [manage-CreateClient] 需要创建client Index = 1
2026_08_04-09:29:09 [D] [<UNNAME>] Connection::kConnected
2026_08_04-09:29:09 [W] [analysis] RxFlg.store(1)---serial_number = 0 check_sn = 0
2026_08_04-09:29:09 [W] [analysis] cv通知下发---serial_number = 0 check_sn = 0
2026_08_04-09:29:09 [D] [manage-listenClient] 还未授权成功，请求中
2026_08_04-09:29:09 [W] [manage-CreateClient] 需要创建client Index = 2
2026_08_04-09:29:09 [D] [<UNNAME>] Connection::kConnected
2026_08_04-09:29:09 [W] [analysis] RxFlg.store(1)---serial_number = 1 check_sn = 1
2026_08_04-09:29:09 [W] [analysis] cv通知下发---serial_number = 1 check_sn = 1
2026_08_04-09:29:09 [D] [manage-listenClient] Random: bxMjTE..., VIN: HTWW312510A000123
2026_08_04-09:29:09 [I] [manage-listenClient] License verified successfully for VIN: HTWW312510A000123
2026_08_04-09:29:09 [D] [manage-listenClient] License valid until: 2026-10-15 10:12:20
2026_08_04-09:29:09 [I] [manage-listenClient] License verified successfully for expiry: 1A0A0F0A0C14
2026_08_04-09:29:10 [D] [<UNNAME>] Connection::kConnected
2026_08_04-09:29:10 [W] [analysis] RxFlg.store(1)---serial_number = 2 check_sn = 2
2026_08_04-09:29:10 [W] [analysis] cv通知下发---serial_number = 2 check_sn = 2
2026_08_04-09:29:10 [D] [<UNNAME>] brake_ctrl=1
2026_08_04-09:29:14 [W] [manage-listenClient] 发送心跳
2026_08_04-09:29:19 [W] [manage-listenClient] 发送心跳
2026_08_04-09:29:24 [W] [manage-listenClient] 发送心跳
2026_08_04-09:29:29 [W] [manage-listenClient] 发送心跳
2026_08_04-09:29:34 [W] [manage-listenClient] 发送心跳
2026_08_04-09:29:39 [W] [manage-listenClient] 发送心跳
2026_08_04-09:29:44 [W] [manage-listenClient] 发送心跳
2026_08_04-09:29:49 [W] [manage-listenClient] 发送心跳
2026_08_04-09:29:54 [W] [manage-listenClient] 发送心跳
2026_08_04-09:29:59 [W] [manage-listenClient] 发送心跳
2026_08_04-09:30:04 [W] [manage-listenClient] 发送心跳
2026_08_04-09:30:09 [W] [manage-listenClient] 发送心跳
2026_08_04-09:30:14 [W] [manage-listenClient] 发送心跳
2026_08_04-09:30:19 [W] [manage-listenClient] 发送心跳
2026_08_04-09:30:24 [W] [manage-listenClient] 发送心跳
2026_08_04-09:30:29 [W] [manage-listenClient] 发送心跳
2026_08_04-09:30:34 [W] [manage-listenClient] 发送心跳
2026_08_04-09:30:39 [W] [manage-listenClient] 发送心跳
2026_08_04-09:30:44 [W] [manage-listenClient] 发送心跳
2026_08_04-09:30:49 [W] [manage-listenClient] 发送心跳
2026_08_04-09:30:54 [W] [manage-listenClient] 发送心跳
2026_08_04-09:30:59 [W] [manage-listenClient] 发送心跳
2026_08_04-09:31:04 [W] [manage-listenClient] 发送心跳
2026_08_04-09:31:09 [W] [manage-listenClient] 发送心跳
2026_08_04-09:31:14 [W] [manage-listenClient] 发送心跳
2026_08_04-09:31:19 [W] [manage-listenClient] 发送心跳
2026_08_04-09:31:24 [W] [manage-listenClient] 发送心跳
2026_08_04-09:31:29 [W] [manage-listenClient] 发送心跳
2026_08_04-09:31:34 [W] [manage-listenClient] 发送心跳
2026_08_04-09:31:39 [W] [manage-listenClient] 发送心跳
2026_08_04-09:31:44 [W] [manage-listenClient] 发送心跳
2026_08_04-09:31:49 [W] [manage-listenClient] 发送心跳
2026_08_04-09:31:54 [W] [manage-listenClient] 发送心跳
2026_08_04-09:31:59 [W] [manage-listenClient] 发送心跳
2026_08_04-09:32:04 [W] [manage-listenClient] 发送心跳
2026_08_04-09:32:09 [W] [manage-listenClient] 发送心跳
2026_08_04-09:32:14 [W] [manage-listenClient] 发送心跳
2026_08_04-09:32:19 [W] [manage-listenClient] 发送心跳
2026_08_04-09:32:24 [W] [manage-listenClient] 发送心跳
2026_08_04-09:32:29 [W] [manage-listenClient] 发送心跳
2026_08_04-09:32:34 [W] [manage-listenClient] 发送心跳
2026_08_04-09:32:39 [W] [manage-listenClient] 发送心跳
2026_08_04-09:32:44 [W] [manage-listenClient] 发送心跳
2026_08_04-09:32:49 [W] [manage-listenClient] 发送心跳
2026_08_04-09:32:54 [W] [manage-listenClient] 发送心跳
2026_08_04-09:32:59 [W] [manage-listenClient] 发送心跳
2026_08_04-09:33:04 [W] [manage-listenClient] 发送心跳
2026_08_04-09:33:09 [W] [manage-listenClient] 发送心跳
2026_08_04-09:33:14 [W] [manage-listenClient] 发送心跳
2026_08_04-09:33:19 [W] [manage-listenClient] 发送心跳
2026_08_04-09:33:24 [W] [manage-listenClient] 发送心跳
2026_08_04-09:33:29 [W] [manage-listenClient] 发送心跳
2026_08_04-09:33:34 [W] [manage-listenClient] 发送心跳
2026_08_04-09:33:39 [W] [manage-listenClient] 发送心跳
2026_08_04-09:33:44 [W] [manage-listenClient] 发送心跳
2026_08_04-09:33:49 [W] [manage-listenClient] 发送心跳
2026_08_04-09:33:54 [W] [manage-listenClient] 发送心跳
2026_08_04-09:33:59 [W] [manage-listenClient] 发送心跳
2026_08_04-09:34:04 [W] [manage-listenClient] 发送心跳
2026_08_04-09:34:09 [W] [manage-listenClient] 发送心跳
2026_08_04-09:34:14 [W] [manage-listenClient] 发送心跳
2026_08_04-09:34:19 [W] [manage-listenClient] 发送心跳
2026_08_04-09:34:24 [W] [manage-listenClient] 发送心跳
2026_08_04-09:34:29 [W] [manage-listenClient] 发送心跳
2026_08_04-09:34:34 [W] [manage-listenClient] 发送心跳
2026_08_04-09:34:39 [W] [manage-listenClient] 发送心跳
2026_08_04-09:34:44 [W] [manage-listenClient] 发送心跳
2026_08_04-09:34:49 [W] [manage-listenClient] 发送心跳
2026_08_04-09:34:54 [W] [manage-listenClient] 发送心跳
2026_08_04-09:34:59 [W] [manage-listenClient] 发送心跳
2026_08_04-09:35:04 [W] [manage-listenClient] 发送心跳
2026_08_04-09:35:09 [W] [manage-listenClient] 发送心跳
2026_08_04-09:35:14 [W] [manage-listenClient] 发送心跳
2026_08_04-09:35:19 [W] [manage-listenClient] 发送心跳
2026_08_04-09:35:24 [W] [manage-listenClient] 发送心跳
2026_08_04-09:35:29 [W] [manage-listenClient] 发送心跳
2026_08_04-09:35:34 [W] [manage-listenClient] 发送心跳
2026_08_04-09:35:39 [W] [manage-listenClient] 发送心跳
2026_08_04-09:35:44 [W] [manage-listenClient] 发送心跳
2026_08_04-09:35:49 [W] [manage-listenClient] 发送心跳
2026_08_04-09:35:54 [W] [manage-listenClient] 发送心跳
2026_08_04-09:35:59 [W] [manage-listenClient] 发送心跳
2026_08_04-09:36:04 [W] [manage-listenClient] 发送心跳
2026_08_04-09:36:09 [W] [manage-listenClient] 发送心跳
2026_08_04-09:36:14 [W] [manage-listenClient] 发送心跳
2026_08_04-09:36:19 [W] [manage-listenClient] 发送心跳
2026_08_04-09:36:24 [W] [manage-listenClient] 发送心跳
2026_08_04-09:36:29 [W] [manage-listenClient] 发送心跳
2026_08_04-09:36:34 [W] [manage-listenClient] 发送心跳
2026_08_04-09:36:39 [W] [manage-listenClient] 发送心跳
2026_08_04-09:36:44 [W] [manage-listenClient] 发送心跳
2026_08_04-09:36:49 [W] [manage-listenClient] 发送心跳
2026_08_04-09:36:54 [W] [manage-listenClient] 发送心跳
2026_08_04-09:36:59 [W] [manage-listenClient] 发送心跳
2026_08_04-09:37:04 [W] [manage-listenClient] 发送心跳
2026_08_04-09:37:09 [W] [manage-listenClient] 发送心跳
2026_08_04-09:37:14 [W] [manage-listenClient] 发送心跳
2026_08_04-09:37:19 [W] [manage-listenClient] 发送心跳
2026_08_04-09:37:24 [W] [manage-listenClient] 发送心跳
2026_08_04-09:37:29 [W] [manage-listenClient] 发送心跳
2026_08_04-09:37:34 [W] [manage-listenClient] 发送心跳
2026_08_04-09:37:40 [W] [manage-listenClient] 发送心跳
2026_08_04-09:37:44 [W] [manage-listenClient] 发送心跳
2026_08_04-09:37:50 [W] [manage-listenClient] 发送心跳
2026_08_04-09:37:55 [W] [manage-listenClient] 发送心跳
2026_08_04-09:38:00 [W] [manage-listenClient] 发送心跳
2026_08_04-09:38:05 [W] [manage-listenClient] 发送心跳
2026_08_04-09:38:10 [W] [manage-listenClient] 发送心跳
2026_08_04-09:38:15 [W] [manage-listenClient] 发送心跳
2026_08_04-09:38:20 [W] [manage-listenClient] 发送心跳
2026_08_04-09:38:25 [W] [manage-listenClient] 发送心跳
2026_08_04-09:38:30 [W] [manage-listenClient] 发送心跳
2026_08_04-09:38:35 [W] [manage-listenClient] 发送心跳
2026_08_04-09:38:40 [W] [manage-listenClient] 发送心跳
2026_08_04-09:38:45 [W] [manage-listenClient] 发送心跳
2026_08_04-09:38:50 [W] [manage-listenClient] 发送心跳
2026_08_04-09:38:55 [W] [manage-listenClient] 发送心跳
2026_08_04-09:39:00 [W] [manage-listenClient] 发送心跳
2026_08_04-09:39:05 [W] [manage-listenClient] 发送心跳
2026_08_04-09:39:10 [W] [manage-listenClient] 发送心跳
2026_08_04-09:39:10 [D] [client] disconnect from 192.168.10.1:8090
2026_08_04-09:39:10 [I] [client] socket close = 3
2026_08_04-09:39:10 [W] [manage-listenClient] 断联：开始释放资源
2026_08_04-09:39:10 [W] [manage-listenClient] ClientQue.front()->getClientID() = 1,CurClientID.load() = 0
2026_08_04-09:39:10 [I] [client] socket connect = 1 kConnecting = 0 kConnected = 1 kDisconnecting = 2 kDisconnected = 3
2026_08_04-09:39:10 [W] [manage-CreateClient] 需要创建client Index = 3
2026_08_04-09:39:10 [D] [<UNNAME>] Connection::kConnected
2026_08_04-09:39:11 [W] [analysis] RxFlg.store(1)---serial_number = 123 check_sn = 123
2026_08_04-09:39:11 [W] [analysis] cv通知下发---serial_number = 123 check_sn = 123
2026_08_04-09:39:11 [D] [manage-listenClient] 已经授权成功，重复验证授权码
2026_08_04-09:39:11 [D] [manage-listenClient] Random: bxMjTE..., VIN: HTWW312510A000123
2026_08_04-09:39:11 [I] [manage-listenClient] License verified successfully for VIN: HTWW312510A000123
2026_08_04-09:39:11 [D] [manage-listenClient] License valid until: 2026-10-15 10:12:20
2026_08_04-09:39:11 [I] [manage-listenClient] License verified successfully for expiry: 1A0A0F0A0C14
2026_08_04-09:39:15 [W] [manage-listenClient] 发送心跳
2026_08_04-09:39:20 [W] [manage-listenClient] 发送心跳
2026_08_04-09:39:25 [W] [manage-listenClient] 发送心跳
2026_08_04-09:39:30 [W] [manage-listenClient] 发送心跳
2026_08_04-09:39:35 [W] [manage-listenClient] 发送心跳
2026_08_04-09:39:40 [W] [manage-listenClient] 发送心跳
2026_08_04-09:39:45 [W] [manage-listenClient] 发送心跳
2026_08_04-09:39:50 [W] [manage-listenClient] 发送心跳
2026_08_04-09:39:55 [W] [manage-listenClient] 发送心跳
2026_08_04-09:40:00 [W] [manage-listenClient] 发送心跳
2026_08_04-09:40:05 [W] [manage-listenClient] 发送心跳
2026_08_04-09:40:10 [W] [manage-listenClient] 发送心跳
2026_08_04-09:40:15 [W] [manage-listenClient] 发送心跳
2026_08_04-09:40:20 [W] [manage-listenClient] 发送心跳
2026_08_04-09:40:25 [W] [manage-listenClient] 发送心跳
2026_08_04-09:40:30 [W] [manage-listenClient] 发送心跳
2026_08_04-09:40:35 [W] [manage-listenClient] 发送心跳
2026_08_04-09:40:40 [W] [manage-listenClient] 发送心跳
2026_08_04-09:40:45 [W] [manage-listenClient] 发送心跳
2026_08_04-09:40:56 [W] [manage-listenClient] 发送心跳
2026_08_04-09:41:22 [W] [manage-listenClient] 发送心跳
2026_08_04-09:41:27 [W] [manage-listenClient] 发送心跳
2026_08_04-09:41:32 [W] [manage-listenClient] 发送心跳
2026_08_04-09:41:37 [W] [manage-listenClient] 发送心跳
2026_08_04-09:41:42 [W] [manage-listenClient] 发送心跳
2026_08_04-09:41:47 [W] [manage-listenClient] 发送心跳
2026_08_04-09:41:52 [W] [manage-listenClient] 发送心跳
2026_08_04-09:41:57 [W] [manage-listenClient] 发送心跳
2026_08_04-09:42:02 [W] [manage-listenClient] 发送心跳
2026_08_04-09:42:07 [W] [manage-listenClient] 发送心跳
2026_08_04-09:42:12 [W] [manage-listenClient] 发送心跳
2026_08_04-09:42:17 [W] [manage-listenClient] 发送心跳
2026_08_04-09:42:22 [W] [manage-listenClient] 发送心跳
2026_08_04-09:42:27 [W] [manage-listenClient] 发送心跳
2026_08_04-09:42:32 [W] [manage-listenClient] 发送心跳
2026_08_04-09:42:37 [W] [manage-listenClient] 发送心跳
2026_08_04-09:42:42 [W] [manage-listenClient] 发送心跳
2026_08_04-09:42:47 [W] [manage-listenClient] 发送心跳
2026_08_04-09:42:52 [W] [manage-listenClient] 发送心跳
2026_08_04-09:42:57 [W] [manage-listenClient] 发送心跳
2026_08_04-09:43:02 [W] [manage-listenClient] 发送心跳
2026_08_04-09:43:07 [W] [manage-listenClient] 发送心跳
2026_08_04-09:43:12 [W] [manage-listenClient] 发送心跳
2026_08_04-09:43:17 [W] [manage-listenClient] 发送心跳
2026_08_04-09:43:22 [W] [manage-listenClient] 发送心跳
2026_08_04-09:43:27 [W] [manage-listenClient] 发送心跳
2026_08_04-09:43:32 [W] [manage-listenClient] 发送心跳
2026_08_04-09:43:37 [W] [manage-listenClient] 发送心跳
2026_08_04-09:43:42 [W] [manage-listenClient] 发送心跳
2026_08_04-09:43:47 [W] [manage-listenClient] 发送心跳
2026_08_04-09:43:52 [W] [manage-listenClient] 发送心跳
2026_08_04-09:43:57 [W] [manage-listenClient] 发送心跳
2026_08_04-09:44:02 [W] [manage-listenClient] 发送心跳
2026_08_04-09:44:07 [W] [manage-listenClient] 发送心跳
2026_08_04-09:44:12 [W] [manage-listenClient] 发送心跳
2026_08_04-09:44:17 [W] [manage-listenClient] 发送心跳
2026_08_04-09:44:22 [W] [manage-listenClient] 发送心跳
2026_08_04-09:44:27 [W] [manage-listenClient] 发送心跳
2026_08_04-09:44:32 [W] [manage-listenClient] 发送心跳
2026_08_04-09:44:37 [W] [manage-listenClient] 发送心跳
2026_08_04-09:44:42 [W] [manage-listenClient] 发送心跳
2026_08_04-09:44:47 [W] [manage-listenClient] 发送心跳
2026_08_04-09:44:52 [W] [manage-listenClient] 发送心跳
2026_08_04-09:44:57 [W] [manage-listenClient] 发送心跳
2026_08_04-09:45:02 [W] [manage-listenClient] 发送心跳
2026_08_04-09:45:07 [W] [manage-listenClient] 发送心跳
2026_08_04-09:45:12 [W] [manage-listenClient] 发送心跳
2026_08_04-09:45:17 [W] [manage-listenClient] 发送心跳
2026_08_04-09:45:22 [W] [manage-listenClient] 发送心跳
2026_08_04-09:45:27 [W] [manage-listenClient] 发送心跳
2026_08_04-09:45:32 [W] [manage-listenClient] 发送心跳
2026_08_04-09:45:37 [W] [manage-listenClient] 发送心跳
2026_08_04-09:45:42 [W] [manage-listenClient] 发送心跳
2026_08_04-09:45:47 [W] [manage-listenClient] 发送心跳
2026_08_04-09:45:52 [W] [manage-listenClient] 发送心跳
2026_08_04-09:45:57 [W] [manage-listenClient] 发送心跳
2026_08_04-09:46:02 [W] [manage-listenClient] 发送心跳
2026_08_04-09:46:07 [W] [manage-listenClient] 发送心跳
2026_08_04-09:46:12 [W] [manage-listenClient] 发送心跳
2026_08_04-09:46:17 [W] [manage-listenClient] 发送心跳
2026_08_04-09:46:22 [W] [manage-listenClient] 发送心跳
2026_08_04-09:46:27 [W] [manage-listenClient] 发送心跳
2026_08_04-09:46:32 [W] [manage-listenClient] 发送心跳
2026_08_04-09:46:37 [W] [manage-listenClient] 发送心跳
2026_08_04-09:46:42 [W] [manage-listenClient] 发送心跳
2026_08_04-09:46:47 [W] [manage-listenClient] 发送心跳
2026_08_04-09:46:52 [W] [manage-listenClient] 发送心跳
2026_08_04-09:46:57 [W] [manage-listenClient] 发送心跳
2026_08_04-09:47:02 [W] [manage-listenClient] 发送心跳
2026_08_04-09:47:07 [W] [manage-listenClient] 发送心跳
2026_08_04-09:47:12 [W] [manage-listenClient] 发送心跳
2026_08_04-09:47:17 [W] [manage-listenClient] 发送心跳
2026_08_04-09:47:22 [W] [manage-listenClient] 发送心跳
2026_08_04-09:47:27 [W] [manage-listenClient] 发送心跳
2026_08_04-09:47:32 [W] [manage-listenClient] 发送心跳
2026_08_04-09:47:37 [W] [manage-listenClient] 发送心跳
2026_08_04-09:47:42 [W] [manage-listenClient] 发送心跳
2026_08_04-09:47:47 [W] [manage-listenClient] 发送心跳
2026_08_04-09:47:52 [W] [manage-listenClient] 发送心跳
2026_08_04-09:47:57 [W] [manage-listenClient] 发送心跳
2026_08_04-09:48:02 [W] [manage-listenClient] 发送心跳
2026_08_04-09:48:07 [W] [manage-listenClient] 发送心跳
2026_08_04-09:48:12 [W] [manage-listenClient] 发送心跳
2026_08_04-09:48:17 [W] [manage-listenClient] 发送心跳
2026_08_04-09:48:22 [W] [manage-listenClient] 发送心跳
2026_08_04-09:48:27 [W] [manage-listenClient] 发送心跳
2026_08_04-09:48:32 [W] [manage-listenClient] 发送心跳
2026_08_04-09:48:37 [W] [manage-listenClient] 发送心跳
2026_08_04-09:48:42 [W] [manage-listenClient] 发送心跳
2026_08_04-09:48:47 [W] [manage-listenClient] 发送心跳
2026_08_04-09:48:52 [W] [manage-listenClient] 发送心跳
2026_08_04-09:48:57 [W] [manage-listenClient] 发送心跳
2026_08_04-09:49:02 [W] [manage-listenClient] 发送心跳
2026_08_04-09:49:07 [W] [manage-listenClient] 发送心跳
2026_08_04-09:49:10 [D] [client] disconnect from 192.168.10.1:8090
2026_08_04-09:49:10 [I] [client] socket close = 3
2026_08_04-09:49:10 [W] [manage-listenClient] 断联：开始释放资源
2026_08_04-09:49:10 [W] [manage-listenClient] ClientQue.front()->getClientID() = 2,CurClientID.load() = 1
2026_08_04-09:49:10 [I] [client] socket connect = 1 kConnecting = 0 kConnected = 1 kDisconnecting = 2 kDisconnected = 3
2026_08_04-09:49:11 [W] [manage-CreateClient] 需要创建client Index = 4
2026_08_04-09:49:11 [D] [<UNNAME>] Connection::kConnected
2026_08_04-09:49:11 [W] [analysis] RxFlg.store(1)---serial_number = 238 check_sn = 238
2026_08_04-09:49:11 [W] [analysis] cv通知下发---serial_number = 238 check_sn = 238
2026_08_04-09:49:11 [D] [manage-listenClient] 已经授权成功，重复验证授权码
2026_08_04-09:49:11 [D] [manage-listenClient] Random: bxMjTE..., VIN: HTWW312510A000123
2026_08_04-09:49:11 [I] [manage-listenClient] License verified successfully for VIN: HTWW312510A000123
2026_08_04-09:49:11 [D] [manage-listenClient] License valid until: 2026-10-15 10:12:20
2026_08_04-09:49:11 [I] [manage-listenClient] License verified successfully for expiry: 1A0A0F0A0C14
2026_08_04-09:49:12 [W] [manage-listenClient] 发送心跳
2026_08_04-09:49:17 [W] [manage-listenClient] 发送心跳
2026_08_04-09:49:22 [W] [manage-listenClient] 发送心跳
2026_08_04-09:49:27 [W] [manage-listenClient] 发送心跳
2026_08_04-09:49:32 [W] [manage-listenClient] 发送心跳
2026_08_04-09:49:37 [W] [manage-listenClient] 发送心跳
2026_08_04-09:49:42 [W] [manage-listenClient] 发送心跳
2026_08_04-09:49:47 [W] [manage-listenClient] 发送心跳
2026_08_04-09:49:52 [W] [manage-listenClient] 发送心跳
2026_08_04-09:49:57 [W] [manage-listenClient] 发送心跳
2026_08_04-09:50:02 [W] [manage-listenClient] 发送心跳
2026_08_04-09:50:07 [W] [manage-listenClient] 发送心跳
2026_08_04-09:50:13 [W] [manage-listenClient] 发送心跳
2026_08_04-09:50:18 [W] [manage-listenClient] 发送心跳
2026_08_04-09:50:23 [W] [manage-listenClient] 发送心跳
2026_08_04-09:50:28 [W] [manage-listenClient] 发送心跳
2026_08_04-09:50:33 [W] [manage-listenClient] 发送心跳
2026_08_04-09:50:38 [W] [manage-listenClient] 发送心跳
2026_08_04-09:50:43 [W] [manage-listenClient] 发送心跳
2026_08_04-09:50:48 [W] [manage-listenClient] 发送心跳
2026_08_04-09:50:53 [W] [manage-listenClient] 发送心跳
2026_08_04-09:50:58 [W] [manage-listenClient] 发送心跳
2026_08_04-09:51:03 [W] [manage-listenClient] 发送心跳
2026_08_04-09:51:08 [W] [manage-listenClient] 发送心跳
2026_08_04-09:51:13 [W] [manage-listenClient] 发送心跳
2026_08_04-09:51:18 [W] [manage-listenClient] 发送心跳
2026_08_04-09:51:23 [W] [manage-listenClient] 发送心跳
2026_08_04-09:51:28 [W] [manage-listenClient] 发送心跳
2026_08_04-09:51:31 [D] [<UNNAME>] Connection::kConnected
2026_08_04-09:51:31 [W] [analysis] RxFlg.store(1)---serial_number = 267 check_sn = 267
2026_08_04-09:51:31 [W] [analysis] cv通知下发---serial_number = 267 check_sn = 267
2026_08_04-09:51:31 [D] [<UNNAME>] linear_speed=0.000000, angular_speed=0.000000, iscanmove=0
2026_08_04-09:51:31 [D] [<UNNAME>] Connection::kConnected
2026_08_04-09:51:31 [W] [analysis] RxFlg.store(1)---serial_number = 268 check_sn = 268
2026_08_04-09:51:31 [W] [analysis] cv通知下发---serial_number = 268 check_sn = 268
2026_08_04-09:51:31 [D] [<UNNAME>] brake_ctrl=0
