2026_07_30-17:31:50 [D] [<UNNAME>] start init ...
2026_07_30-17:31:50 [D] [<UNNAME>] gmrL3NIiUe7mk2Gv/LbZv6yPs4w+JnpQgKIKDn8/FR/nYMKfKnR93t2jd9VY4qaRhwq9bJUmJ9BN4RYuKnOxUfY=
2026_07_30-17:31:50 [I] [client] socket connect = 1 kConnecting = 0 kConnected = 1 kDisconnecting = 2 kDisconnected = 3
2026_07_30-17:31:50 [W] [manage-CreateClient] 需要创建client Index = 1
2026_07_30-17:31:50 [D] [<UNNAME>] Connection::kConnected
2026_07_30-17:31:51 [W] [analysis] RxFlg.store(1)---serial_number = 0 check_sn = 0
2026_07_30-17:31:51 [W] [analysis] cv通知下发---serial_number = 0 check_sn = 0
2026_07_30-17:31:51 [D] [manage-listenClient] 还未授权成功，请求中
2026_07_30-17:31:51 [W] [manage-CreateClient] 需要创建client Index = 2
2026_07_30-17:31:51 [D] [<UNNAME>] Connection::kConnected
2026_07_30-17:31:51 [W] [analysis] RxFlg.store(1)---serial_number = 1 check_sn = 1
2026_07_30-17:31:51 [W] [analysis] cv通知下发---serial_number = 1 check_sn = 1
2026_07_30-17:31:51 [D] [manage-listenClient] Random: bxMjTE..., VIN: HTWW312510A000123
2026_07_30-17:31:51 [I] [manage-listenClient] License verified successfully for VIN: HTWW312510A000123
2026_07_30-17:31:51 [D] [manage-listenClient] License valid until: 2026-10-15 10:12:20
2026_07_30-17:31:51 [I] [manage-listenClient] License verified successfully for expiry: 1A0A0F0A0C14
2026_07_30-17:31:52 [D] [<UNNAME>] Connection::kConnected
2026_07_30-17:31:52 [W] [analysis] RxFlg.store(1)---serial_number = 2 check_sn = 2
2026_07_30-17:31:52 [W] [analysis] cv通知下发---serial_number = 2 check_sn = 2
2026_07_30-17:31:52 [D] [<UNNAME>] brake_ctrl=1
2026_07_30-17:31:55 [W] [manage-listenClient] 发送心跳
2026_07_30-17:32:00 [W] [manage-listenClient] 发送心跳
2026_07_30-17:32:05 [W] [manage-listenClient] 发送心跳
2026_07_30-17:32:10 [W] [manage-listenClient] 发送心跳
2026_07_30-17:32:15 [W] [manage-listenClient] 发送心跳
2026_07_30-17:32:20 [W] [manage-listenClient] 发送心跳
2026_07_30-17:32:25 [W] [manage-listenClient] 发送心跳
2026_07_30-17:32:30 [W] [manage-listenClient] 发送心跳
2026_07_30-17:32:35 [W] [manage-listenClient] 发送心跳
2026_07_30-17:32:40 [W] [manage-listenClient] 发送心跳
2026_07_30-17:32:45 [W] [manage-listenClient] 发送心跳
2026_07_30-17:32:51 [W] [manage-listenClient] 发送心跳
2026_07_30-17:32:56 [W] [manage-listenClient] 发送心跳
2026_07_30-17:33:01 [W] [manage-listenClient] 发送心跳
2026_07_30-17:33:06 [W] [manage-listenClient] 发送心跳
2026_07_30-17:33:11 [W] [manage-listenClient] 发送心跳
2026_07_30-17:33:16 [W] [manage-listenClient] 发送心跳
2026_07_30-17:33:21 [W] [manage-listenClient] 发送心跳
2026_07_30-17:33:26 [W] [manage-listenClient] 发送心跳
2026_07_30-17:33:31 [W] [manage-listenClient] 发送心跳
2026_07_30-17:33:36 [W] [manage-listenClient] 发送心跳
2026_07_30-17:33:41 [W] [manage-listenClient] 发送心跳
2026_07_30-17:33:46 [W] [manage-listenClient] 发送心跳
2026_07_30-17:33:46 [D] [<UNNAME>] Connection::kConnected
2026_07_30-17:33:47 [W] [analysis] RxFlg.store(1)---serial_number = 26 check_sn = 26
2026_07_30-17:33:47 [W] [analysis] cv通知下发---serial_number = 26 check_sn = 26
2026_07_30-17:33:47 [D] [<UNNAME>] linear_speed=0.000000, angular_speed=0.000000, iscanmove=0
2026_07_30-17:33:47 [D] [<UNNAME>] Connection::kConnected
2026_07_30-17:33:47 [W] [analysis] RxFlg.store(1)---serial_number = 27 check_sn = 27
2026_07_30-17:33:47 [W] [analysis] cv通知下发---serial_number = 27 check_sn = 27
2026_07_30-17:33:47 [D] [<UNNAME>] brake_ctrl=0
