2026_07_30-09:42:52 [D] [<UNNAME>] start init ...
2026_07_30-09:42:52 [D] [<UNNAME>] gmrL3NIiUe7mk2Gv/LbZv6yPs4w+JnpQgKIKDn8/FR/nYMKfKnR93t2jd9VY4qaRhwq9bJUmJ9BN4RYuKnOxUfY=
2026_07_30-09:42:52 [I] [client] socket connect = 1 kConnecting = 0 kConnected = 1 kDisconnecting = 2 kDisconnected = 3
2026_07_30-09:42:52 [W] [manage-CreateClient] 需要创建client Index = 1
2026_07_30-09:42:52 [D] [<UNNAME>] Connection::kConnected
2026_07_30-09:42:53 [W] [analysis] RxFlg.store(1)---serial_number = 0 check_sn = 0
2026_07_30-09:42:53 [W] [analysis] cv通知下发---serial_number = 0 check_sn = 0
2026_07_30-09:42:53 [D] [manage-listenClient] 还未授权成功，请求中
2026_07_30-09:42:53 [D] [<UNNAME>] Connection::kConnected
2026_07_30-09:42:53 [W] [manage-CreateClient] 需要创建client Index = 2
2026_07_30-09:42:53 [W] [analysis] RxFlg.store(1)---serial_number = 1 check_sn = 1
2026_07_30-09:42:53 [W] [analysis] cv通知下发---serial_number = 1 check_sn = 1
2026_07_30-09:42:53 [D] [manage-listenClient] Random: bxMjTE..., VIN: HTWW312510A000123
2026_07_30-09:42:53 [I] [manage-listenClient] License verified successfully for VIN: HTWW312510A000123
2026_07_30-09:42:53 [D] [manage-listenClient] License valid until: 2026-10-15 10:12:20
2026_07_30-09:42:53 [I] [manage-listenClient] License verified successfully for expiry: 1A0A0F0A0C14
2026_07_30-09:42:53 [D] [<UNNAME>] Connection::kConnected
2026_07_30-09:42:53 [W] [analysis] RxFlg.store(1)---serial_number = 2 check_sn = 2
2026_07_30-09:42:53 [W] [analysis] cv通知下发---serial_number = 2 check_sn = 2
2026_07_30-09:42:53 [D] [<UNNAME>] brake_ctrl=1
2026_07_30-09:42:57 [W] [manage-listenClient] 发送心跳
2026_07_30-09:43:02 [W] [manage-listenClient] 发送心跳
2026_07_30-09:43:07 [W] [manage-listenClient] 发送心跳
2026_07_30-09:43:12 [W] [manage-listenClient] 发送心跳
2026_07_30-09:43:17 [W] [manage-listenClient] 发送心跳
2026_07_30-09:43:22 [W] [manage-listenClient] 发送心跳
2026_07_30-09:43:27 [W] [manage-listenClient] 发送心跳
2026_07_30-09:43:32 [W] [manage-listenClient] 发送心跳
2026_07_30-09:43:37 [W] [manage-listenClient] 发送心跳
2026_07_30-09:43:42 [W] [manage-listenClient] 发送心跳
2026_07_30-09:43:47 [W] [manage-listenClient] 发送心跳
2026_07_30-09:43:52 [W] [manage-listenClient] 发送心跳
2026_07_30-09:43:57 [W] [manage-listenClient] 发送心跳
2026_07_30-09:44:02 [W] [manage-listenClient] 发送心跳
2026_07_30-09:44:07 [W] [manage-listenClient] 发送心跳
2026_07_30-09:44:12 [W] [manage-listenClient] 发送心跳
2026_07_30-09:44:17 [W] [manage-listenClient] 发送心跳
2026_07_30-09:44:22 [W] [manage-listenClient] 发送心跳
2026_07_30-09:44:27 [W] [manage-listenClient] 发送心跳
2026_07_30-09:44:32 [W] [manage-listenClient] 发送心跳
2026_07_30-09:44:38 [W] [manage-listenClient] 发送心跳
2026_07_30-09:44:43 [W] [manage-listenClient] 发送心跳
2026_07_30-09:44:48 [W] [manage-listenClient] 发送心跳
2026_07_30-09:44:53 [W] [manage-listenClient] 发送心跳
2026_07_30-09:44:58 [W] [manage-listenClient] 发送心跳
2026_07_30-09:45:03 [W] [manage-listenClient] 发送心跳
2026_07_30-09:45:08 [W] [manage-listenClient] 发送心跳
2026_07_30-09:45:13 [W] [manage-listenClient] 发送心跳
2026_07_30-09:45:18 [W] [manage-listenClient] 发送心跳
2026_07_30-09:45:23 [W] [manage-listenClient] 发送心跳
2026_07_30-09:45:28 [W] [manage-listenClient] 发送心跳
2026_07_30-09:45:33 [W] [manage-listenClient] 发送心跳
2026_07_30-09:45:38 [W] [manage-listenClient] 发送心跳
2026_07_30-09:45:43 [W] [manage-listenClient] 发送心跳
2026_07_30-09:45:48 [W] [manage-listenClient] 发送心跳
2026_07_30-09:45:53 [W] [manage-listenClient] 发送心跳
2026_07_30-09:45:58 [W] [manage-listenClient] 发送心跳
2026_07_30-09:46:03 [W] [manage-listenClient] 发送心跳
2026_07_30-09:46:08 [W] [manage-listenClient] 发送心跳
2026_07_30-09:46:13 [W] [manage-listenClient] 发送心跳
2026_07_30-09:46:18 [W] [manage-listenClient] 发送心跳
2026_07_30-09:46:23 [W] [manage-listenClient] 发送心跳
2026_07_30-09:46:28 [W] [manage-listenClient] 发送心跳
2026_07_30-09:46:33 [W] [manage-listenClient] 发送心跳
2026_07_30-09:46:38 [W] [manage-listenClient] 发送心跳
2026_07_30-09:46:43 [W] [manage-listenClient] 发送心跳
2026_07_30-09:46:48 [W] [manage-listenClient] 发送心跳
2026_07_30-09:46:53 [W] [manage-listenClient] 发送心跳
2026_07_30-09:46:58 [W] [manage-listenClient] 发送心跳
2026_07_30-09:47:03 [W] [manage-listenClient] 发送心跳
2026_07_30-09:47:08 [W] [manage-listenClient] 发送心跳
2026_07_30-09:47:13 [W] [manage-listenClient] 发送心跳
2026_07_30-09:47:18 [W] [manage-listenClient] 发送心跳
2026_07_30-09:47:23 [W] [manage-listenClient] 发送心跳
2026_07_30-09:47:28 [W] [manage-listenClient] 发送心跳
2026_07_30-09:47:33 [W] [manage-listenClient] 发送心跳
2026_07_30-09:47:38 [W] [manage-listenClient] 发送心跳
2026_07_30-09:47:43 [W] [manage-listenClient] 发送心跳
2026_07_30-09:47:48 [W] [manage-listenClient] 发送心跳
2026_07_30-09:47:53 [W] [manage-listenClient] 发送心跳
2026_07_30-09:47:58 [W] [manage-listenClient] 发送心跳
2026_07_30-09:48:03 [W] [manage-listenClient] 发送心跳
2026_07_30-09:48:08 [W] [manage-listenClient] 发送心跳
2026_07_30-09:48:13 [W] [manage-listenClient] 发送心跳
2026_07_30-09:48:18 [W] [manage-listenClient] 发送心跳
2026_07_30-09:48:23 [W] [manage-listenClient] 发送心跳
2026_07_30-09:48:28 [W] [manage-listenClient] 发送心跳
2026_07_30-09:48:33 [W] [manage-listenClient] 发送心跳
2026_07_30-09:48:38 [W] [manage-listenClient] 发送心跳
2026_07_30-09:48:43 [W] [manage-listenClient] 发送心跳
2026_07_30-09:48:48 [W] [manage-listenClient] 发送心跳
2026_07_30-09:48:53 [W] [manage-listenClient] 发送心跳
2026_07_30-09:48:58 [W] [manage-listenClient] 发送心跳
2026_07_30-09:49:03 [W] [manage-listenClient] 发送心跳
2026_07_30-09:49:08 [W] [manage-listenClient] 发送心跳
2026_07_30-09:49:13 [W] [manage-listenClient] 发送心跳
2026_07_30-09:49:18 [W] [manage-listenClient] 发送心跳
2026_07_30-09:49:23 [W] [manage-listenClient] 发送心跳
2026_07_30-09:49:28 [W] [manage-listenClient] 发送心跳
2026_07_30-09:49:33 [W] [manage-listenClient] 发送心跳
2026_07_30-09:49:38 [W] [manage-listenClient] 发送心跳
2026_07_30-09:49:43 [W] [manage-listenClient] 发送心跳
2026_07_30-09:49:48 [W] [manage-listenClient] 发送心跳
2026_07_30-09:49:53 [W] [manage-listenClient] 发送心跳
2026_07_30-09:49:58 [W] [manage-listenClient] 发送心跳
2026_07_30-09:50:03 [W] [manage-listenClient] 发送心跳
2026_07_30-09:50:08 [W] [manage-listenClient] 发送心跳
2026_07_30-09:50:13 [W] [manage-listenClient] 发送心跳
2026_07_30-09:50:18 [W] [manage-listenClient] 发送心跳
2026_07_30-09:50:23 [W] [manage-listenClient] 发送心跳
2026_07_30-09:50:28 [W] [manage-listenClient] 发送心跳
2026_07_30-09:50:33 [W] [manage-listenClient] 发送心跳
2026_07_30-09:50:38 [W] [manage-listenClient] 发送心跳
2026_07_30-09:50:43 [W] [manage-listenClient] 发送心跳
2026_07_30-09:50:48 [W] [manage-listenClient] 发送心跳
2026_07_30-09:50:53 [W] [manage-listenClient] 发送心跳
2026_07_30-09:50:58 [W] [manage-listenClient] 发送心跳
2026_07_30-09:51:03 [W] [manage-listenClient] 发送心跳
2026_07_30-09:51:08 [W] [manage-listenClient] 发送心跳
2026_07_30-09:51:13 [W] [manage-listenClient] 发送心跳
2026_07_30-09:51:18 [W] [manage-listenClient] 发送心跳
2026_07_30-09:51:23 [W] [manage-listenClient] 发送心跳
2026_07_30-09:51:28 [W] [manage-listenClient] 发送心跳
2026_07_30-09:51:33 [W] [manage-listenClient] 发送心跳
2026_07_30-09:51:38 [W] [manage-listenClient] 发送心跳
2026_07_30-09:51:43 [W] [manage-listenClient] 发送心跳
2026_07_30-09:51:48 [W] [manage-listenClient] 发送心跳
2026_07_30-09:51:53 [W] [manage-listenClient] 发送心跳
2026_07_30-09:51:58 [W] [manage-listenClient] 发送心跳
2026_07_30-09:52:03 [W] [manage-listenClient] 发送心跳
2026_07_30-09:52:08 [W] [manage-listenClient] 发送心跳
2026_07_30-09:52:13 [W] [manage-listenClient] 发送心跳
2026_07_30-09:52:18 [W] [manage-listenClient] 发送心跳
2026_07_30-09:52:23 [W] [manage-listenClient] 发送心跳
2026_07_30-09:52:28 [W] [manage-listenClient] 发送心跳
2026_07_30-09:52:33 [W] [manage-listenClient] 发送心跳
2026_07_30-09:52:38 [W] [manage-listenClient] 发送心跳
2026_07_30-09:52:43 [W] [manage-listenClient] 发送心跳
2026_07_30-09:52:48 [W] [manage-listenClient] 发送心跳
2026_07_30-09:52:53 [W] [manage-listenClient] 发送心跳
2026_07_30-09:52:53 [D] [client] disconnect from 192.168.10.1:8090
2026_07_30-09:52:53 [I] [client] socket close = 3
2026_07_30-09:52:53 [W] [manage-listenClient] 断联：开始释放资源
2026_07_30-09:52:53 [W] [manage-listenClient] ClientQue.front()->getClientID() = 1,CurClientID.load() = 0
2026_07_30-09:52:53 [I] [client] socket connect = 1 kConnecting = 0 kConnected = 1 kDisconnecting = 2 kDisconnected = 3
2026_07_30-09:52:53 [W] [manage-CreateClient] 需要创建client Index = 3
2026_07_30-09:52:53 [D] [<UNNAME>] Connection::kConnected
2026_07_30-09:52:54 [W] [analysis] RxFlg.store(1)---serial_number = 123 check_sn = 123
2026_07_30-09:52:54 [W] [analysis] cv通知下发---serial_number = 123 check_sn = 123
2026_07_30-09:52:54 [D] [manage-listenClient] 已经授权成功，重复验证授权码
2026_07_30-09:52:54 [D] [manage-listenClient] Random: bxMjTE..., VIN: HTWW312510A000123
2026_07_30-09:52:54 [I] [manage-listenClient] License verified successfully for VIN: HTWW312510A000123
2026_07_30-09:52:54 [D] [manage-listenClient] License valid until: 2026-10-15 10:12:20
2026_07_30-09:52:54 [I] [manage-listenClient] License verified successfully for expiry: 1A0A0F0A0C14
2026_07_30-09:52:58 [W] [manage-listenClient] 发送心跳
2026_07_30-09:53:03 [W] [manage-listenClient] 发送心跳
2026_07_30-09:53:08 [W] [manage-listenClient] 发送心跳
2026_07_30-09:53:13 [W] [manage-listenClient] 发送心跳
2026_07_30-09:53:18 [W] [manage-listenClient] 发送心跳
2026_07_30-09:53:23 [W] [manage-listenClient] 发送心跳
2026_07_30-09:53:29 [W] [manage-listenClient] 发送心跳
2026_07_30-09:53:34 [W] [manage-listenClient] 发送心跳
2026_07_30-09:53:39 [W] [manage-listenClient] 发送心跳
2026_07_30-09:53:44 [W] [manage-listenClient] 发送心跳
2026_07_30-09:53:49 [W] [manage-listenClient] 发送心跳
2026_07_30-09:53:54 [W] [manage-listenClient] 发送心跳
2026_07_30-09:53:59 [W] [manage-listenClient] 发送心跳
2026_07_30-09:54:04 [W] [manage-listenClient] 发送心跳
2026_07_30-09:54:09 [W] [manage-listenClient] 发送心跳
2026_07_30-09:54:14 [W] [manage-listenClient] 发送心跳
2026_07_30-09:54:19 [W] [manage-listenClient] 发送心跳
2026_07_30-09:54:24 [W] [manage-listenClient] 发送心跳
2026_07_30-09:54:29 [W] [manage-listenClient] 发送心跳
2026_07_30-09:54:34 [W] [manage-listenClient] 发送心跳
2026_07_30-09:54:39 [W] [manage-listenClient] 发送心跳
2026_07_30-09:54:44 [W] [manage-listenClient] 发送心跳
2026_07_30-09:54:49 [W] [manage-listenClient] 发送心跳
2026_07_30-09:54:54 [W] [manage-listenClient] 发送心跳
2026_07_30-09:54:59 [W] [manage-listenClient] 发送心跳
2026_07_30-09:55:04 [W] [manage-listenClient] 发送心跳
2026_07_30-09:55:09 [W] [manage-listenClient] 发送心跳
2026_07_30-09:55:14 [W] [manage-listenClient] 发送心跳
2026_07_30-09:55:19 [W] [manage-listenClient] 发送心跳
2026_07_30-09:55:24 [W] [manage-listenClient] 发送心跳
2026_07_30-09:55:29 [W] [manage-listenClient] 发送心跳
2026_07_30-09:55:34 [W] [manage-listenClient] 发送心跳
2026_07_30-09:55:39 [W] [manage-listenClient] 发送心跳
2026_07_30-09:55:44 [W] [manage-listenClient] 发送心跳
2026_07_30-09:55:49 [W] [manage-listenClient] 发送心跳
2026_07_30-09:55:54 [W] [manage-listenClient] 发送心跳
2026_07_30-09:55:59 [W] [manage-listenClient] 发送心跳
2026_07_30-09:56:04 [W] [manage-listenClient] 发送心跳
2026_07_30-09:56:09 [W] [manage-listenClient] 发送心跳
2026_07_30-09:56:14 [W] [manage-listenClient] 发送心跳
2026_07_30-09:56:19 [W] [manage-listenClient] 发送心跳
2026_07_30-09:56:24 [W] [manage-listenClient] 发送心跳
2026_07_30-09:56:29 [W] [manage-listenClient] 发送心跳
2026_07_30-09:56:34 [W] [manage-listenClient] 发送心跳
2026_07_30-09:56:39 [W] [manage-listenClient] 发送心跳
2026_07_30-09:56:44 [W] [manage-listenClient] 发送心跳
2026_07_30-09:56:49 [W] [manage-listenClient] 发送心跳
2026_07_30-09:56:54 [W] [manage-listenClient] 发送心跳
2026_07_30-09:56:59 [W] [manage-listenClient] 发送心跳
2026_07_30-09:57:04 [W] [manage-listenClient] 发送心跳
2026_07_30-09:57:09 [W] [manage-listenClient] 发送心跳
2026_07_30-09:57:14 [W] [manage-listenClient] 发送心跳
2026_07_30-09:57:19 [W] [manage-listenClient] 发送心跳
2026_07_30-09:57:24 [W] [manage-listenClient] 发送心跳
2026_07_30-09:57:29 [W] [manage-listenClient] 发送心跳
2026_07_30-09:57:34 [W] [manage-listenClient] 发送心跳
2026_07_30-09:57:39 [W] [manage-listenClient] 发送心跳
2026_07_30-09:57:44 [W] [manage-listenClient] 发送心跳
2026_07_30-09:57:49 [W] [manage-listenClient] 发送心跳
2026_07_30-09:57:54 [W] [manage-listenClient] 发送心跳
2026_07_30-09:57:59 [W] [manage-listenClient] 发送心跳
2026_07_30-09:58:04 [W] [manage-listenClient] 发送心跳
2026_07_30-09:58:09 [W] [manage-listenClient] 发送心跳
2026_07_30-09:58:14 [W] [manage-listenClient] 发送心跳
2026_07_30-09:58:19 [W] [manage-listenClient] 发送心跳
2026_07_30-09:58:24 [W] [manage-listenClient] 发送心跳
2026_07_30-09:58:29 [W] [manage-listenClient] 发送心跳
2026_07_30-09:58:34 [W] [manage-listenClient] 发送心跳
2026_07_30-09:58:39 [W] [manage-listenClient] 发送心跳
2026_07_30-09:58:44 [W] [manage-listenClient] 发送心跳
2026_07_30-09:58:49 [W] [manage-listenClient] 发送心跳
2026_07_30-09:58:54 [W] [manage-listenClient] 发送心跳
2026_07_30-09:58:59 [W] [manage-listenClient] 发送心跳
2026_07_30-09:59:04 [W] [manage-listenClient] 发送心跳
2026_07_30-09:59:09 [W] [manage-listenClient] 发送心跳
2026_07_30-09:59:14 [W] [manage-listenClient] 发送心跳
2026_07_30-09:59:19 [W] [manage-listenClient] 发送心跳
2026_07_30-09:59:24 [W] [manage-listenClient] 发送心跳
2026_07_30-09:59:29 [W] [manage-listenClient] 发送心跳
2026_07_30-09:59:34 [W] [manage-listenClient] 发送心跳
2026_07_30-09:59:39 [W] [manage-listenClient] 发送心跳
2026_07_30-09:59:44 [W] [manage-listenClient] 发送心跳
2026_07_30-09:59:49 [W] [manage-listenClient] 发送心跳
2026_07_30-09:59:54 [W] [manage-listenClient] 发送心跳
2026_07_30-09:59:59 [W] [manage-listenClient] 发送心跳
2026_07_30-10:00:04 [W] [manage-listenClient] 发送心跳
2026_07_30-10:00:09 [W] [manage-listenClient] 发送心跳
2026_07_30-10:00:14 [W] [manage-listenClient] 发送心跳
2026_07_30-10:00:19 [W] [manage-listenClient] 发送心跳
2026_07_30-10:00:24 [W] [manage-listenClient] 发送心跳
2026_07_30-10:00:29 [W] [manage-listenClient] 发送心跳
2026_07_30-10:00:34 [W] [manage-listenClient] 发送心跳
2026_07_30-10:00:39 [W] [manage-listenClient] 发送心跳
2026_07_30-10:00:44 [W] [manage-listenClient] 发送心跳
2026_07_30-10:00:49 [W] [manage-listenClient] 发送心跳
2026_07_30-10:00:54 [W] [manage-listenClient] 发送心跳
2026_07_30-10:00:59 [W] [manage-listenClient] 发送心跳
2026_07_30-10:01:04 [W] [manage-listenClient] 发送心跳
2026_07_30-10:01:09 [W] [manage-listenClient] 发送心跳
2026_07_30-10:01:14 [W] [manage-listenClient] 发送心跳
2026_07_30-10:01:19 [W] [manage-listenClient] 发送心跳
2026_07_30-10:01:24 [W] [manage-listenClient] 发送心跳
2026_07_30-10:01:29 [W] [manage-listenClient] 发送心跳
2026_07_30-10:01:34 [W] [manage-listenClient] 发送心跳
2026_07_30-10:01:39 [W] [manage-listenClient] 发送心跳
2026_07_30-10:01:44 [W] [manage-listenClient] 发送心跳
2026_07_30-10:01:49 [W] [manage-listenClient] 发送心跳
2026_07_30-10:01:54 [W] [manage-listenClient] 发送心跳
2026_07_30-10:01:59 [W] [manage-listenClient] 发送心跳
2026_07_30-10:02:04 [W] [manage-listenClient] 发送心跳
2026_07_30-10:02:09 [W] [manage-listenClient] 发送心跳
2026_07_30-10:02:14 [W] [manage-listenClient] 发送心跳
2026_07_30-10:02:19 [W] [manage-listenClient] 发送心跳
2026_07_30-10:02:24 [W] [manage-listenClient] 发送心跳
2026_07_30-10:02:29 [W] [manage-listenClient] 发送心跳
2026_07_30-10:02:34 [W] [manage-listenClient] 发送心跳
2026_07_30-10:02:39 [W] [manage-listenClient] 发送心跳
2026_07_30-10:02:44 [W] [manage-listenClient] 发送心跳
2026_07_30-10:02:50 [W] [manage-listenClient] 发送心跳
2026_07_30-10:02:53 [D] [client] disconnect from 192.168.10.1:8090
2026_07_30-10:02:53 [I] [client] socket close = 3
2026_07_30-10:02:54 [W] [manage-listenClient] 断联：开始释放资源
2026_07_30-10:02:54 [W] [manage-listenClient] ClientQue.front()->getClientID() = 2,CurClientID.load() = 1
2026_07_30-10:02:54 [I] [client] socket connect = 1 kConnecting = 0 kConnected = 1 kDisconnecting = 2 kDisconnected = 3
2026_07_30-10:02:54 [W] [manage-CreateClient] 需要创建client Index = 4
2026_07_30-10:02:54 [D] [<UNNAME>] Connection::kConnected
2026_07_30-10:02:54 [W] [analysis] RxFlg.store(1)---serial_number = 243 check_sn = 243
2026_07_30-10:02:54 [W] [analysis] cv通知下发---serial_number = 243 check_sn = 243
2026_07_30-10:02:54 [D] [manage-listenClient] 已经授权成功，重复验证授权码
2026_07_30-10:02:54 [D] [manage-listenClient] Random: bxMjTE..., VIN: HTWW312510A000123
2026_07_30-10:02:54 [I] [manage-listenClient] License verified successfully for VIN: HTWW312510A000123
2026_07_30-10:02:54 [D] [manage-listenClient] License valid until: 2026-10-15 10:12:20
2026_07_30-10:02:54 [I] [manage-listenClient] License verified successfully for expiry: 1A0A0F0A0C14
2026_07_30-10:02:55 [W] [manage-listenClient] 发送心跳
2026_07_30-10:03:00 [W] [manage-listenClient] 发送心跳
2026_07_30-10:03:05 [W] [manage-listenClient] 发送心跳
2026_07_30-10:03:10 [W] [manage-listenClient] 发送心跳
2026_07_30-10:03:15 [W] [manage-listenClient] 发送心跳
2026_07_30-10:03:20 [W] [manage-listenClient] 发送心跳
2026_07_30-10:03:25 [W] [manage-listenClient] 发送心跳
2026_07_30-10:03:30 [W] [manage-listenClient] 发送心跳
2026_07_30-10:03:35 [W] [manage-listenClient] 发送心跳
2026_07_30-10:03:40 [W] [manage-listenClient] 发送心跳
2026_07_30-10:03:45 [W] [manage-listenClient] 发送心跳
2026_07_30-10:03:50 [W] [manage-listenClient] 发送心跳
2026_07_30-10:03:55 [W] [manage-listenClient] 发送心跳
2026_07_30-10:04:00 [W] [manage-listenClient] 发送心跳
2026_07_30-10:04:05 [W] [manage-listenClient] 发送心跳
2026_07_30-10:04:10 [W] [manage-listenClient] 发送心跳
2026_07_30-10:04:15 [W] [manage-listenClient] 发送心跳
2026_07_30-10:04:20 [W] [manage-listenClient] 发送心跳
2026_07_30-10:04:25 [W] [manage-listenClient] 发送心跳
2026_07_30-10:04:30 [W] [manage-listenClient] 发送心跳
2026_07_30-10:04:35 [W] [manage-listenClient] 发送心跳
2026_07_30-10:04:40 [W] [manage-listenClient] 发送心跳
2026_07_30-10:04:45 [W] [manage-listenClient] 发送心跳
2026_07_30-10:04:50 [W] [manage-listenClient] 发送心跳
2026_07_30-10:04:55 [W] [manage-listenClient] 发送心跳
2026_07_30-10:05:00 [W] [manage-listenClient] 发送心跳
2026_07_30-10:05:05 [W] [manage-listenClient] 发送心跳
2026_07_30-10:05:10 [W] [manage-listenClient] 发送心跳
2026_07_30-10:05:15 [W] [manage-listenClient] 发送心跳
2026_07_30-10:05:20 [W] [manage-listenClient] 发送心跳
2026_07_30-10:05:25 [W] [manage-listenClient] 发送心跳
2026_07_30-10:05:30 [W] [manage-listenClient] 发送心跳
2026_07_30-10:05:35 [W] [manage-listenClient] 发送心跳
2026_07_30-10:05:40 [W] [manage-listenClient] 发送心跳
2026_07_30-10:05:45 [W] [manage-listenClient] 发送心跳
2026_07_30-10:05:50 [W] [manage-listenClient] 发送心跳
2026_07_30-10:05:55 [W] [manage-listenClient] 发送心跳
2026_07_30-10:06:00 [W] [manage-listenClient] 发送心跳
2026_07_30-10:06:05 [W] [manage-listenClient] 发送心跳
2026_07_30-10:06:10 [W] [manage-listenClient] 发送心跳
2026_07_30-10:06:15 [W] [manage-listenClient] 发送心跳
2026_07_30-10:06:20 [W] [manage-listenClient] 发送心跳
2026_07_30-10:06:25 [W] [manage-listenClient] 发送心跳
2026_07_30-10:06:30 [W] [manage-listenClient] 发送心跳
2026_07_30-10:06:35 [W] [manage-listenClient] 发送心跳
2026_07_30-10:06:40 [W] [manage-listenClient] 发送心跳
2026_07_30-10:06:45 [W] [manage-listenClient] 发送心跳
2026_07_30-10:06:50 [W] [manage-listenClient] 发送心跳
2026_07_30-10:06:55 [W] [manage-listenClient] 发送心跳
2026_07_30-10:07:00 [W] [manage-listenClient] 发送心跳
2026_07_30-10:07:05 [W] [manage-listenClient] 发送心跳
2026_07_30-10:07:10 [W] [manage-listenClient] 发送心跳
2026_07_30-10:07:15 [W] [manage-listenClient] 发送心跳
2026_07_30-10:07:20 [W] [manage-listenClient] 发送心跳
2026_07_30-10:07:25 [W] [manage-listenClient] 发送心跳
2026_07_30-10:07:30 [W] [manage-listenClient] 发送心跳
2026_07_30-10:07:35 [W] [manage-listenClient] 发送心跳
2026_07_30-10:07:40 [W] [manage-listenClient] 发送心跳
2026_07_30-10:07:45 [W] [manage-listenClient] 发送心跳
2026_07_30-10:07:50 [W] [manage-listenClient] 发送心跳
2026_07_30-10:07:55 [W] [manage-listenClient] 发送心跳
2026_07_30-10:08:00 [W] [manage-listenClient] 发送心跳
2026_07_30-10:08:05 [W] [manage-listenClient] 发送心跳
2026_07_30-10:08:10 [W] [manage-listenClient] 发送心跳
2026_07_30-10:08:15 [W] [manage-listenClient] 发送心跳
2026_07_30-10:08:20 [W] [manage-listenClient] 发送心跳
2026_07_30-10:08:25 [W] [manage-listenClient] 发送心跳
2026_07_30-10:08:30 [W] [manage-listenClient] 发送心跳
2026_07_30-10:08:35 [W] [manage-listenClient] 发送心跳
2026_07_30-10:08:40 [W] [manage-listenClient] 发送心跳
2026_07_30-10:08:45 [W] [manage-listenClient] 发送心跳
2026_07_30-10:08:50 [W] [manage-listenClient] 发送心跳
2026_07_30-10:08:55 [W] [manage-listenClient] 发送心跳
2026_07_30-10:09:00 [W] [manage-listenClient] 发送心跳
2026_07_30-10:09:05 [W] [manage-listenClient] 发送心跳
2026_07_30-10:09:10 [W] [manage-listenClient] 发送心跳
2026_07_30-10:09:15 [W] [manage-listenClient] 发送心跳
2026_07_30-10:09:20 [W] [manage-listenClient] 发送心跳
2026_07_30-10:09:25 [W] [manage-listenClient] 发送心跳
2026_07_30-10:09:30 [W] [manage-listenClient] 发送心跳
2026_07_30-10:09:35 [W] [manage-listenClient] 发送心跳
2026_07_30-10:09:40 [W] [manage-listenClient] 发送心跳
2026_07_30-10:09:45 [W] [manage-listenClient] 发送心跳
2026_07_30-10:09:50 [W] [manage-listenClient] 发送心跳
2026_07_30-10:09:55 [W] [manage-listenClient] 发送心跳
2026_07_30-10:10:00 [W] [manage-listenClient] 发送心跳
2026_07_30-10:10:05 [W] [manage-listenClient] 发送心跳
2026_07_30-10:10:10 [W] [manage-listenClient] 发送心跳
2026_07_30-10:10:15 [W] [manage-listenClient] 发送心跳
2026_07_30-10:10:20 [W] [manage-listenClient] 发送心跳
2026_07_30-10:10:25 [W] [manage-listenClient] 发送心跳
2026_07_30-10:10:30 [W] [manage-listenClient] 发送心跳
2026_07_30-10:10:35 [W] [manage-listenClient] 发送心跳
2026_07_30-10:10:40 [W] [manage-listenClient] 发送心跳
2026_07_30-10:10:45 [W] [manage-listenClient] 发送心跳
2026_07_30-10:10:50 [W] [manage-listenClient] 发送心跳
2026_07_30-10:10:55 [W] [manage-listenClient] 发送心跳
2026_07_30-10:11:00 [W] [manage-listenClient] 发送心跳
2026_07_30-10:11:05 [W] [manage-listenClient] 发送心跳
2026_07_30-10:11:10 [W] [manage-listenClient] 发送心跳
2026_07_30-10:11:15 [W] [manage-listenClient] 发送心跳
2026_07_30-10:11:20 [W] [manage-listenClient] 发送心跳
2026_07_30-10:11:25 [W] [manage-listenClient] 发送心跳
2026_07_30-10:11:30 [W] [manage-listenClient] 发送心跳
2026_07_30-10:11:35 [W] [manage-listenClient] 发送心跳
2026_07_30-10:11:40 [W] [manage-listenClient] 发送心跳
2026_07_30-10:11:45 [W] [manage-listenClient] 发送心跳
2026_07_30-10:11:50 [W] [manage-listenClient] 发送心跳
2026_07_30-10:11:55 [W] [manage-listenClient] 发送心跳
2026_07_30-10:12:00 [W] [manage-listenClient] 发送心跳
2026_07_30-10:12:05 [W] [manage-listenClient] 发送心跳
2026_07_30-10:12:10 [W] [manage-listenClient] 发送心跳
2026_07_30-10:12:15 [W] [manage-listenClient] 发送心跳
2026_07_30-10:12:20 [W] [manage-listenClient] 发送心跳
2026_07_30-10:12:25 [W] [manage-listenClient] 发送心跳
2026_07_30-10:12:30 [W] [manage-listenClient] 发送心跳
2026_07_30-10:12:35 [W] [manage-listenClient] 发送心跳
2026_07_30-10:12:40 [W] [manage-listenClient] 发送心跳
2026_07_30-10:12:45 [W] [manage-listenClient] 发送心跳
2026_07_30-10:12:50 [W] [manage-listenClient] 发送心跳
2026_07_30-10:12:54 [D] [client] disconnect from 192.168.10.1:8090
2026_07_30-10:12:54 [I] [client] socket close = 3
2026_07_30-10:12:54 [W] [manage-listenClient] 断联：开始释放资源
2026_07_30-10:12:54 [W] [manage-listenClient] ClientQue.front()->getClientID() = 3,CurClientID.load() = 2
2026_07_30-10:12:54 [I] [client] socket connect = 1 kConnecting = 0 kConnected = 1 kDisconnecting = 2 kDisconnected = 3
2026_07_30-10:12:54 [W] [manage-CreateClient] 需要创建client Index = 5
2026_07_30-10:12:54 [D] [<UNNAME>] Connection::kConnected
2026_07_30-10:12:54 [W] [analysis] RxFlg.store(1)---serial_number = 364 check_sn = 364
2026_07_30-10:12:54 [W] [analysis] cv通知下发---serial_number = 364 check_sn = 364
2026_07_30-10:12:54 [D] [manage-listenClient] 已经授权成功，重复验证授权码
2026_07_30-10:12:54 [D] [manage-listenClient] Random: bxMjTE..., VIN: HTWW312510A000123
2026_07_30-10:12:54 [I] [manage-listenClient] License verified successfully for VIN: HTWW312510A000123
2026_07_30-10:12:54 [D] [manage-listenClient] License valid until: 2026-10-15 10:12:20
2026_07_30-10:12:54 [I] [manage-listenClient] License verified successfully for expiry: 1A0A0F0A0C14
2026_07_30-10:12:55 [W] [manage-listenClient] 发送心跳
2026_07_30-10:13:00 [W] [manage-listenClient] 发送心跳
2026_07_30-10:13:05 [W] [manage-listenClient] 发送心跳
2026_07_30-10:13:10 [W] [manage-listenClient] 发送心跳
2026_07_30-10:13:15 [W] [manage-listenClient] 发送心跳
2026_07_30-10:13:20 [W] [manage-listenClient] 发送心跳
2026_07_30-10:13:25 [W] [manage-listenClient] 发送心跳
2026_07_30-10:13:30 [W] [manage-listenClient] 发送心跳
2026_07_30-10:13:35 [W] [manage-listenClient] 发送心跳
2026_07_30-10:13:41 [W] [manage-listenClient] 发送心跳
2026_07_30-10:13:46 [W] [manage-listenClient] 发送心跳
2026_07_30-10:13:51 [W] [manage-listenClient] 发送心跳
2026_07_30-10:13:56 [W] [manage-listenClient] 发送心跳
2026_07_30-10:14:01 [W] [manage-listenClient] 发送心跳
2026_07_30-10:14:06 [W] [manage-listenClient] 发送心跳
2026_07_30-10:14:11 [W] [manage-listenClient] 发送心跳
2026_07_30-10:14:15 [W] [manage-listenClient] 发送心跳
2026_07_30-10:14:20 [W] [manage-listenClient] 发送心跳
2026_07_30-10:14:25 [W] [manage-listenClient] 发送心跳
2026_07_30-10:14:30 [W] [manage-listenClient] 发送心跳
2026_07_30-10:14:35 [W] [manage-listenClient] 发送心跳
2026_07_30-10:14:40 [W] [manage-listenClient] 发送心跳
2026_07_30-10:14:45 [W] [manage-listenClient] 发送心跳
2026_07_30-10:14:51 [W] [manage-listenClient] 发送心跳
2026_07_30-10:14:56 [W] [manage-listenClient] 发送心跳
2026_07_30-10:15:01 [W] [manage-listenClient] 发送心跳
2026_07_30-10:15:06 [W] [manage-listenClient] 发送心跳
2026_07_30-10:15:11 [W] [manage-listenClient] 发送心跳
2026_07_30-10:15:16 [W] [manage-listenClient] 发送心跳
2026_07_30-10:15:20 [W] [manage-listenClient] 发送心跳
2026_07_30-10:15:25 [W] [manage-listenClient] 发送心跳
2026_07_30-10:15:30 [W] [manage-listenClient] 发送心跳
2026_07_30-10:15:35 [W] [manage-listenClient] 发送心跳
2026_07_30-10:15:40 [W] [manage-listenClient] 发送心跳
2026_07_30-10:15:45 [W] [manage-listenClient] 发送心跳
2026_07_30-10:15:50 [W] [manage-listenClient] 发送心跳
2026_07_30-10:15:56 [W] [manage-listenClient] 发送心跳
2026_07_30-10:16:01 [W] [manage-listenClient] 发送心跳
2026_07_30-10:16:06 [W] [manage-listenClient] 发送心跳
2026_07_30-10:16:11 [W] [manage-listenClient] 发送心跳
2026_07_30-10:16:16 [W] [manage-listenClient] 发送心跳
2026_07_30-10:16:21 [W] [manage-listenClient] 发送心跳
2026_07_30-10:16:26 [W] [manage-listenClient] 发送心跳
2026_07_30-10:16:31 [W] [manage-listenClient] 发送心跳
2026_07_30-10:16:36 [W] [manage-listenClient] 发送心跳
2026_07_30-10:16:41 [W] [manage-listenClient] 发送心跳
2026_07_30-10:16:46 [W] [manage-listenClient] 发送心跳
2026_07_30-10:16:51 [W] [manage-listenClient] 发送心跳
2026_07_30-10:16:56 [W] [manage-listenClient] 发送心跳
2026_07_30-10:17:01 [W] [manage-listenClient] 发送心跳
2026_07_30-10:17:06 [W] [manage-listenClient] 发送心跳
2026_07_30-10:17:11 [W] [manage-listenClient] 发送心跳
2026_07_30-10:17:16 [W] [manage-listenClient] 发送心跳
2026_07_30-10:17:21 [W] [manage-listenClient] 发送心跳
2026_07_30-10:17:26 [W] [manage-listenClient] 发送心跳
2026_07_30-10:17:31 [W] [manage-listenClient] 发送心跳
2026_07_30-10:17:36 [W] [manage-listenClient] 发送心跳
2026_07_30-10:17:41 [W] [manage-listenClient] 发送心跳
2026_07_30-10:17:46 [W] [manage-listenClient] 发送心跳
2026_07_30-10:17:51 [W] [manage-listenClient] 发送心跳
2026_07_30-10:17:56 [W] [manage-listenClient] 发送心跳
2026_07_30-10:18:01 [W] [manage-listenClient] 发送心跳
2026_07_30-10:18:06 [W] [manage-listenClient] 发送心跳
2026_07_30-10:18:11 [W] [manage-listenClient] 发送心跳
2026_07_30-10:18:16 [W] [manage-listenClient] 发送心跳
2026_07_30-10:18:21 [W] [manage-listenClient] 发送心跳
2026_07_30-10:18:26 [W] [manage-listenClient] 发送心跳
2026_07_30-10:18:31 [W] [manage-listenClient] 发送心跳
2026_07_30-10:18:36 [W] [manage-listenClient] 发送心跳
2026_07_30-10:18:41 [W] [manage-listenClient] 发送心跳
2026_07_30-10:18:46 [W] [manage-listenClient] 发送心跳
2026_07_30-10:18:51 [W] [manage-listenClient] 发送心跳
2026_07_30-10:18:56 [W] [manage-listenClient] 发送心跳
2026_07_30-10:19:01 [W] [manage-listenClient] 发送心跳
2026_07_30-10:19:06 [W] [manage-listenClient] 发送心跳
2026_07_30-10:19:11 [W] [manage-listenClient] 发送心跳
2026_07_30-10:19:16 [W] [manage-listenClient] 发送心跳
2026_07_30-10:19:21 [W] [manage-listenClient] 发送心跳
2026_07_30-10:19:26 [W] [manage-listenClient] 发送心跳
2026_07_30-10:19:31 [W] [manage-listenClient] 发送心跳
2026_07_30-10:19:36 [W] [manage-listenClient] 发送心跳
2026_07_30-10:19:41 [W] [manage-listenClient] 发送心跳
2026_07_30-10:19:46 [W] [manage-listenClient] 发送心跳
2026_07_30-10:19:51 [W] [manage-listenClient] 发送心跳
2026_07_30-10:19:56 [W] [manage-listenClient] 发送心跳
2026_07_30-10:20:01 [W] [manage-listenClient] 发送心跳
2026_07_30-10:20:06 [W] [manage-listenClient] 发送心跳
2026_07_30-10:20:11 [W] [manage-listenClient] 发送心跳
2026_07_30-10:20:16 [W] [manage-listenClient] 发送心跳
2026_07_30-10:20:21 [W] [manage-listenClient] 发送心跳
2026_07_30-10:20:26 [W] [manage-listenClient] 发送心跳
2026_07_30-10:20:31 [W] [manage-listenClient] 发送心跳
2026_07_30-10:20:36 [W] [manage-listenClient] 发送心跳
2026_07_30-10:20:41 [W] [manage-listenClient] 发送心跳
2026_07_30-10:20:46 [W] [manage-listenClient] 发送心跳
2026_07_30-10:20:51 [W] [manage-listenClient] 发送心跳
2026_07_30-10:20:56 [W] [manage-listenClient] 发送心跳
2026_07_30-10:21:01 [W] [manage-listenClient] 发送心跳
2026_07_30-10:21:06 [W] [manage-listenClient] 发送心跳
2026_07_30-10:21:11 [W] [manage-listenClient] 发送心跳
2026_07_30-10:21:16 [W] [manage-listenClient] 发送心跳
2026_07_30-10:21:21 [W] [manage-listenClient] 发送心跳
2026_07_30-10:21:26 [W] [manage-listenClient] 发送心跳
2026_07_30-10:21:31 [W] [manage-listenClient] 发送心跳
2026_07_30-10:21:36 [W] [manage-listenClient] 发送心跳
2026_07_30-10:21:41 [W] [manage-listenClient] 发送心跳
2026_07_30-10:21:46 [W] [manage-listenClient] 发送心跳
2026_07_30-10:21:51 [W] [manage-listenClient] 发送心跳
2026_07_30-10:21:56 [W] [manage-listenClient] 发送心跳
2026_07_30-10:22:01 [W] [manage-listenClient] 发送心跳
2026_07_30-10:22:06 [W] [manage-listenClient] 发送心跳
2026_07_30-10:22:11 [W] [manage-listenClient] 发送心跳
2026_07_30-10:22:16 [W] [manage-listenClient] 发送心跳
2026_07_30-10:22:21 [W] [manage-listenClient] 发送心跳
2026_07_30-10:22:26 [W] [manage-listenClient] 发送心跳
2026_07_30-10:22:31 [W] [manage-listenClient] 发送心跳
2026_07_30-10:22:36 [W] [manage-listenClient] 发送心跳
2026_07_30-10:22:41 [W] [manage-listenClient] 发送心跳
2026_07_30-10:22:46 [W] [manage-listenClient] 发送心跳
2026_07_30-10:22:51 [W] [manage-listenClient] 发送心跳
2026_07_30-10:22:54 [D] [client] disconnect from 192.168.10.1:8090
2026_07_30-10:22:54 [I] [client] socket close = 3
2026_07_30-10:22:54 [W] [manage-listenClient] 断联：开始释放资源
2026_07_30-10:22:54 [W] [manage-listenClient] ClientQue.front()->getClientID() = 4,CurClientID.load() = 3
2026_07_30-10:22:54 [I] [client] socket connect = 1 kConnecting = 0 kConnected = 1 kDisconnecting = 2 kDisconnected = 3
2026_07_30-10:22:54 [W] [manage-CreateClient] 需要创建client Index = 6
2026_07_30-10:22:54 [D] [<UNNAME>] Connection::kConnected
2026_07_30-10:22:55 [W] [analysis] RxFlg.store(1)---serial_number = 485 check_sn = 485
2026_07_30-10:22:55 [W] [analysis] cv通知下发---serial_number = 485 check_sn = 485
2026_07_30-10:22:55 [D] [manage-listenClient] 已经授权成功，重复验证授权码
2026_07_30-10:22:55 [D] [manage-listenClient] Random: bxMjTE..., VIN: HTWW312510A000123
2026_07_30-10:22:55 [I] [manage-listenClient] License verified successfully for VIN: HTWW312510A000123
2026_07_30-10:22:55 [D] [manage-listenClient] License valid until: 2026-10-15 10:12:20
2026_07_30-10:22:55 [I] [manage-listenClient] License verified successfully for expiry: 1A0A0F0A0C14
2026_07_30-10:22:56 [W] [manage-listenClient] 发送心跳
2026_07_30-10:23:01 [W] [manage-listenClient] 发送心跳
2026_07_30-10:23:06 [W] [manage-listenClient] 发送心跳
2026_07_30-10:23:11 [W] [manage-listenClient] 发送心跳
2026_07_30-10:23:16 [W] [manage-listenClient] 发送心跳
2026_07_30-10:23:21 [W] [manage-listenClient] 发送心跳
2026_07_30-10:23:26 [W] [manage-listenClient] 发送心跳
2026_07_30-10:23:31 [W] [manage-listenClient] 发送心跳
2026_07_30-10:23:36 [W] [manage-listenClient] 发送心跳
2026_07_30-10:23:41 [W] [manage-listenClient] 发送心跳
2026_07_30-10:23:46 [W] [manage-listenClient] 发送心跳
2026_07_30-10:23:51 [W] [manage-listenClient] 发送心跳
2026_07_30-10:23:56 [W] [manage-listenClient] 发送心跳
2026_07_30-10:24:01 [W] [manage-listenClient] 发送心跳
2026_07_30-10:24:06 [W] [manage-listenClient] 发送心跳
2026_07_30-10:24:11 [W] [manage-listenClient] 发送心跳
2026_07_30-10:24:16 [W] [manage-listenClient] 发送心跳
2026_07_30-10:24:21 [W] [manage-listenClient] 发送心跳
2026_07_30-10:24:26 [W] [manage-listenClient] 发送心跳
2026_07_30-10:24:31 [W] [manage-listenClient] 发送心跳
2026_07_30-10:24:36 [W] [manage-listenClient] 发送心跳
2026_07_30-10:24:41 [W] [manage-listenClient] 发送心跳
2026_07_30-10:24:46 [W] [manage-listenClient] 发送心跳
2026_07_30-10:24:51 [W] [manage-listenClient] 发送心跳
2026_07_30-10:24:56 [W] [manage-listenClient] 发送心跳
2026_07_30-10:25:01 [W] [manage-listenClient] 发送心跳
2026_07_30-10:25:06 [W] [manage-listenClient] 发送心跳
2026_07_30-10:25:11 [W] [manage-listenClient] 发送心跳
2026_07_30-10:25:16 [W] [manage-listenClient] 发送心跳
2026_07_30-10:25:21 [W] [manage-listenClient] 发送心跳
2026_07_30-10:25:26 [W] [manage-listenClient] 发送心跳
2026_07_30-10:25:31 [W] [manage-listenClient] 发送心跳
2026_07_30-10:25:36 [W] [manage-listenClient] 发送心跳
2026_07_30-10:25:41 [W] [manage-listenClient] 发送心跳
2026_07_30-10:25:46 [W] [manage-listenClient] 发送心跳
2026_07_30-10:25:51 [W] [manage-listenClient] 发送心跳
2026_07_30-10:25:56 [W] [manage-listenClient] 发送心跳
2026_07_30-10:26:01 [W] [manage-listenClient] 发送心跳
2026_07_30-10:26:06 [W] [manage-listenClient] 发送心跳
2026_07_30-10:26:11 [W] [manage-listenClient] 发送心跳
2026_07_30-10:26:16 [W] [manage-listenClient] 发送心跳
2026_07_30-10:26:21 [W] [manage-listenClient] 发送心跳
2026_07_30-10:26:26 [W] [manage-listenClient] 发送心跳
2026_07_30-10:26:31 [W] [manage-listenClient] 发送心跳
2026_07_30-10:26:36 [W] [manage-listenClient] 发送心跳
2026_07_30-10:26:41 [W] [manage-listenClient] 发送心跳
2026_07_30-10:26:46 [W] [manage-listenClient] 发送心跳
2026_07_30-10:26:51 [W] [manage-listenClient] 发送心跳
2026_07_30-10:26:56 [W] [manage-listenClient] 发送心跳
2026_07_30-10:27:01 [W] [manage-listenClient] 发送心跳
2026_07_30-10:27:06 [W] [manage-listenClient] 发送心跳
2026_07_30-10:27:11 [W] [manage-listenClient] 发送心跳
2026_07_30-10:27:16 [W] [manage-listenClient] 发送心跳
2026_07_30-10:27:21 [W] [manage-listenClient] 发送心跳
2026_07_30-10:27:26 [W] [manage-listenClient] 发送心跳
2026_07_30-10:27:31 [W] [manage-listenClient] 发送心跳
2026_07_30-10:27:36 [W] [manage-listenClient] 发送心跳
2026_07_30-10:27:41 [W] [manage-listenClient] 发送心跳
2026_07_30-10:27:46 [W] [manage-listenClient] 发送心跳
2026_07_30-10:27:51 [W] [manage-listenClient] 发送心跳
2026_07_30-10:27:56 [W] [manage-listenClient] 发送心跳
2026_07_30-10:28:01 [W] [manage-listenClient] 发送心跳
2026_07_30-10:28:06 [W] [manage-listenClient] 发送心跳
2026_07_30-10:28:11 [W] [manage-listenClient] 发送心跳
2026_07_30-10:28:16 [W] [manage-listenClient] 发送心跳
2026_07_30-10:28:21 [W] [manage-listenClient] 发送心跳
2026_07_30-10:28:26 [W] [manage-listenClient] 发送心跳
2026_07_30-10:28:31 [W] [manage-listenClient] 发送心跳
2026_07_30-10:28:36 [W] [manage-listenClient] 发送心跳
2026_07_30-10:28:41 [W] [manage-listenClient] 发送心跳
2026_07_30-10:28:46 [W] [manage-listenClient] 发送心跳
2026_07_30-10:28:51 [W] [manage-listenClient] 发送心跳
2026_07_30-10:28:56 [W] [manage-listenClient] 发送心跳
2026_07_30-10:29:01 [W] [manage-listenClient] 发送心跳
2026_07_30-10:29:06 [W] [manage-listenClient] 发送心跳
2026_07_30-10:29:11 [W] [manage-listenClient] 发送心跳
2026_07_30-10:29:16 [W] [manage-listenClient] 发送心跳
2026_07_30-10:29:19 [D] [<UNNAME>] Connection::kConnected
2026_07_30-10:29:20 [W] [analysis] RxFlg.store(1)---serial_number = 563 check_sn = 563
2026_07_30-10:29:20 [W] [analysis] cv通知下发---serial_number = 563 check_sn = 563
2026_07_30-10:29:20 [D] [<UNNAME>] linear_speed=0.000000, angular_speed=0.000000, iscanmove=0
2026_07_30-10:29:20 [D] [<UNNAME>] Connection::kConnected
2026_07_30-10:29:20 [W] [analysis] RxFlg.store(1)---serial_number = 564 check_sn = 564
2026_07_30-10:29:20 [W] [analysis] cv通知下发---serial_number = 564 check_sn = 564
2026_07_30-10:29:20 [D] [<UNNAME>] brake_ctrl=0
