2026_07_30-17:19:13 [D] [<UNNAME>] start init ...
2026_07_30-17:19:13 [D] [<UNNAME>] gmrL3NIiUe7mk2Gv/LbZv6yPs4w+JnpQgKIKDn8/FR/nYMKfKnR93t2jd9VY4qaRhwq9bJUmJ9BN4RYuKnOxUfY=
2026_07_30-17:19:13 [I] [client] socket connect = 1 kConnecting = 0 kConnected = 1 kDisconnecting = 2 kDisconnected = 3
2026_07_30-17:19:13 [W] [manage-CreateClient] 需要创建client Index = 1
2026_07_30-17:19:13 [D] [<UNNAME>] Connection::kConnected
2026_07_30-17:19:13 [W] [analysis] RxFlg.store(1)---serial_number = 0 check_sn = 0
2026_07_30-17:19:13 [W] [analysis] cv通知下发---serial_number = 0 check_sn = 0
2026_07_30-17:19:13 [E] [analysis] [auth=0]:未授权
2026_07_30-17:19:13 [D] [manage-listenClient] 还未授权成功，请求中
2026_07_30-17:19:13 [D] [<UNNAME>] Connection::kConnected
2026_07_30-17:19:13 [W] [manage-CreateClient] 需要创建client Index = 2
2026_07_30-17:19:13 [W] [analysis] RxFlg.store(1)---serial_number = 1 check_sn = 1
2026_07_30-17:19:13 [W] [analysis] cv通知下发---serial_number = 1 check_sn = 1
2026_07_30-17:19:13 [D] [manage-listenClient] Random: bxMjTE..., VIN: HTWW312510A000123
2026_07_30-17:19:13 [I] [manage-listenClient] License verified successfully for VIN: HTWW312510A000123
2026_07_30-17:19:13 [D] [manage-listenClient] License valid until: 2026-10-15 10:12:20
2026_07_30-17:19:13 [I] [manage-listenClient] License verified successfully for expiry: 1A0A0F0A0C14
2026_07_30-17:19:13 [D] [<UNNAME>] Connection::kConnected
2026_07_30-17:19:14 [W] [analysis] RxFlg.store(1)---serial_number = 2 check_sn = 2
2026_07_30-17:19:14 [W] [analysis] cv通知下发---serial_number = 2 check_sn = 2
2026_07_30-17:19:14 [D] [<UNNAME>] brake_ctrl=1
2026_07_30-17:19:18 [W] [manage-listenClient] 发送心跳
2026_07_30-17:19:23 [W] [manage-listenClient] 发送心跳
2026_07_30-17:19:28 [W] [manage-listenClient] 发送心跳
2026_07_30-17:19:33 [W] [manage-listenClient] 发送心跳
2026_07_30-17:19:38 [W] [manage-listenClient] 发送心跳
2026_07_30-17:19:43 [W] [manage-listenClient] 发送心跳
2026_07_30-17:19:48 [W] [manage-listenClient] 发送心跳
2026_07_30-17:19:53 [W] [manage-listenClient] 发送心跳
2026_07_30-17:19:58 [W] [manage-listenClient] 发送心跳
2026_07_30-17:20:03 [W] [manage-listenClient] 发送心跳
2026_07_30-17:20:08 [W] [manage-listenClient] 发送心跳
2026_07_30-17:20:13 [W] [manage-listenClient] 发送心跳
2026_07_30-17:20:18 [W] [manage-listenClient] 发送心跳
2026_07_30-17:20:23 [W] [manage-listenClient] 发送心跳
2026_07_30-17:20:28 [W] [manage-listenClient] 发送心跳
2026_07_30-17:20:33 [W] [manage-listenClient] 发送心跳
2026_07_30-17:20:38 [W] [manage-listenClient] 发送心跳
2026_07_30-17:20:43 [W] [manage-listenClient] 发送心跳
2026_07_30-17:20:48 [W] [manage-listenClient] 发送心跳
2026_07_30-17:20:53 [W] [manage-listenClient] 发送心跳
2026_07_30-17:20:58 [W] [manage-listenClient] 发送心跳
2026_07_30-17:21:03 [W] [manage-listenClient] 发送心跳
2026_07_30-17:21:08 [W] [manage-listenClient] 发送心跳
2026_07_30-17:21:13 [W] [manage-listenClient] 发送心跳
2026_07_30-17:21:18 [W] [manage-listenClient] 发送心跳
2026_07_30-17:21:23 [W] [manage-listenClient] 发送心跳
2026_07_30-17:21:28 [W] [manage-listenClient] 发送心跳
2026_07_30-17:21:33 [W] [manage-listenClient] 发送心跳
2026_07_30-17:21:38 [W] [manage-listenClient] 发送心跳
2026_07_30-17:21:43 [W] [manage-listenClient] 发送心跳
2026_07_30-17:21:48 [W] [manage-listenClient] 发送心跳
2026_07_30-17:21:53 [W] [manage-listenClient] 发送心跳
2026_07_30-17:21:57 [W] [manage-listenClient] 发送心跳
2026_07_30-17:22:02 [W] [manage-listenClient] 发送心跳
2026_07_30-17:22:07 [W] [manage-listenClient] 发送心跳
2026_07_30-17:22:12 [W] [manage-listenClient] 发送心跳
2026_07_30-17:22:17 [W] [manage-listenClient] 发送心跳
2026_07_30-17:22:22 [W] [manage-listenClient] 发送心跳
2026_07_30-17:22:28 [W] [manage-listenClient] 发送心跳
2026_07_30-17:22:33 [W] [manage-listenClient] 发送心跳
2026_07_30-17:22:38 [W] [manage-listenClient] 发送心跳
2026_07_30-17:22:43 [W] [manage-listenClient] 发送心跳
2026_07_30-17:22:48 [W] [manage-listenClient] 发送心跳
2026_07_30-17:22:53 [W] [manage-listenClient] 发送心跳
2026_07_30-17:22:58 [W] [manage-listenClient] 发送心跳
2026_07_30-17:23:03 [W] [manage-listenClient] 发送心跳
2026_07_30-17:23:08 [W] [manage-listenClient] 发送心跳
2026_07_30-17:23:13 [W] [manage-listenClient] 发送心跳
2026_07_30-17:23:14 [D] [<UNNAME>] Connection::kConnected
2026_07_30-17:23:14 [W] [analysis] RxFlg.store(1)---serial_number = 51 check_sn = 51
2026_07_30-17:23:14 [W] [analysis] cv通知下发---serial_number = 51 check_sn = 51
2026_07_30-17:23:14 [D] [<UNNAME>] linear_speed=0.000000, angular_speed=0.000000, iscanmove=0
2026_07_30-17:23:14 [D] [<UNNAME>] Connection::kConnected
2026_07_30-17:23:14 [W] [analysis] RxFlg.store(1)---serial_number = 52 check_sn = 52
2026_07_30-17:23:14 [W] [analysis] cv通知下发---serial_number = 52 check_sn = 52
2026_07_30-17:23:14 [D] [<UNNAME>] brake_ctrl=0
