2026_08_03-16:12:41 [D] [<UNNAME>] start init ...
2026_08_03-16:12:41 [D] [<UNNAME>] gmrL3NIiUe7mk2Gv/LbZv6yPs4w+JnpQgKIKDn8/FR/nYMKfKnR93t2jd9VY4qaRhwq9bJUmJ9BN4RYuKnOxUfY=
2026_08_03-16:12:41 [I] [client] socket connect = 1 kConnecting = 0 kConnected = 1 kDisconnecting = 2 kDisconnected = 3
2026_08_03-16:12:41 [W] [manage-CreateClient] 需要创建client Index = 1
2026_08_03-16:12:41 [D] [<UNNAME>] Connection::kConnected
2026_08_03-16:12:42 [W] [analysis] RxFlg.store(1)---serial_number = 0 check_sn = 0
2026_08_03-16:12:42 [W] [analysis] cv通知下发---serial_number = 0 check_sn = 0
2026_08_03-16:12:42 [E] [analysis] [auth=0]:未授权
2026_08_03-16:12:42 [E] [analysis] [auth=0]:未授权
2026_08_03-16:12:42 [D] [manage-listenClient] 还未授权成功，请求中
2026_08_03-16:12:42 [D] [<UNNAME>] Connection::kConnected
2026_08_03-16:12:42 [W] [manage-CreateClient] 需要创建client Index = 2
2026_08_03-16:12:42 [W] [analysis] RxFlg.store(1)---serial_number = 1 check_sn = 1
2026_08_03-16:12:42 [W] [analysis] cv通知下发---serial_number = 1 check_sn = 1
2026_08_03-16:12:42 [D] [manage-listenClient] Random: bxMjTE..., VIN: HTWW312510A000123
2026_08_03-16:12:42 [I] [manage-listenClient] License verified successfully for VIN: HTWW312510A000123
2026_08_03-16:12:42 [D] [manage-listenClient] License valid until: 2026-10-15 10:12:20
2026_08_03-16:12:42 [I] [manage-listenClient] License verified successfully for expiry: 1A0A0F0A0C14
2026_08_03-16:12:42 [D] [<UNNAME>] Connection::kConnected
2026_08_03-16:12:42 [W] [analysis] RxFlg.store(1)---serial_number = 2 check_sn = 2
2026_08_03-16:12:42 [W] [analysis] cv通知下发---serial_number = 2 check_sn = 2
2026_08_03-16:12:42 [D] [<UNNAME>] brake_ctrl=1
2026_08_03-16:12:46 [W] [manage-listenClient] 发送心跳
2026_08_03-16:12:51 [W] [manage-listenClient] 发送心跳
2026_08_03-16:12:56 [W] [manage-listenClient] 发送心跳
2026_08_03-16:13:01 [W] [manage-listenClient] 发送心跳
2026_08_03-16:13:06 [W] [manage-listenClient] 发送心跳
2026_08_03-16:13:12 [W] [manage-listenClient] 发送心跳
2026_08_03-16:13:17 [W] [manage-listenClient] 发送心跳
2026_08_03-16:13:22 [W] [manage-listenClient] 发送心跳
2026_08_03-16:13:27 [W] [manage-listenClient] 发送心跳
2026_08_03-16:13:32 [W] [manage-listenClient] 发送心跳
2026_08_03-16:13:37 [W] [manage-listenClient] 发送心跳
2026_08_03-16:13:42 [W] [manage-listenClient] 发送心跳
2026_08_03-16:13:47 [W] [manage-listenClient] 发送心跳
2026_08_03-16:13:52 [W] [manage-listenClient] 发送心跳
2026_08_03-16:13:57 [W] [manage-listenClient] 发送心跳
2026_08_03-16:14:02 [W] [manage-listenClient] 发送心跳
2026_08_03-16:14:07 [W] [manage-listenClient] 发送心跳
2026_08_03-16:14:12 [W] [manage-listenClient] 发送心跳
2026_08_03-16:14:17 [W] [manage-listenClient] 发送心跳
2026_08_03-16:14:21 [W] [manage-listenClient] 发送心跳
2026_08_03-16:14:26 [W] [manage-listenClient] 发送心跳
2026_08_03-16:14:31 [W] [manage-listenClient] 发送心跳
2026_08_03-16:14:36 [W] [manage-listenClient] 发送心跳
2026_08_03-16:14:41 [W] [manage-listenClient] 发送心跳
2026_08_03-16:14:46 [W] [manage-listenClient] 发送心跳
2026_08_03-16:14:51 [W] [manage-listenClient] 发送心跳
2026_08_03-16:14:56 [W] [manage-listenClient] 发送心跳
2026_08_03-16:15:01 [W] [manage-listenClient] 发送心跳
2026_08_03-16:15:06 [W] [manage-listenClient] 发送心跳
2026_08_03-16:15:11 [W] [manage-listenClient] 发送心跳
2026_08_03-16:15:14 [D] [<UNNAME>] Connection::kConnected
2026_08_03-16:15:15 [W] [analysis] RxFlg.store(1)---serial_number = 33 check_sn = 33
2026_08_03-16:15:15 [W] [analysis] cv通知下发---serial_number = 33 check_sn = 33
2026_08_03-16:15:15 [D] [<UNNAME>] linear_speed=0.000000, angular_speed=0.000000, iscanmove=0
2026_08_03-16:15:15 [D] [<UNNAME>] Connection::kConnected
2026_08_03-16:15:15 [W] [analysis] RxFlg.store(1)---serial_number = 34 check_sn = 34
2026_08_03-16:15:15 [W] [analysis] cv通知下发---serial_number = 34 check_sn = 34
2026_08_03-16:15:15 [D] [<UNNAME>] brake_ctrl=0
